============================= test session starts =============================
platform win32 -- Python 3.12.10, pytest-9.0.2, pluggy-1.6.0
rootdir: C:\Git\Agentic-Workflow
configfile: pytest.ini (WARNING: ignoring pytest config in pyproject.toml!)
plugins: anyio-4.12.1, dash-4.1.0, hypothesis-6.151.10, asyncio-1.3.0, cov-7.0.0, rerunfailures-16.1, testmon-2.2.0, timeout-2.4.0, xdist-3.8.0
asyncio: mode=Mode.STRICT, debug=False, asyncio_default_fixture_loop_scope=None, asyncio_default_test_loop_scope=function
collected 5368 items / 10 errors / 7 skipped

tests\unit\agentic_core\L0_routing\config\test_path_constants.py ....... [  0%]
..                                                                       [  0%]
tests\unit\agentic_core\L0_routing\config\test_structure_blueprint_data_adg.py . [  0%]
..                                                                       [  0%]
tests\unit\agentic_core\L0_routing\core\test_manifest_analysis.py ...    [  0%]
tests\unit\agentic_core\L0_routing\enforcement\test___init___adg.py ..   [  0%]
tests\unit\agentic_core\L0_routing\enforcement\test_boot_sequence_adg.py . [  0%]
.                                                                        [  0%]
tests\unit\agentic_core\L0_routing\enforcement\test_boot_sequence_enforcer_adg.py . [  0%]
.                                                                        [  0%]
tests\unit\agentic_core\L0_routing\enforcement\test_boundary_contracts_adg.py . [  0%]
...                                                                      [  0%]
tests\unit\agentic_core\L0_routing\enforcement\test_crypto_trust_contracts_adg.py . [  0%]
...                                                                      [  0%]
tests\unit\agentic_core\L0_routing\enforcement\test_execution_gateway.py . [  0%]
...                                                                      [  0%]
tests\unit\agentic_core\L0_routing\enforcement\test_execution_gateway_adg.py . [  0%]
...                                                                      [  0%]
tests\unit\agentic_core\L0_routing\enforcement\test_governance_contracts_adg.py . [  0%]
....                                                                     [  0%]
tests\unit\agentic_core\L0_routing\enforcement\test_mutation_prohibition.py . [  0%]
...                                                                      [  0%]
tests\unit\agentic_core\L0_routing\enforcement\test_mutation_prohibition_adg.py . [  0%]
...                                                                      [  0%]
tests\unit\agentic_core\L0_routing\enforcement\test_policy_hash_enforcer.py . [  0%]
....                                                                     [  1%]
tests\unit\agentic_core\L0_routing\enforcement\test_re_clear_loop.py ... [  1%]
                                                                         [  1%]
tests\unit\agentic_core\L0_routing\enforcement\test_runtime_guard.py ..  [  1%]
tests\unit\agentic_core\L0_routing\enforcement\test_runtime_mutation_guard_adg.py . [  1%]
....                                                                     [  1%]
tests\unit\agentic_core\L0_routing\enforcement\test_traceability_contracts.py . [  1%]
....                                                                     [  1%]
tests\unit\agentic_core\L0_routing\enforcement\test_traceability_contracts_adg.py . [  1%]
...                                                                      [  1%]
tests\unit\agentic_core\L0_routing\engines\test___init___adg.py ..       [  1%]
tests\unit\agentic_core\L0_routing\engines\test_agentic_router_embedding_integration.py . [  1%]
..                                                                       [  1%]
tests\unit\agentic_core\L0_routing\engines\test_assembly_stage.py ...    [  1%]
tests\unit\agentic_core\L0_routing\engines\test_core_control_spine.py .. [  1%]
.                                                                        [  1%]
tests\unit\agentic_core\L0_routing\engines\test_engines_init_adg.py ...  [  1%]
tests\unit\agentic_core\L0_routing\engines\test_intent_embedding_classifier.py . [  1%]
..                                                                       [  1%]
tests\unit\agentic_core\L0_routing\engines\test_path_router_adg.py ...   [  1%]
tests\unit\agentic_core\L0_routing\engines\test_reasoning_policy_engine_adg.py . [  1%]
..                                                                       [  1%]
tests\unit\agentic_core\L0_routing\engines\test_routing_outcome_adapter.py . [  1%]
..                                                                       [  1%]
tests\unit\agentic_core\L0_routing\engines\test_sandbox_airlock_security.py . [  1%]
..                                                                       [  1%]
tests\unit\agentic_core\L0_routing\meta_control\test___init___adg.py ..  [  1%]
tests\unit\agentic_core\L0_routing\meta_control\test_config_store.py ... [  2%]
                                                                         [  2%]
tests\unit\agentic_core\L0_routing\meta_control\test_meta_apply_adg.py . [  2%]
..                                                                       [  2%]
tests\unit\agentic_core\L0_routing\meta_control\test_meta_apply_ops_adg.py . [  2%]
..                                                                       [  2%]
tests\unit\agentic_core\L0_routing\meta_control\test_meta_control_init_adg.py . [  2%]
..                                                                       [  2%]
tests\unit\agentic_core\L0_routing\meta_control\test_meta_learning_bus.py . [  2%]
..                                                                       [  2%]
tests\unit\agentic_core\L0_routing\reasoning\test_BootstrapAgent.py ...  [  2%]
tests\unit\agentic_core\L0_routing\reasoning\test_FilesystemSSOTReconcilerAgent.py . [  2%]
..                                                                       [  2%]
tests\unit\agentic_core\L0_routing\reasoning\test_RootCustomsAgent_adg.py . [  2%]
..                                                                       [  2%]
tests\unit\agentic_core\L0_routing\reasoning\test_SSOTFolderCleanupAgent_adg.py . [  2%]
..                                                                       [  2%]
tests\unit\agentic_core\L0_routing\reasoning\test___init___adg.py ..     [  2%]
tests\unit\agentic_core\L0_routing\reasoning\test_healing_agent.py ...   [  2%]
tests\unit\agentic_core\L0_routing\reasoning\test_reasoning_init_adg.py . [  2%]
..                                                                       [  2%]
tests\unit\agentic_core\L0_routing\reasoning\test_root_customs_agent_adg.py . [  2%]
..                                                                       [  2%]
tests\unit\agentic_core\L0_routing\reasoning\test_ssot_folder_cleanup_agent_adg.py . [  2%]
..                                                                       [  2%]
tests\unit\agentic_core\L0_routing\scripts\test___init___adg.py ..       [  2%]
tests\unit\agentic_core\L0_routing\scripts\test_add_dataclass_to_agents_util_adg.py . [  2%]
.                                                                        [  2%]
tests\unit\agentic_core\L0_routing\scripts\test_adg_burndown_gate_surfaces.py . [  2%]
..                                                                       [  2%]
tests\unit\agentic_core\L0_routing\scripts\test_agent_analysis_config_adg.py . [  2%]
...                                                                      [  2%]
tests\unit\agentic_core\L0_routing\scripts\test_agent_validation_util_adg.py . [  2%]
...                                                                      [  2%]
tests\unit\agentic_core\L0_routing\scripts\test_aggressive_dedup_util_adg.py . [  3%]
....                                                                     [  3%]
tests\unit\agentic_core\L0_routing\scripts\test_align_tests_structure_util_adg.py . [  3%]
.                                                                        [  3%]
tests\unit\agentic_core\L0_routing\scripts\test_archive_duplicates_util_adg.py . [  3%]
.......                                                                  [  3%]
tests\unit\agentic_core\L0_routing\scripts\test_auto_remediate_signatures_util_adg.py . [  3%]
........                                                                 [  3%]
tests\unit\agentic_core\L0_routing\scripts\test_base_tool_adg.py ....    [  3%]
tests\unit\agentic_core\L0_routing\scripts\test_base_tool_script_adg.py . [  3%]
.......                                                                  [  3%]
tests\unit\agentic_core\L0_routing\scripts\test_bloat_analysis_util_adg.py . [  3%]
....                                                                     [  3%]
tests\unit\agentic_core\L0_routing\scripts\test_bulk_hierarchy_heal_util_adg.py . [  3%]
..                                                                       [  3%]
tests\unit\agentic_core\L0_routing\scripts\test_bulk_mcp_harden_util.py . [  3%]
..                                                                       [  3%]
tests\unit\agentic_core\L0_routing\scripts\test_c_c_measurement_adg.py . [  3%]
..                                                                       [  3%]
tests\unit\agentic_core\L0_routing\scripts\test_cache_data_access_get_info_request_init_util_adg.py E [  3%]
E                                                                        [  3%]
tests\unit\agentic_core\L0_routing\scripts\test_cache_data_access_init_util_adg.py E [  3%]
E                                                                        [  4%]
tests\unit\agentic_core\L0_routing\scripts\test_cache_init_util_adg.py . [  4%]
..                                                                       [  4%]
tests\unit\agentic_core\L0_routing\scripts\test_call_personalization_api_util_adg.py . [  4%]
..                                                                       [  4%]
tests\unit\agentic_core\L0_routing\scripts\test_check_duplicate_filenames_util_adg.py . [  4%]
..                                                                       [  4%]
tests\unit\agentic_core\L0_routing\scripts\test_check_from_utils_duplicates_util_adg.py . [  4%]
..                                                                       [  4%]
tests\unit\agentic_core\L0_routing\scripts\test_check_protected_files_util_adg.py . [  4%]
...                                                                      [  4%]
tests\unit\agentic_core\L0_routing\scripts\test_check_rglob_usage_util_adg.py . [  4%]
..                                                                       [  4%]
tests\unit\agentic_core\L0_routing\scripts\test_check_sovereign_base_util_adg.py . [  4%]
..                                                                       [  4%]
tests\unit\agentic_core\L0_routing\scripts\test_check_syntax_util_adg.py . [  4%]
...                                                                      [  4%]
tests\unit\agentic_core\L0_routing\scripts\test_chunk_type.py ...        [  4%]
tests\unit\agentic_core\L0_routing\scripts\test_chunk_type_adg.py ...    [  4%]
tests\unit\agentic_core\L0_routing\scripts\test_class_info.py ...        [  4%]
tests\unit\agentic_core\L0_routing\scripts\test_code_entity_adg.py ...   [  4%]
tests\unit\agentic_core\L0_routing\scripts\test_compare_autonomy_guardian_files_util_adg.py . [  4%]
..                                                                       [  4%]
tests\unit\agentic_core\L0_routing\scripts\test_compare_ui_components_util_adg.py . [  4%]
..                                                                       [  4%]
tests\unit\agentic_core\L0_routing\scripts\test_core_synthesis_executor_adg.py . [  4%]
..                                                                       [  4%]
tests\unit\agentic_core\L0_routing\scripts\test_coverage_adg.py ..       [  4%]
tests\unit\agentic_core\L0_routing\scripts\test_debris_hunter_adg.py ... [  4%]
                                                                         [  4%]
tests\unit\agentic_core\L0_routing\scripts\test_debug_drilldown_util_adg.py . [  4%]
..                                                                       [  5%]
tests\unit\agentic_core\L0_routing\scripts\test_debug_invocation_pipeline_util_adg.py . [  5%]
..                                                                       [  5%]
tests\unit\agentic_core\L0_routing\scripts\test_debug_target_mismatch_util_adg.py . [  5%]
..                                                                       [  5%]
tests\unit\agentic_core\L0_routing\scripts\test_delete_duplicates_util_adg.py . [  5%]
...                                                                      [  5%]
tests\unit\agentic_core\L0_routing\scripts\test_demo_cli_functionality_util_adg.py . [  5%]
..                                                                       [  5%]
tests\unit\agentic_core\L0_routing\scripts\test_diagnose_syntax_util_adg.py . [  5%]
..                                                                       [  5%]
tests\unit\agentic_core\L0_routing\scripts\test_disposition_adg.py ...   [  5%]
tests\unit\agentic_core\L0_routing\scripts\test_drift_adg.py ..          [  5%]
tests\unit\agentic_core\L0_routing\scripts\test_error_handler_adg.py ... [  5%]
                                                                         [  5%]
tests\unit\agentic_core\L0_routing\scripts\test_execute_safe_deletion_util_adg.py . [  5%]
..                                                                       [  5%]
tests\unit\agentic_core\L0_routing\scripts\test_execute_ssot_adg.py ...  [  5%]
tests\unit\agentic_core\L0_routing\scripts\test_execute_ssot_adg_surfaces.py . [  5%]
..                                                                       [  5%]
tests\unit\agentic_core\L0_routing\scripts\test_execute_ssot_contracts.py . [  5%]
..                                                                       [  5%]
tests\unit\agentic_core\L0_routing\scripts\test_execute_ssot_e2e_healing.py . [  5%]
..                                                                       [  5%]
tests\unit\agentic_core\L0_routing\scripts\test_execute_ssot_early_detection.py . [  5%]
..                                                                       [  5%]
tests\unit\agentic_core\L0_routing\scripts\test_execute_ssot_entrypoint_adg.py . [  5%]
..                                                                       [  5%]
tests\unit\agentic_core\L0_routing\scripts\test_execute_ssot_hang_fix.py . [  5%]
..                                                                       [  5%]
tests\unit\agentic_core\L0_routing\scripts\test_execute_ssot_healing_routing_fixes.py . [  5%]
..                                                                       [  5%]
tests\unit\agentic_core\L0_routing\scripts\test_execute_ssot_legacy_stages.py . [  5%]
..                                                                       [  6%]
tests\unit\agentic_core\L0_routing\scripts\test_execute_ssot_observability.py . [  6%]
..                                                                       [  6%]
tests\unit\agentic_core\L0_routing\scripts\test_execute_ssot_routing.py . [  6%]
..                                                                       [  6%]
tests\unit\agentic_core\L0_routing\scripts\test_execute_ssot_routing_matrix.py . [  6%]
..                                                                       [  6%]
tests\unit\agentic_core\L0_routing\scripts\test_execute_ssot_with_retry.py . [  6%]
..                                                                       [  6%]
tests\unit\agentic_core\L0_routing\scripts\test_execution.py .           [  6%]
tests\unit\agentic_core\L0_routing\scripts\test_execution_adg.py ...     [  6%]
tests\unit\agentic_core\L0_routing\scripts\test_execution_context_adg.py . [  6%]
..                                                                       [  6%]
tests\unit\agentic_core\L0_routing\scripts\test_extract_agent_duplicates_util_adg.py . [  6%]
..                                                                       [  6%]
tests\unit\agentic_core\L0_routing\scripts\test_extract_net_adg.py ...   [  6%]
tests\unit\agentic_core\L0_routing\scripts\test_extract_unique_content_util_adg.py . [  6%]
..                                                                       [  6%]
tests\unit\agentic_core\L0_routing\scripts\test_file_analysis_adg.py ... [  6%]
                                                                         [  6%]
tests\unit\agentic_core\L0_routing\scripts\test_final_sovereignty_harness.py . [  6%]
..                                                                       [  6%]
tests\unit\agentic_core\L0_routing\scripts\test_find_corrupted_files_util_adg.py . [  6%]
..                                                                       [  6%]
tests\unit\agentic_core\L0_routing\scripts\test_find_infrastructure_target_issue_util_adg.py . [  6%]
..                                                                       [  6%]
tests\unit\agentic_core\L0_routing\scripts\test_find_missing_invocation_util_adg.py . [  6%]
..                                                                       [  6%]
tests\unit\agentic_core\L0_routing\scripts\test_find_real_duplicates_util.py . [  6%]
..                                                                       [  6%]
tests\unit\agentic_core\L0_routing\scripts\test_fission_executor_util_adg.py . [  6%]
..                                                                       [  6%]
tests\unit\agentic_core\L0_routing\scripts\test_flatten_scripts_directory_util_adg.py . [  6%]
..                                                                       [  7%]
tests\unit\agentic_core\L0_routing\scripts\test_forensic_discovery_prep.py . [  7%]
..                                                                       [  7%]
tests\unit\agentic_core\L0_routing\scripts\test_forward_rolling_facade_adg.py . [  7%]
..                                                                       [  7%]
tests\unit\agentic_core\L0_routing\scripts\test_full_agent_discovery.py . [  7%]
..                                                                       [  7%]
tests\unit\agentic_core\L0_routing\scripts\test_full_agent_discovery_adg.py . [  7%]
..                                                                       [  7%]
tests\unit\agentic_core\L0_routing\scripts\test_function_tool_adg.py ... [  7%]
.                                                                        [  7%]
tests\unit\agentic_core\L0_routing\scripts\test_gatekeeper_lock_util.py . [  7%]
.                                                                        [  7%]
tests\unit\agentic_core\L0_routing\scripts\test_handler_adg.py ..        [  7%]
tests\unit\agentic_core\L0_routing\scripts\test_hardened_anti_pattern_visitor_adg.py . [  7%]
....                                                                     [  7%]
tests\unit\agentic_core\L0_routing\scripts\test_hardened_orchestrator_wrapper_util_adg.py . [  7%]
...                                                                      [  7%]
tests\unit\agentic_core\L0_routing\scripts\test_heal_schema_visitor_adg.py . [  7%]
..                                                                       [  7%]
tests\unit\agentic_core\L0_routing\scripts\test_healer_naming_convention.py . [  7%]
..                                                                       [  7%]
tests\unit\agentic_core\L0_routing\scripts\test_hygiene_registry.py ...  [  7%]
tests\unit\agentic_core\L0_routing\scripts\test_identify_low_quality_agents_util_adg.py . [  7%]
..                                                                       [  7%]
tests\unit\agentic_core\L0_routing\scripts\test_investigate_overlaps_util_adg.py . [  7%]
..                                                                       [  7%]
tests\unit\agentic_core\L0_routing\scripts\test_lifecycle_audit.py ....  [  7%]
tests\unit\agentic_core\L0_routing\scripts\test_logic_data_access_init_util_adg.py . [  7%]
...                                                                      [  7%]
tests\unit\agentic_core\L0_routing\scripts\test_logic_init_util_adg.py . [  7%]
...                                                                      [  8%]
tests\unit\agentic_core\L0_routing\scripts\test_mixin_enforcement.py ... [  8%]
                                                                         [  8%]
tests\unit\agentic_core\L0_routing\scripts\test_mro_type_safety.py ...   [  8%]
tests\unit\agentic_core\L0_routing\scripts\test_pascal_fixer_collisions.py . [  8%]
..                                                                       [  8%]
tests\unit\agentic_core\L0_routing\scripts\test_pascal_sovereignty_acronyms.py . [  8%]
..                                                                       [  8%]
tests\unit\agentic_core\L0_routing\scripts\test_pascal_sovereignty_edge_cases.py . [  8%]
..                                                                       [  8%]
tests\unit\agentic_core\L0_routing\scripts\test_policy_hash_not_hardcoded.py . [  8%]
..                                                                       [  8%]
tests\unit\agentic_core\L0_routing\scripts\test_populate_ssot_folders_util_adg.py . [  8%]
..                                                                       [  8%]
tests\unit\agentic_core\L0_routing\scripts\test_reasoning.py ...         [  8%]
tests\unit\agentic_core\L0_routing\scripts\test_reasoning_adg.py ...     [  8%]
tests\unit\agentic_core\L0_routing\scripts\test_root_hygiene.py ..       [  8%]
tests\unit\agentic_core\L0_routing\scripts\test_run_guardian_drift_detection_adg.py . [  8%]
..                                                                       [  8%]
tests\unit\agentic_core\L0_routing\scripts\test_run_guardian_hierarchy_compliance_adg.py . [  8%]
..                                                                       [  8%]
tests\unit\agentic_core\L0_routing\scripts\test_run_guardian_location_alignment_adg.py . [  8%]
..                                                                       [  8%]
tests\unit\agentic_core\L0_routing\scripts\test_run_hierarchy_agent_dry_run_util_adg.py . [  8%]
..                                                                       [  8%]
tests\unit\agentic_core\L0_routing\scripts\test_run_hierarchy_healer_dry_run_util_adg.py . [  8%]
..                                                                       [  8%]
tests\unit\agentic_core\L0_routing\scripts\test_run_hygiene_guardian_util.py . [  8%]
                                                                         [  8%]
tests\unit\agentic_core\L0_routing\scripts\test_run_hygiene_naming_audit_util_adg.py . [  8%]
..                                                                       [  8%]
tests\unit\agentic_core\L0_routing\scripts\test_run_naming_law_check_util_adg.py . [  8%]
..                                                                       [  8%]
tests\unit\agentic_core\L0_routing\scripts\test_run_naming_scan_util_adg.py . [  9%]
..                                                                       [  9%]
tests\unit\agentic_core\L0_routing\scripts\test_run_sovereign_compliance_audit_util_adg.py . [  9%]
..                                                                       [  9%]
tests\unit\agentic_core\L0_routing\scripts\test_runtime_verify_installation.py . [  9%]
..                                                                       [  9%]
tests\unit\agentic_core\L0_routing\scripts\test_scan_testing_compliance_util.py . [  9%]
..                                                                       [  9%]
tests\unit\agentic_core\L0_routing\scripts\test_sovereign_decision_engine.py . [  9%]
.                                                                        [  9%]
tests\unit\agentic_core\L0_routing\scripts\test_sovereign_lockdown_check_util_adg.py . [  9%]
...                                                                      [  9%]
tests\unit\agentic_core\L0_routing\scripts\test_sovereign_precommit_no_hardcoded_util_adg.py . [  9%]
..                                                                       [  9%]
tests\unit\agentic_core\L0_routing\scripts\test_sovereign_precommit_no_raw_prompts_util_adg.py . [  9%]
..                                                                       [  9%]
tests\unit\agentic_core\L0_routing\scripts\test_sovereignty_exemptions.py . [  9%]
..                                                                       [  9%]
tests\unit\agentic_core\L0_routing\scripts\test_sovereignty_gold_master.py . [  9%]
..                                                                       [  9%]
tests\unit\agentic_core\L0_routing\scripts\test_ssot_adapters.py ...     [  9%]
tests\unit\agentic_core\L0_routing\scripts\test_ssot_audit_util_adg.py . [  9%]
.                                                                        [  9%]
tests\unit\agentic_core\L0_routing\scripts\test_ssot_cli.py ...          [  9%]
tests\unit\agentic_core\L0_routing\scripts\test_structural_strictness.py . [  9%]
..                                                                       [  9%]
tests\unit\agentic_core\L0_routing\scripts\test_territory_ssot_definitions_util_adg.py . [  9%]
.                                                                        [  9%]
tests\unit\agentic_core\L0_routing\scripts\test_validate_drilldown_util_adg.py . [  9%]
....                                                                     [  9%]
tests\unit\agentic_core\L0_routing\scripts\test_validate_sovereign_structure_util_adg.py . [  9%]
..                                                                       [  9%]
tests\unit\agentic_core\L0_routing\scripts\test_validate_table2_data_util_adg.py . [  9%]
...                                                                      [ 10%]
tests\unit\agentic_core\L0_routing\scripts\test_verify_agent_status_util.py . [ 10%]
..                                                                       [ 10%]
tests\unit\agentic_core\L0_routing\scripts\test_verify_all_checkpoint_files_util_adg.py . [ 10%]
..                                                                       [ 10%]
tests\unit\agentic_core\L0_routing\scripts\test_verify_base_agent_names_util_adg.py . [ 10%]
..                                                                       [ 10%]
tests\unit\agentic_core\L0_routing\scripts\test_verify_heal_invocation_util_adg.py . [ 10%]
..                                                                       [ 10%]
tests\unit\agentic_core\L0_routing\scripts\test_verify_healing_metrics_util_adg.py . [ 10%]
...                                                                      [ 10%]
tests\unit\agentic_core\L0_routing\scripts\test_verify_health_calculation_util_adg.py . [ 10%]
...                                                                      [ 10%]
tests\unit\agentic_core\L0_routing\scripts\test_verify_intentional_variants_util_adg.py . [ 10%]
..                                                                       [ 10%]
tests\unit\agentic_core\L0_routing\scripts\test_verify_manifest_cleanliness_util_adg.py . [ 10%]
...                                                                      [ 10%]
tests\unit\agentic_core\L0_routing\scripts\test_verify_mro_util.py ...   [ 10%]
tests\unit\agentic_core\L0_routing\scripts\test_verify_row_order_util_adg.py . [ 10%]
..                                                                       [ 10%]
tests\unit\agentic_core\L0_routing\scripts\test_verify_self_healing.py . [ 10%]
..                                                                       [ 10%]
tests\unit\agentic_core\L0_routing\scripts\test_verify_territory_counts_util_adg.py . [ 10%]
..                                                                       [ 10%]
tests\unit\agentic_core\L0_routing\seam\test_seam_audit.py ...           [ 10%]
tests\unit\agentic_core\L0_routing\seams\test_c0_context_retriever_adg.py . [ 10%]
..                                                                       [ 10%]
tests\unit\agentic_core\L0_routing\seams\test_canonical_truth_seam_adg.py . [ 10%]
..                                                                       [ 10%]
tests\unit\agentic_core\L0_routing\seams\test_layer_emission_seam_adg.py . [ 10%]
....                                                                     [ 11%]
tests\unit\agentic_core\L0_routing\seams\test_safety_enforcement_seam.py . [ 11%]
..                                                                       [ 11%]
tests\unit\agentic_core\L0_routing\seams\test_safety_kernel_seam.py ...  [ 11%]
tests\unit\agentic_core\L0_routing\seams\test_safety_reasoning_seam.py . [ 11%]
..                                                                       [ 11%]
tests\unit\agentic_core\L0_routing\seams\test_safety_validators_seam.py . [ 11%]
..                                                                       [ 11%]
tests\unit\agentic_core\L0_routing\seams\test_seams_adg.py ...           [ 11%]
tests\unit\agentic_core\L0_routing\seams\test_vigilance_seam_adg.py ...  [ 11%]
tests\unit\agentic_core\L0_routing\test___init___adg.py ...              [ 11%]
tests\unit\agentic_core\L0_routing\test_c0_authority_leak.py ...         [ 11%]
tests\unit\agentic_core\L0_routing\test_c0_mutation_prevention.py ...    [ 11%]
tests\unit\agentic_core\L0_routing\test_execution_orchestrator_l3_wiring.py . [ 11%]
..                                                                       [ 11%]
tests\unit\agentic_core\L0_routing\test_legacy_agent_name_allowlist_adg.py . [ 11%]
..                                                                       [ 11%]
tests\unit\agentic_core\L0_routing\types\test___init___adg.py ...        [ 11%]
tests\unit\agentic_core\L0_routing\types\test_artifact_typed_compat_types_adg.py . [ 11%]
..                                                                       [ 11%]
tests\unit\agentic_core\L0_routing\types\test_artifact_validate_compat_types_adg.py . [ 11%]
..                                                                       [ 11%]
tests\unit\agentic_core\L0_routing\types\test_artifact_validators_types_adg.py . [ 11%]
...                                                                      [ 11%]
tests\unit\agentic_core\L0_routing\types\test_boundary_types_adg.py ...  [ 11%]
tests\unit\agentic_core\L0_routing\types\test_crypto_trust_types.py ...  [ 11%]
tests\unit\agentic_core\L0_routing\types\test_crypto_trust_types_adg.py . [ 11%]
..                                                                       [ 12%]
tests\unit\agentic_core\L0_routing\types\test_determinism_contracts_types.py . [ 12%]
..                                                                       [ 12%]
tests\unit\agentic_core\L0_routing\types\test_determinism_contracts_types_adg.py . [ 12%]
..                                                                       [ 12%]
tests\unit\agentic_core\L0_routing\types\test_governance_types_adg.py .. [ 12%]
..                                                                       [ 12%]
tests\unit\agentic_core\L0_routing\types\test_guardian_contract_types.py . [ 12%]
.........                                                                [ 12%]
tests\unit\agentic_core\L0_routing\types\test_guardian_contract_types_adg.py . [ 12%]
.....                                                                    [ 12%]
tests\unit\agentic_core\L0_routing\types\test_guardian_contracts_types_adg.py . [ 12%]
..                                                                       [ 12%]
tests\unit\agentic_core\L0_routing\types\test_guardian_registry_types_adg.py . [ 12%]
..                                                                       [ 12%]
tests\unit\agentic_core\L0_routing\types\test_l0_types_init_adg.py ...   [ 12%]
tests\unit\agentic_core\L0_routing\types\test_reasoning_intensity_types.py . [ 12%]
..                                                                       [ 12%]
tests\unit\agentic_core\L0_routing\types\test_reasoning_intensity_types_adg.py . [ 12%]
..                                                                       [ 12%]
tests\unit\agentic_core\L0_routing\types\test_routing_artifact_types.py . [ 12%]
..........                                                               [ 13%]
tests\unit\agentic_core\L0_routing\types\test_routing_artifact_types_adg.py . [ 13%]
.........                                                                [ 13%]
tests\unit\agentic_core\L0_routing\types\test_routing_config_seal_types_adg.py . [ 13%]
..                                                                       [ 13%]
tests\unit\agentic_core\L0_routing\types\test_routing_contracts_types.py . [ 13%]
..                                                                       [ 13%]
tests\unit\agentic_core\L0_routing\types\test_routing_contracts_types_adg.py . [ 13%]
..                                                                       [ 13%]
tests\unit\agentic_core\L0_routing\types\test_shadow_routing_types_adg.py . [ 13%]
..                                                                       [ 13%]
tests\unit\agentic_core\L0_routing\types\test_traceability_types_adg.py . [ 13%]
..                                                                       [ 13%]
tests\unit\agentic_core\L0_routing\types\test_v15_compat_contracts_types_adg.py . [ 13%]
..                                                                       [ 13%]
tests\unit\agentic_core\L0_routing\utils\test___init___adg.py ..         [ 13%]
tests\unit\agentic_core\L0_routing\utils\test_add_test_coverage_util.py . [ 13%]
..                                                                       [ 13%]
tests\unit\agentic_core\L0_routing\utils\test_complexity_visitor_util.py . [ 13%]
..                                                                       [ 13%]
tests\unit\agentic_core\L0_routing\utils\test_core_integrity_util_adg.py . [ 13%]
..                                                                       [ 13%]
tests\unit\agentic_core\L0_routing\utils\test_file_utils_util.py ...     [ 13%]
tests\unit\agentic_core\L0_routing\utils\test_fix_all_tunnels_util_adg.py . [ 13%]
..                                                                       [ 13%]
tests\unit\agentic_core\L0_routing\utils\test_fix_depth_violations_util_adg.py . [ 13%]
.                                                                        [ 13%]
tests\unit\agentic_core\L0_routing\utils\test_fix_mission_runner_util_adg.py . [ 13%]
..                                                                       [ 13%]
tests\unit\agentic_core\L0_routing\utils\test_force_annexation_util_adg.py . [ 13%]
..                                                                       [ 13%]
tests\unit\agentic_core\L0_routing\utils\test_json_formatter_util.py .   [ 14%]
tests\unit\agentic_core\L0_routing\utils\test_l0_utils_init_adg.py ...   [ 14%]
tests\unit\agentic_core\L0_routing\utils\test_path_util.py ...           [ 14%]
tests\unit\agentic_core\L0_routing\utils\test_project_root_util.py .     [ 14%]
tests\unit\agentic_core\L0_routing\utils\test_ssot_discovery_util.py .   [ 14%]
tests\unit\agentic_core\L0_routing\utils\test_subprocess_runner_util.py . [ 14%]
                                                                         [ 14%]
tests\unit\agentic_core\L1_cognition\config\test_l1_config_init_adg.py . [ 14%]
..                                                                       [ 14%]
tests\unit\agentic_core\L1_cognition\config\test_react_config_adg.py ... [ 14%]
                                                                         [ 14%]
tests\unit\agentic_core\L1_cognition\core\test_cognitive_endurance.py .. [ 14%]
.                                                                        [ 14%]
tests\unit\agentic_core\L1_cognition\enforcement\test_budget_enforcer_adg.py . [ 14%]
..                                                                       [ 14%]
tests\unit\agentic_core\L1_cognition\enforcement\test_execution_status_adg.py . [ 14%]
..                                                                       [ 14%]
tests\unit\agentic_core\L1_cognition\enforcement\test_mission_status_adg.py . [ 14%]
..                                                                       [ 14%]
tests\unit\agentic_core\L1_cognition\engines\test_capability_analyzer_adg.py . [ 14%]
..                                                                       [ 14%]
tests\unit\agentic_core\L1_cognition\engines\test_cognitive_engine_adg.py . [ 14%]
..                                                                       [ 14%]
tests\unit\agentic_core\L1_cognition\engines\test_cognitive_node_adg.py . [ 14%]
..                                                                       [ 14%]
tests\unit\agentic_core\L1_cognition\engines\test_episodic_manager_adg.py . [ 14%]
..                                                                       [ 14%]
tests\unit\agentic_core\L1_cognition\engines\test_meta_client_adg.py ... [ 14%]
                                                                         [ 14%]
tests\unit\agentic_core\L1_cognition\engines\test_perception_engine_adg.py . [ 14%]
..                                                                       [ 14%]
tests\unit\agentic_core\L1_cognition\engines\test_reasoning_cache_adg.py . [ 14%]
..                                                                       [ 14%]
tests\unit\agentic_core\L1_cognition\engines\test_semantic_manager_adg.py . [ 14%]
..                                                                       [ 14%]
tests\unit\agentic_core\L1_cognition\memory\test_healing_memory_retriever.py . [ 14%]
                                                                         [ 14%]
tests\unit\agentic_core\L1_cognition\memory\test_semantic_memory_adg.py . [ 14%]
..                                                                       [ 15%]
tests\unit\agentic_core\L1_cognition\reasoning\test_ASTValidatorAgent_adg.py . [ 15%]
..                                                                       [ 15%]
tests\unit\agentic_core\L1_cognition\reasoning\test_ast_validator_agent_adg.py . [ 15%]
..                                                                       [ 15%]
tests\unit\agentic_core\L1_cognition\reasoning\test_thought_engine_agent.py . [ 15%]
..                                                                       [ 15%]
tests\unit\agentic_core\L1_cognition\test_l1_cognition_init_adg.py ...   [ 15%]
tests\unit\agentic_core\L1_cognition\types\test_action_request_types.py . [ 15%]
                                                                         [ 15%]
tests\unit\agentic_core\L1_cognition\types\test_budget_types_adg.py ...  [ 15%]
tests\unit\agentic_core\L1_cognition\types\test_cache_types.py ...       [ 15%]
tests\unit\agentic_core\L1_cognition\types\test_capability_types_adg.py . [ 15%]
..                                                                       [ 15%]
tests\unit\agentic_core\L1_cognition\types\test_client_types.py ...      [ 15%]
tests\unit\agentic_core\L1_cognition\types\test_cognitive_types_adg.py . [ 15%]
..                                                                       [ 15%]
tests\unit\agentic_core\L1_cognition\types\test_execution_phase_types_adg.py . [ 15%]
...                                                                      [ 15%]
tests\unit\agentic_core\L1_cognition\types\test_identity_type_types_adg.py . [ 15%]
..                                                                       [ 15%]
tests\unit\agentic_core\L1_cognition\types\test_l1_cognition_types_adg.py . [ 15%]
..                                                                       [ 15%]
tests\unit\agentic_core\L1_cognition\types\test_research_hop_phase_types_adg.py . [ 15%]
..                                                                       [ 15%]
tests\unit\agentic_core\L1_cognition\types\test_result_types_adg.py ...  [ 15%]
tests\unit\agentic_core\L1_cognition\utils\test_execution_util_adg.py .. [ 15%]
.                                                                        [ 15%]
tests\unit\agentic_core\L1_cognition\utils\test_guardrails_util.py .     [ 15%]
tests\unit\agentic_core\L1_cognition\validators\test_consensus_validator_adg.py . [ 15%]
..                                                                       [ 15%]
tests\unit\agentic_core\L1_cognition\validators\test_dark_reasoning_visitor_validator_adg.py . [ 16%]
..                                                                       [ 16%]
tests\unit\agentic_core\L1_cognition\validators\test_reasoningnode_validator_adg.py . [ 16%]
..                                                                       [ 16%]
tests\unit\agentic_core\L1_cognition\validators\test_semantic_gatekeeper_validator_adg.py . [ 16%]
..                                                                       [ 16%]
tests\unit\agentic_core\L1_cognition\validators\test_spiffe_validator_adg.py . [ 16%]
..                                                                       [ 16%]
tests\unit\agentic_core\L1_cognition\validators\test_truth_keeper_validator_adg.py . [ 16%]
..                                                                       [ 16%]
tests\unit\agentic_core\L2_execution\apps_qwen\test_apps_qwen_config.py . [ 16%]
...                                                                      [ 16%]
tests\unit\agentic_core\L2_execution\apps_qwen\test_apps_qwen_gateway.py . [ 16%]
.                                                                        [ 16%]
tests\unit\agentic_core\L2_execution\apps_qwen\test_apps_qwen_telemetry.py s [ 16%]
sss                                                                      [ 16%]
tests\unit\agentic_core\L2_execution\audit\test___init___adg.py ...      [ 16%]
tests\unit\agentic_core\L2_execution\audit\test_l2_audit_init_adg.py ... [ 16%]
                                                                         [ 16%]
tests\unit\agentic_core\L2_execution\capability\test_promotion_token_adg.py . [ 16%]
..                                                                       [ 16%]
tests\unit\agentic_core\L2_execution\config\test___init___adg.py ...     [ 16%]
tests\unit\agentic_core\L2_execution\config\test_hybrid_retriever_config_adg.py . [ 16%]
..                                                                       [ 16%]
tests\unit\agentic_core\L2_execution\config\test_mcp_registry_adg.py ... [ 16%]
                                                                         [ 16%]
tests\unit\agentic_core\L2_execution\config\test_provider_type_config_adg.py . [ 16%]
...                                                                      [ 16%]
tests\unit\agentic_core\L2_execution\config\test_strategist_bio_writer_config_adg.py . [ 16%]
..                                                                       [ 16%]
tests\unit\agentic_core\L2_execution\config\test_transform_config_adg.py . [ 16%]
..                                                                       [ 16%]
tests\unit\agentic_core\L2_execution\config\test_unified_workflow_config_adg.py . [ 16%]
..                                                                       [ 17%]
tests\unit\agentic_core\L2_execution\coordination\test___init___adg.py . [ 17%]
..                                                                       [ 17%]
tests\unit\agentic_core\L2_execution\core\test_heal_step.py ...          [ 17%]
tests\unit\agentic_core\L2_execution\core\test_tool_registry_migration.py . [ 17%]
                                                                         [ 17%]
tests\unit\agentic_core\L2_execution\determinism\test___init___adg.py .. [ 17%]
.                                                                        [ 17%]
tests\unit\agentic_core\L2_execution\determinism\test_dependency_locker_adg.py . [ 17%]
..                                                                       [ 17%]
tests\unit\agentic_core\L2_execution\determinism\test_replay_guard_adg.py . [ 17%]
..                                                                       [ 17%]
tests\unit\agentic_core\L2_execution\enforcement\test_SovereignLLMGateway.py . [ 17%]
..                                                                       [ 17%]
tests\unit\agentic_core\L2_execution\enforcement\test_SovereignLLMGateway_adg.py . [ 17%]
..                                                                       [ 17%]
tests\unit\agentic_core\L2_execution\enforcement\test___init___adg.py .. [ 17%]
.                                                                        [ 17%]
tests\unit\agentic_core\L2_execution\enforcement\test_budget_enforcer_adg.py . [ 17%]
..                                                                       [ 17%]
tests\unit\agentic_core\L2_execution\enforcement\test_capability_revoker_adg.py . [ 17%]
..                                                                       [ 17%]
tests\unit\agentic_core\L2_execution\enforcement\test_commit_proof_invariant.py . [ 17%]
..                                                                       [ 17%]
tests\unit\agentic_core\L2_execution\enforcement\test_deterministic_loop_detector_adg.py . [ 17%]
..                                                                       [ 17%]
tests\unit\agentic_core\L2_execution\enforcement\test_docker_sandbox_adg.py . [ 17%]
..                                                                       [ 17%]
tests\unit\agentic_core\L2_execution\enforcement\test_filesystem_mcp_adg.py . [ 17%]
..                                                                       [ 17%]
tests\unit\agentic_core\L2_execution\enforcement\test_firecracker_manager_adg.py . [ 17%]
..                                                                       [ 17%]
tests\unit\agentic_core\L2_execution\enforcement\test_healer_pipe_order_adg.py . [ 17%]
...                                                                      [ 17%]
tests\unit\agentic_core\L2_execution\enforcement\test_key_source.py ...  [ 18%]
tests\unit\agentic_core\L2_execution\enforcement\test_key_source_adg.py . [ 18%]
..                                                                       [ 18%]
tests\unit\agentic_core\L2_execution\enforcement\test_l2_enforcement_adg.py . [ 18%]
..                                                                       [ 18%]
tests\unit\agentic_core\L2_execution\enforcement\test_manifest_hash_validator_adg.py . [ 18%]
..                                                                       [ 18%]
tests\unit\agentic_core\L2_execution\enforcement\test_network_egress_guard_adg.py . [ 18%]
..                                                                       [ 18%]
tests\unit\agentic_core\L2_execution\enforcement\test_preventative_sandbox_adg.py . [ 18%]
..                                                                       [ 18%]
tests\unit\agentic_core\L2_execution\enforcement\test_provider_substitution_prohibition_adg.py . [ 18%]
..                                                                       [ 18%]
tests\unit\agentic_core\L2_execution\enforcement\test_ptc_tool_contracts.py . [ 18%]
..                                                                       [ 18%]
tests\unit\agentic_core\L2_execution\enforcement\test_runtime_interceptor_adg.py . [ 18%]
..                                                                       [ 18%]
tests\unit\agentic_core\L2_execution\enforcement\test_sovereign_filesystem_mcp_adg.py . [ 18%]
..                                                                       [ 18%]
tests\unit\agentic_core\L2_execution\enforcement\test_sovereign_llm_gateway.py . [ 18%]
................                                                         [ 18%]
tests\unit\agentic_core\L2_execution\enforcement\test_sovereign_sandbox_isolation_adg.py . [ 18%]
..                                                                       [ 18%]
tests\unit\agentic_core\L2_execution\enforcement\test_static_dispatch_registry.py . [ 18%]
..                                                                       [ 18%]
tests\unit\agentic_core\L2_execution\enforcement\test_structured_agent_output.py . [ 18%]
..                                                                       [ 19%]
tests\unit\agentic_core\L2_execution\enforcement\test_tool_policy_enforcer_adg.py . [ 19%]
...                                                                      [ 19%]
tests\unit\agentic_core\L2_execution\enforcement\test_transcript_freezer_adg.py . [ 19%]
..                                                                       [ 19%]
tests\unit\agentic_core\L2_execution\enforcement\test_write_governor_mixin.py . [ 19%]
..                                                                       [ 19%]
tests\unit\agentic_core\L2_execution\enforcement\test_write_set_enforcer_adg.py . [ 19%]
..                                                                       [ 19%]
tests\unit\agentic_core\L2_execution\engines\test___init___adg.py ...    [ 19%]
tests\unit\agentic_core\L2_execution\engines\test_batch_embedding_service_adg.py . [ 19%]
...                                                                      [ 19%]
tests\unit\agentic_core\L2_execution\engines\test_execute_command_executor_adg.py . [ 19%]
...                                                                      [ 19%]
tests\unit\agentic_core\L2_execution\engines\test_execution_gateway_adg.py . [ 19%]
...                                                                      [ 19%]
tests\unit\agentic_core\L2_execution\engines\test_execution_paths.py ... [ 19%]
                                                                         [ 19%]
tests\unit\agentic_core\L2_execution\engines\test_resource_predictor_adg.py . [ 19%]
....                                                                     [ 19%]
tests\unit\agentic_core\L2_execution\engines\test_rollback_refiner_adg.py . [ 19%]
....                                                                     [ 19%]
tests\unit\agentic_core\L2_execution\engines\test_validation_orchestrator_adg.py . [ 19%]
...                                                                      [ 19%]
tests\unit\agentic_core\L2_execution\healers\test___init___adg.py ...    [ 19%]
tests\unit\agentic_core\L2_execution\healers\test_architecture_governor_healer_adg.py . [ 19%]
..                                                                       [ 19%]
tests\unit\agentic_core\L2_execution\healers\test_bmg_embedding_similarity.py . [ 19%]
                                                                         [ 19%]
tests\unit\agentic_core\L2_execution\healers\test_commit_with_retry.py . [ 19%]
..                                                                       [ 20%]
tests\unit\agentic_core\L2_execution\healers\test_confidence_routing_consolidation.py . [ 20%]
..                                                                       [ 20%]
tests\unit\agentic_core\L2_execution\healers\test_drift_detection_healer.py . [ 20%]
..                                                                       [ 20%]
tests\unit\agentic_core\L2_execution\healers\test_escalation_context_adg.py . [ 20%]
..                                                                       [ 20%]
tests\unit\agentic_core\L2_execution\healers\test_file_classification_healer_adg.py . [ 20%]
..                                                                       [ 20%]
tests\unit\agentic_core\L2_execution\healers\test_filesystem_ssot_healer_adg.py . [ 20%]
..                                                                       [ 20%]
tests\unit\agentic_core\L2_execution\healers\test_gravity_leak_healer_adg.py . [ 20%]
..                                                                       [ 20%]
tests\unit\agentic_core\L2_execution\healers\test_healing_outcome_wiring.py . [ 20%]
..                                                                       [ 20%]
tests\unit\agentic_core\L2_execution\healers\test_healing_provider_adapters.py . [ 20%]
..                                                                       [ 20%]
tests\unit\agentic_core\L2_execution\healers\test_healing_provider_adapters_adg.py . [ 20%]
..                                                                       [ 20%]
tests\unit\agentic_core\L2_execution\healers\test_healing_tier_config.py . [ 20%]
.......                                                                  [ 20%]
tests\unit\agentic_core\L2_execution\healers\test_healing_tier_dispatcher_adg.py . [ 20%]
..                                                                       [ 20%]
tests\unit\agentic_core\L2_execution\healers\test_healing_tier_dispatcher_failure_signal_import.py . [ 20%]
..                                                                       [ 20%]
tests\unit\agentic_core\L2_execution\healers\test_healing_tier_dispatcher_full_integration.py . [ 20%]
..                                                                       [ 20%]
tests\unit\agentic_core\L2_execution\healers\test_healing_tier_dispatcher_integration.py . [ 20%]
..                                                                       [ 20%]
tests\unit\agentic_core\L2_execution\healers\test_healing_tier_dispatcher_robust.py . [ 20%]
..                                                                       [ 20%]
tests\unit\agentic_core\L2_execution\healers\test_healing_tier_e2e_invocation.py . [ 20%]
..                                                                       [ 21%]
tests\unit\agentic_core\L2_execution\healers\test_healing_tier_enforcement_proof.py . [ 21%]
..                                                                       [ 21%]
tests\unit\agentic_core\L2_execution\healers\test_healing_tier_router.py . [ 21%]
..                                                                       [ 21%]
tests\unit\agentic_core\L2_execution\healers\test_healing_tier_router_adg.py . [ 21%]
..                                                                       [ 21%]
tests\unit\agentic_core\L2_execution\healers\test_healing_tier_router_meta_integration.py . [ 21%]
..                                                                       [ 21%]
tests\unit\agentic_core\L2_execution\healers\test_healing_tier_types.py . [ 21%]
..                                                                       [ 21%]
tests\unit\agentic_core\L2_execution\healers\test_healing_tier_types_adg.py . [ 21%]
..                                                                       [ 21%]
tests\unit\agentic_core\L2_execution\healers\test_healing_visibility.py . [ 21%]
..                                                                       [ 21%]
tests\unit\agentic_core\L2_execution\healers\test_hierarchy_agent_healer_adg.py . [ 21%]
..                                                                       [ 21%]
tests\unit\agentic_core\L2_execution\healers\test_l2_healers_adg.py ...  [ 21%]
tests\unit\agentic_core\L2_execution\healers\test_monotonic_reentrancy_enforcer_adg.py . [ 21%]
..                                                                       [ 21%]
tests\unit\agentic_core\L2_execution\healers\test_qwen_gpu_validator_adg.py . [ 21%]
..                                                                       [ 21%]
tests\unit\agentic_core\L2_execution\healers\test_qwen_health_adg.py ... [ 21%]
                                                                         [ 21%]
tests\unit\agentic_core\L2_execution\healers\test_qwen_replay_validation.py . [ 21%]
..                                                                       [ 21%]
tests\unit\agentic_core\L2_execution\healers\test_qwen_vllm_inference_adg.py . [ 21%]
..                                                                       [ 21%]
tests\unit\agentic_core\L2_execution\healers\test_signature_invalidator_adg.py . [ 21%]
..                                                                       [ 21%]
tests\unit\agentic_core\L2_execution\prompt_assembly\test_artifact_signing.py . [ 21%]
............                                                             [ 22%]
tests\unit\agentic_core\L2_execution\prompt_assembly\test_slot_order.py . [ 22%]
............                                                             [ 22%]
tests\unit\agentic_core\L2_execution\reasoning\test_EmbeddingSovereignAgent.py . [ 22%]
..                                                                       [ 22%]
tests\unit\agentic_core\L2_execution\reasoning\test_EmbeddingSovereignAgent_adg.py . [ 22%]
..                                                                       [ 22%]
tests\unit\agentic_core\L2_execution\reasoning\test_RedisSovereignAgent_adg.py . [ 22%]
..                                                                       [ 22%]
tests\unit\agentic_core\L2_execution\reasoning\test_SovereignMCPGatewayAgent_adg.py . [ 22%]
..                                                                       [ 22%]
tests\unit\agentic_core\L2_execution\reasoning\test_StructuredEngineAgent_adg.py . [ 22%]
..                                                                       [ 22%]
tests\unit\agentic_core\L2_execution\reasoning\test_SubAtomicRegistryAgent_adg.py . [ 22%]
..                                                                       [ 22%]
tests\unit\agentic_core\L2_execution\reasoning\test_ToolsmithAgent_adg.py . [ 22%]
..                                                                       [ 22%]
tests\unit\agentic_core\L2_execution\reasoning\test___init___adg.py ...  [ 22%]
tests\unit\agentic_core\L2_execution\reasoning\test_definitions_adg.py . [ 22%]
..                                                                       [ 22%]
tests\unit\agentic_core\L2_execution\reasoning\test_tool_registry_agent.py . [ 22%]
..                                                                       [ 22%]
tests\unit\agentic_core\L2_execution\scripts\test___init___adg.py ...    [ 22%]
tests\unit\agentic_core\L2_execution\scripts\test_remediation_dispatcher_adg.py . [ 22%]
..                                                                       [ 23%]
tests\unit\agentic_core\L2_execution\scripts\test_remediation_dispatcher_exception_handling.py . [ 23%]
..                                                                       [ 23%]
tests\unit\agentic_core\L2_execution\scripts\test_remediation_dispatcher_robust.py . [ 23%]
..                                                                       [ 23%]
tests\unit\agentic_core\L2_execution\test_UniversalWriteGateway_adg.py . [ 23%]
..                                                                       [ 23%]
tests\unit\agentic_core\L2_execution\test_cryptographic_integrity.py ... [ 23%]
                                                                         [ 23%]
tests\unit\agentic_core\L2_execution\test_deterministic_providers_adg.py . [ 23%]
..                                                                       [ 23%]
tests\unit\agentic_core\L2_execution\test_execution_trace_integrity.py . [ 23%]
..                                                                       [ 23%]
tests\unit\agentic_core\L2_execution\test_mutation_replay_integrity.py . [ 23%]
..                                                                       [ 23%]
tests\unit\agentic_core\L2_execution\test_protocol.py ...                [ 23%]
tests\unit\agentic_core\L2_execution\test_protocol_adg.py ...            [ 23%]
tests\unit\agentic_core\L2_execution\tools\test___init___adg.py ...      [ 23%]
tests\unit\agentic_core\L2_execution\tools\test_content_relevance_impl_adg.py . [ 23%]
..                                                                       [ 23%]
tests\unit\agentic_core\L2_execution\tools\test_figma_mcp_client_adg.py . [ 23%]
..                                                                       [ 23%]
tests\unit\agentic_core\L2_execution\tools\test_file_io_impl_adg.py ...  [ 23%]
tests\unit\agentic_core\L2_execution\tools\test_git_ops_impl_adg.py ...  [ 23%]
tests\unit\agentic_core\L2_execution\tools\test_git_ops_mcp.py ...       [ 23%]
tests\unit\agentic_core\L2_execution\tools\test_job_analyzer_impl_adg.py . [ 23%]
..                                                                       [ 23%]
tests\unit\agentic_core\L2_execution\tools\test_mutation_ledger.py ...   [ 23%]
tests\unit\agentic_core\L2_execution\tools\test_ptc_contract_adg.py ...  [ 24%]
tests\unit\agentic_core\L2_execution\tools\test_read_gateway.py ...      [ 24%]
tests\unit\agentic_core\L2_execution\tools\test_safe_subprocess.py ...   [ 24%]
tests\unit\agentic_core\L2_execution\tools\test_tool_chain_executor_adg.py . [ 24%]
..                                                                       [ 24%]
tests\unit\agentic_core\L2_execution\tools\test_tool_verifier_impl_adg.py . [ 24%]
..                                                                       [ 24%]
tests\unit\agentic_core\L2_execution\tools\test_unsafe_io_detector_adg.py . [ 24%]
..                                                                       [ 24%]
tests\unit\agentic_core\L2_execution\tools\test_web_search_client_adg.py . [ 24%]
..                                                                       [ 24%]
tests\unit\agentic_core\L2_execution\tools\test_write_gateway.py ....    [ 24%]
tests\unit\agentic_core\L2_execution\tools\test_write_gateway_adg.py ... [ 24%]
                                                                         [ 24%]
tests\unit\agentic_core\L2_execution\types\test___init___adg.py ...      [ 24%]
tests\unit\agentic_core\L2_execution\types\test_agent_output_contract.py . [ 24%]
..                                                                       [ 24%]
tests\unit\agentic_core\L2_execution\types\test_blast_radius_controls_types_adg.py . [ 24%]
...                                                                      [ 24%]
tests\unit\agentic_core\L2_execution\types\test_bullet_format_types_adg.py . [ 24%]
...                                                                      [ 24%]
tests\unit\agentic_core\L2_execution\types\test_capability_token_types.py . [ 24%]
..                                                                       [ 24%]
tests\unit\agentic_core\L2_execution\types\test_circuit_breaker_respects_backpressure.py . [ 24%]
..                                                                       [ 24%]
tests\unit\agentic_core\L2_execution\types\test_commit_proof_invariant_types_adg.py . [ 24%]
..                                                                       [ 24%]
tests\unit\agentic_core\L2_execution\types\test_ephemeral_vm_types_adg.py . [ 24%]
..                                                                       [ 24%]
tests\unit\agentic_core\L2_execution\types\test_heal_contract_types.py . [ 24%]
..                                                                       [ 25%]
tests\unit\agentic_core\L2_execution\types\test_heal_contract_types_adg.py . [ 25%]
..                                                                       [ 25%]
tests\unit\agentic_core\L2_execution\types\test_infra_error_types.py .   [ 25%]
tests\unit\agentic_core\L2_execution\types\test_instruction_packet_types.py . [ 25%]
..                                                                       [ 25%]
tests\unit\agentic_core\L2_execution\types\test_instruction_packet_types_adg.py . [ 25%]
..                                                                       [ 25%]
tests\unit\agentic_core\L2_execution\types\test_keyword_classification_types_adg.py . [ 25%]
..                                                                       [ 25%]
tests\unit\agentic_core\L2_execution\types\test_kv_cache_headroom_under_concurrency.py . [ 25%]
..                                                                       [ 25%]
tests\unit\agentic_core\L2_execution\types\test_l2_phase_spec_adg.py ... [ 25%]
                                                                         [ 25%]
tests\unit\agentic_core\L2_execution\types\test_l2_types_adg.py ...      [ 25%]
tests\unit\agentic_core\L2_execution\types\test_llm_replay_types_adg.py . [ 25%]
..                                                                       [ 25%]
tests\unit\agentic_core\L2_execution\types\test_mcp_client_types_adg.py . [ 25%]
..                                                                       [ 25%]
tests\unit\agentic_core\L2_execution\types\test_mcp_error_types_adg.py . [ 25%]
..                                                                       [ 25%]
tests\unit\agentic_core\L2_execution\types\test_mcp_security_types_adg.py . [ 25%]
..                                                                       [ 25%]
tests\unit\agentic_core\L2_execution\types\test_mcp_tool_types_adg.py .. [ 25%]
.                                                                        [ 25%]
tests\unit\agentic_core\L2_execution\types\test_ml_pattern_record_types_adg.py . [ 25%]
..                                                                       [ 25%]
tests\unit\agentic_core\L2_execution\types\test_ml_write_intent_types_adg.py . [ 25%]
..                                                                       [ 25%]
tests\unit\agentic_core\L2_execution\types\test_ptc_tool_contracts_types_adg.py . [ 25%]
..                                                                       [ 25%]
tests\unit\agentic_core\L2_execution\types\test_queue_overflow_fallback.py . [ 25%]
..                                                                       [ 25%]
tests\unit\agentic_core\L2_execution\types\test_queue_timeout_fallback.py . [ 25%]
..                                                                       [ 25%]
tests\unit\agentic_core\L2_execution\types\test_replay_envelope_types_adg.py . [ 26%]
..                                                                       [ 26%]
tests\unit\agentic_core\L2_execution\types\test_resource_prediction_types.py . [ 26%]
..                                                                       [ 26%]
tests\unit\agentic_core\L2_execution\types\test_sandbox_envelope_types.py . [ 26%]
..                                                                       [ 26%]
tests\unit\agentic_core\L2_execution\types\test_self_healing_trigger.py . [ 26%]
..                                                                       [ 26%]
tests\unit\agentic_core\L2_execution\types\test_serving_profile_constants.py . [ 26%]
..                                                                       [ 26%]
tests\unit\agentic_core\L2_execution\types\test_token_budget_preflight_fallback.py . [ 26%]
..                                                                       [ 26%]
tests\unit\agentic_core\L2_execution\types\test_token_cap_enforced.py .. [ 26%]
.                                                                        [ 26%]
tests\unit\agentic_core\L2_execution\types\test_token_enforcement_types_adg.py . [ 26%]
...                                                                      [ 26%]
tests\unit\agentic_core\L2_execution\types\test_tool_args_types.py .     [ 26%]
tests\unit\agentic_core\L2_execution\types\test_tool_args_types_adg.py . [ 26%]
..                                                                       [ 26%]
tests\unit\agentic_core\L2_execution\types\test_tool_enforcement_types_adg.py . [ 26%]
..                                                                       [ 26%]
tests\unit\agentic_core\L2_execution\types\test_tool_intent_types_adg.py . [ 26%]
..                                                                       [ 26%]
tests\unit\agentic_core\L2_execution\types\test_vllm_backpressure_integration.py . [ 26%]
..                                                                       [ 26%]
tests\unit\agentic_core\L2_execution\types\test_vllm_backpressure_types.py . [ 26%]
..                                                                       [ 26%]
tests\unit\agentic_core\L2_execution\types\test_vllm_backpressure_types_adg.py . [ 26%]
..                                                                       [ 26%]
tests\unit\agentic_core\L2_execution\types\test_vllm_gateway_adapter.py . [ 26%]
..                                                                       [ 26%]
tests\unit\agentic_core\L2_execution\types\test_vllm_gateway_integration_types.py . [ 26%]
..                                                                       [ 26%]
tests\unit\agentic_core\L2_execution\types\test_vllm_gateway_integration_types_adg.py . [ 26%]
..                                                                       [ 26%]
tests\unit\agentic_core\L2_execution\types\test_vllm_infrastructure_fingerprint_types.py . [ 26%]
..                                                                       [ 27%]
tests\unit\agentic_core\L2_execution\types\test_vllm_invariant_contract_types_adg.py . [ 27%]
..                                                                       [ 27%]
tests\unit\agentic_core\L2_execution\types\test_vllm_invariant_enforcement.py . [ 27%]
....                                                                     [ 27%]
tests\unit\agentic_core\L2_execution\types\test_vllm_profile_selection.py . [ 27%]
..                                                                       [ 27%]
tests\unit\agentic_core\L2_execution\types\test_vllm_replay_validator.py . [ 27%]
..                                                                       [ 27%]
tests\unit\agentic_core\L2_execution\types\test_vllm_serving_profile_types_adg.py . [ 27%]
..                                                                       [ 27%]
tests\unit\agentic_core\L2_execution\types\test_vllm_telemetry_end_to_end.py . [ 27%]
..                                                                       [ 27%]
tests\unit\agentic_core\L2_execution\types\test_vllm_token_budget_types.py . [ 27%]
..                                                                       [ 27%]
tests\unit\agentic_core\L2_execution\types\test_vllm_token_budget_types_adg.py . [ 27%]
..                                                                       [ 27%]
tests\unit\agentic_core\L2_execution\utils\test_analysis_ops_util_adg.py . [ 27%]
..                                                                       [ 27%]
tests\unit\agentic_core\L2_execution\utils\test_archive_util_adg.py .... [ 27%]
                                                                         [ 27%]
tests\unit\agentic_core\L2_execution\utils\test_data_serializer_util_adg.py . [ 27%]
..                                                                       [ 27%]
tests\unit\agentic_core\L2_execution\utils\test_deterministic_cleaner_util_adg.py . [ 27%]
..                                                                       [ 27%]
tests\unit\agentic_core\L2_execution\utils\test_egress_mcp.py ...        [ 27%]
tests\unit\agentic_core\L2_execution\utils\test_egress_util.py .         [ 27%]
tests\unit\agentic_core\L2_execution\utils\test_factory_util_adg.py ...  [ 27%]
tests\unit\agentic_core\L2_execution\utils\test_gemini_spy_util_adg.py . [ 27%]
..                                                                       [ 27%]
tests\unit\agentic_core\L2_execution\utils\test_payload_formatter_util_adg.py . [ 27%]
..                                                                       [ 27%]
tests\unit\agentic_core\L2_execution\utils\test_staging_buffer_util_adg.py . [ 28%]
..                                                                       [ 28%]
tests\unit\agentic_core\L2_execution\utils\test_text_similarity_util_adg.py . [ 28%]
..                                                                       [ 28%]
tests\unit\agentic_core\L2_execution\utils\test_tool_registry_util_adg.py . [ 28%]
..                                                                       [ 28%]
tests\unit\agentic_core\L3_orchestration\config\test_orchestrator_config_adg.py . [ 28%]
..                                                                       [ 28%]
tests\unit\agentic_core\L3_orchestration\core\test_orchestrator_state_retry.py . [ 28%]
..                                                                       [ 28%]
tests\unit\agentic_core\L3_orchestration\core\test_summary_adg.py ...    [ 28%]
tests\unit\agentic_core\L3_orchestration\enforcement\test_mission_runner_adg.py . [ 28%]
..                                                                       [ 28%]
tests\unit\agentic_core\L3_orchestration\engines\test_action_router_adg.py . [ 28%]
..                                                                       [ 28%]
tests\unit\agentic_core\L3_orchestration\engines\test_autonomous_execution_engine_adg.py . [ 28%]
..                                                                       [ 28%]
tests\unit\agentic_core\L3_orchestration\engines\test_autonomous_workflow_engine_adg.py . [ 28%]
..                                                                       [ 28%]
tests\unit\agentic_core\L3_orchestration\engines\test_call_formatting_router_adg.py . [ 28%]
..                                                                       [ 28%]
tests\unit\agentic_core\L3_orchestration\engines\test_dag_manager_adg.py . [ 28%]
..                                                                       [ 28%]
tests\unit\agentic_core\L3_orchestration\engines\test_l3_orchestrator_wiring.py . [ 28%]
..                                                                       [ 28%]
tests\unit\agentic_core\L3_orchestration\engines\test_omni_context_engine_adg.py . [ 28%]
..                                                                       [ 28%]
tests\unit\agentic_core\L3_orchestration\engines\test_reflex_layer_pattern_adg.py . [ 28%]
..                                                                       [ 28%]
tests\unit\agentic_core\L3_orchestration\engines\test_rl_coordinator_orchestrator.py . [ 28%]
..                                                                       [ 28%]
tests\unit\agentic_core\L3_orchestration\ptc\test_tool_call_store_adg.py . [ 28%]
..                                                                       [ 28%]
tests\unit\agentic_core\L3_orchestration\reasoning\test_DAGMutatorAgent.py . [ 28%]
..                                                                       [ 29%]
tests\unit\agentic_core\L3_orchestration\reasoning\test_DagEngineAgent.py . [ 29%]
..                                                                       [ 29%]
tests\unit\agentic_core\L3_orchestration\reasoning\test_DomainPlannerAgent.py . [ 29%]
..                                                                       [ 29%]
tests\unit\agentic_core\L3_orchestration\reasoning\test_StateManagementAgent.py . [ 29%]
..                                                                       [ 29%]
tests\unit\agentic_core\L3_orchestration\reasoning\test_UnifiedAgent.py . [ 29%]
                                                                         [ 29%]
tests\unit\agentic_core\L3_orchestration\reasoning\test_hil_evidence_emission.py . [ 29%]
..                                                                       [ 29%]
tests\unit\agentic_core\L3_orchestration\reasoning\test_hil_policy_proposal_emission.py . [ 29%]
..                                                                       [ 29%]
tests\unit\agentic_core\L3_orchestration\reasoning\test_mcp_manager.py . [ 29%]
                                                                         [ 29%]
tests\unit\agentic_core\L3_orchestration\reasoning\test_route_decision_artifact_contract.py . [ 29%]
..                                                                       [ 29%]
tests\unit\agentic_core\L3_orchestration\reasoning\test_route_decision_emission.py . [ 29%]
..                                                                       [ 29%]
tests\unit\agentic_core\L3_orchestration\reasoning\test_semantic_clock_propagation.py . [ 29%]
..                                                                       [ 29%]
tests\unit\agentic_core\L3_orchestration\reasoning\test_state_management_agent_adg.py . [ 29%]
......                                                                   [ 29%]
tests\unit\agentic_core\L3_orchestration\reasoning\test_state_management_mcp.py . [ 29%]
..                                                                       [ 29%]
tests\unit\agentic_core\L3_orchestration\reasoning\test_subatomic_agent_adg.py . [ 29%]
..                                                                       [ 29%]
tests\unit\agentic_core\L3_orchestration\reasoning\test_workflow_engine_agent.py . [ 29%]
..                                                                       [ 29%]
tests\unit\agentic_core\L3_orchestration\scripts\test_guardian_heal_orchestrator_adg.py . [ 29%]
..                                                                       [ 29%]
tests\unit\agentic_core\L3_orchestration\test_orchestration_handshake.py . [ 29%]
..                                                                       [ 29%]
tests\unit\agentic_core\L3_orchestration\types\test_approval_contract.py . [ 29%]
..                                                                       [ 29%]
tests\unit\agentic_core\L3_orchestration\types\test_artifact_types_adg.py . [ 29%]
..                                                                       [ 30%]
tests\unit\agentic_core\L3_orchestration\types\test_cognitive_diff_bundle.py . [ 30%]
..                                                                       [ 30%]
tests\unit\agentic_core\L3_orchestration\types\test_context_pruning_types_adg.py . [ 30%]
..                                                                       [ 30%]
tests\unit\agentic_core\L3_orchestration\types\test_execution_phase_signal_types_adg.py . [ 30%]
...                                                                      [ 30%]
tests\unit\agentic_core\L3_orchestration\types\test_hop_status_types_adg.py . [ 30%]
..                                                                       [ 30%]
tests\unit\agentic_core\L3_orchestration\types\test_injection_result_types_adg.py . [ 30%]
..                                                                       [ 30%]
tests\unit\agentic_core\L3_orchestration\types\test_permission_scope_types_adg.py . [ 30%]
..                                                                       [ 30%]
tests\unit\agentic_core\L3_orchestration\types\test_rag_provider_types_adg.py . [ 30%]
..                                                                       [ 30%]
tests\unit\agentic_core\L3_orchestration\types\test_recursion_monitor_types_adg.py . [ 30%]
..                                                                       [ 30%]
tests\unit\agentic_core\L3_orchestration\types\test_recursive_orchestration_types_adg.py . [ 30%]
..                                                                       [ 30%]
tests\unit\agentic_core\L3_orchestration\types\test_scenario_type_types_adg.py . [ 30%]
..                                                                       [ 30%]
tests\unit\agentic_core\L3_orchestration\types\test_workflow_loader_types_adg.py . [ 30%]
..                                                                       [ 30%]
tests\unit\agentic_core\L3_orchestration\types\test_workflow_types_adg.py . [ 30%]
..                                                                       [ 30%]
tests\unit\agentic_core\L3_orchestration\workflow_engines\test_dag_runtime_inspector_agent.py . [ 30%]
..                                                                       [ 30%]
tests\unit\agentic_core\L4_state\config\test_versioned_configs.py .      [ 30%]
tests\unit\agentic_core\L4_state\config\test_vllm_routing_predicates.py . [ 30%]
..                                                                       [ 30%]
tests\unit\agentic_core\L4_state\enforcement\test_activation_flags.py .. [ 30%]
.                                                                        [ 30%]
tests\unit\agentic_core\L4_state\enforcement\test_blast_radius.py ...    [ 30%]
tests\unit\agentic_core\L4_state\enforcement\test_elevator_shaft_consistency_enforcer.py . [ 30%]
..                                                                       [ 30%]
tests\unit\agentic_core\L4_state\enforcement\test_graph_memory_bridge.py . [ 31%]
..                                                                       [ 31%]
tests\unit\agentic_core\L4_state\enforcement\test_graph_memory_bridge_concurrency.py . [ 31%]
......                                                                   [ 31%]
tests\unit\agentic_core\L4_state\enforcement\test_graph_memory_bridge_isolation.py . [ 31%]
.............                                                            [ 31%]
tests\unit\agentic_core\L4_state\enforcement\test_metrics_emission.py .. [ 31%]
.                                                                        [ 31%]
tests\unit\agentic_core\L4_state\enforcement\test_promotion_authority.py . [ 31%]
..                                                                       [ 31%]
tests\unit\agentic_core\L4_state\memory\test_faiss_store.py sssssssss    [ 31%]
tests\unit\agentic_core\L4_state\memory\test_in_memory_vector_cache.py . [ 31%]
..                                                                       [ 31%]
tests\unit\agentic_core\L4_state\memory\test_l1_exact_cache.py ......... [ 31%]
.....                                                                    [ 32%]
tests\unit\agentic_core\L4_state\memory\test_runtime_models_adg.py ....  [ 32%]
tests\unit\agentic_core\L4_state\memory\test_runtime_state_guard_adg.py . [ 32%]
..                                                                       [ 32%]
tests\unit\agentic_core\L4_state\memory\test_semantic_cache_manager.py . [ 32%]
                                                                         [ 32%]
tests\unit\agentic_core\L4_state\memory\test_verifiable_checkpoint_manager_adg.py . [ 32%]
..                                                                       [ 32%]
tests\unit\agentic_core\L4_state\prompt_taxonomy\test_category_loader.py . [ 32%]
.............                                                            [ 32%]
tests\unit\agentic_core\L4_state\reasoning\test_CheckpointManager.py ... [ 32%]
                                                                         [ 32%]
tests\unit\agentic_core\L4_state\reasoning\test_CheckpointManager_adg.py . [ 32%]
..                                                                       [ 32%]
tests\unit\agentic_core\L4_state\reasoning\test_state_ledger_agent.py .. [ 32%]
.                                                                        [ 32%]
tests\unit\agentic_core\L4_state\test_ledger_integrity.py ...            [ 32%]
tests\unit\agentic_core\L4_state\test_two_phase_commit.py ...            [ 32%]
tests\unit\agentic_core\L4_state\test_unified_state_manager.py ...       [ 32%]
tests\unit\agentic_core\L4_state\types\test_context_priority_types_adg.py . [ 32%]
..                                                                       [ 32%]
tests\unit\agentic_core\L4_state\types\test_memory_item_types.py .       [ 32%]
tests\unit\agentic_core\L4_state\types\test_retrieval_anchor_types.py .  [ 32%]
tests\unit\agentic_core\L4_state\types\test_state_checkpoint_types_adg.py . [ 32%]
...                                                                      [ 33%]
tests\unit\agentic_core\L4_state\types\test_state_validation_types_adg.py . [ 33%]
..                                                                       [ 33%]
tests\unit\agentic_core\L4_state\types\test_vector_store_types_adg.py .. [ 33%]
.                                                                        [ 33%]
tests\unit\agentic_core\L4_state\utils\test_circuit_breaker_util_adg.py . [ 33%]
..                                                                       [ 33%]
tests\unit\agentic_core\L4_state\utils\test_layer_gravity_util.py ...    [ 33%]
tests\unit\agentic_core\L4_state\utils\test_rag_enhancement_util_adg.py . [ 33%]
..                                                                       [ 33%]
tests\unit\agentic_core\L4_state\utils\test_telemetry_sanitizer_util_adg.py . [ 33%]
..                                                                       [ 33%]
tests\unit\agentic_core\L4_state\workflow_engines\test_cache_key_builders.py . [ 33%]
                                                                         [ 33%]
tests\unit\agentic_core\L4_state\workflow_engines\test_redis_cache_client_adg.py . [ 33%]
..                                                                       [ 33%]
tests\unit\agentic_core\L5_safety\config\structure_blueprint\enforcement\test_enforcement_types_adg.py . [ 33%]
..                                                                       [ 33%]
tests\unit\agentic_core\L5_safety\config\structure_blueprint\enforcement\test_import_graph_adg.py . [ 33%]
.F                                                                       [ 33%]
tests\unit\agentic_core\L5_safety\config\structure_blueprint\test__constants.py . [ 33%]
                                                                         [ 33%]
tests\unit\agentic_core\L5_safety\config\structure_blueprint\test__simulate_verify_adg.py . [ 33%]
.F                                                                       [ 33%]
tests\unit\agentic_core\L5_safety\config\structure_blueprint\test__verify_adg.py . [ 33%]
.F                                                                       [ 33%]
tests\unit\agentic_core\L5_safety\config\structure_blueprint\test_artifacts_adg.py . [ 33%]
.F                                                                       [ 33%]
tests\unit\agentic_core\L5_safety\config\structure_blueprint\test_classification_adg.py . [ 33%]
.F                                                                       [ 33%]
tests\unit\agentic_core\L5_safety\config\structure_blueprint\test_derived.py . [ 33%]
                                                                         [ 33%]
tests\unit\agentic_core\L5_safety\config\structure_blueprint\test_semantics_adg.py . [ 33%]
.F                                                                       [ 33%]
tests\unit\agentic_core\L5_safety\config\structure_blueprint\test_ssot.py . [ 33%]
                                                                         [ 33%]
tests\unit\agentic_core\L5_safety\config\structure_blueprint\test_territories.py . [ 33%]
                                                                         [ 33%]
tests\unit\agentic_core\L5_safety\config\test_contract_stage_config.py F [ 33%]
FFF                                                                      [ 33%]
tests\unit\agentic_core\L5_safety\config\test_detection_signal_config_adg.py F [ 33%]
FF                                                                       [ 34%]
tests\unit\agentic_core\L5_safety\config\test_structure_blueprint_config.py . [ 34%]
.F                                                                       [ 34%]
tests\unit\agentic_core\L5_safety\core\test_code_healer_canon_cst.py ..F [ 34%]
                                                                         [ 34%]
tests\unit\agentic_core\L5_safety\core\test_code_healer_facade.py ..F    [ 34%]
tests\unit\agentic_core\L5_safety\core\test_complexity_analyzer_facade.py . [ 34%]
.                                                                        [ 34%]
tests\unit\agentic_core\L5_safety\core\test_hygiene_consolidation.py ..F [ 34%]
                                                                         [ 34%]
tests\unit\agentic_core\L5_safety\core_kernel\test_classification_kernel.py . [ 34%]
                                                                         [ 34%]
tests\unit\agentic_core\L5_safety\core_kernel\test_execution_mode.py ..F [ 34%]
                                                                         [ 34%]
tests\unit\agentic_core\L5_safety\enforcement\governance\test_cache_guard.py . [ 34%]
.F                                                                       [ 34%]
tests\unit\agentic_core\L5_safety\enforcement\governance\test_docs_structure_guard.py . [ 34%]
.F                                                                       [ 34%]
tests\unit\agentic_core\L5_safety\enforcement\governance\test_logs_guard.py . [ 34%]
.F                                                                       [ 34%]
tests\unit\agentic_core\L5_safety\enforcement\security\test_credential_access_guard.py . [ 34%]
.F                                                                       [ 34%]
tests\unit\agentic_core\L5_safety\enforcement\test_adapter_base_adg.py . [ 34%]
.F                                                                       [ 34%]
tests\unit\agentic_core\L5_safety\enforcement\test_agent_info_enforcer.py F [ 34%]
FFFF                                                                     [ 34%]
tests\unit\agentic_core\L5_safety\enforcement\test_archival_gatekeeper.py . [ 34%]
.F                                                                       [ 34%]
tests\unit\agentic_core\L5_safety\enforcement\test_archival_gatekeeper_gate.py . [ 34%]
                                                                         [ 34%]
tests\unit\agentic_core\L5_safety\enforcement\test_circuit_breaker_gate.py . [ 34%]
                                                                         [ 34%]
tests\unit\agentic_core\L5_safety\enforcement\test_context_session_manager_enforcer.py . [ 34%]
.F                                                                       [ 34%]
tests\unit\agentic_core\L5_safety\enforcement\test_dependency_graph_enforcer_adg.py . [ 34%]
.F                                                                       [ 34%]
tests\unit\agentic_core\L5_safety\enforcement\test_error_recovery_guardrail.py . [ 34%]
.F                                                                       [ 34%]
tests\unit\agentic_core\L5_safety\enforcement\test_error_recovery_strategy_adg.py . [ 35%]
.F                                                                       [ 35%]
tests\unit\agentic_core\L5_safety\enforcement\test_hardcoded_path_refactorer_enforcer.py . [ 35%]
.F                                                                       [ 35%]
tests\unit\agentic_core\L5_safety\enforcement\test_hierarchy_validator_enforcer_adg.py . [ 35%]
.F                                                                       [ 35%]
tests\unit\agentic_core\L5_safety\enforcement\test_hitl_gate.py ..F      [ 35%]
tests\unit\agentic_core\L5_safety\enforcement\test_import_boundary_check_enforcer_adg.py . [ 35%]
.F                                                                       [ 35%]
tests\unit\agentic_core\L5_safety\enforcement\test_mcp_sovereign_authority_adg.py . [ 35%]
.F                                                                       [ 35%]
tests\unit\agentic_core\L5_safety\enforcement\test_mock_context_enforcer.py . [ 35%]
.F                                                                       [ 35%]
tests\unit\agentic_core\L5_safety\enforcement\test_module_collision_guardrail.py . [ 35%]
.F                                                                       [ 35%]
tests\unit\agentic_core\L5_safety\enforcement\test_mutation_prohibition_enforcer.py . [ 35%]
..                                                                       [ 35%]
tests\unit\agentic_core\L5_safety\enforcement\test_pii_vault_enforcer_adg.py . [ 35%]
..                                                                       [ 35%]
tests\unit\agentic_core\L5_safety\enforcement\test_process_guardrail_adg.py . [ 35%]
..                                                                       [ 35%]
tests\unit\agentic_core\L5_safety\enforcement\test_registry_verification.py . [ 35%]
..                                                                       [ 35%]
tests\unit\agentic_core\L5_safety\enforcement\test_registry_verification_enforcer.py . [ 35%]
                                                                         [ 35%]
tests\unit\agentic_core\L5_safety\enforcement\test_req_ragx006_citation_custody.py . [ 35%]
..                                                                       [ 35%]
tests\unit\agentic_core\L5_safety\enforcement\test_runtime_mutation_guardrail_adg.py . [ 35%]
..                                                                       [ 35%]
tests\unit\agentic_core\L5_safety\enforcement\test_safe_subprocess_handler_enforcer.py . [ 35%]
..                                                                       [ 35%]
tests\unit\agentic_core\L5_safety\enforcement\test_safe_subprocess_handler_enforcer_adg.py . [ 35%]
..                                                                       [ 35%]
tests\unit\agentic_core\L5_safety\enforcement\test_secure_error_handler_enforcer.py . [ 35%]
..                                                                       [ 35%]
tests\unit\agentic_core\L5_safety\enforcement\test_sovereign_healing_engine_enforcer.py . [ 35%]
..                                                                       [ 36%]
tests\unit\agentic_core\L5_safety\enforcement\test_ssot_scanner_enforcer_adg.py . [ 36%]
..                                                                       [ 36%]
tests\unit\agentic_core\L5_safety\enforcement\test_structural_namespace_fence_enforcer.py . [ 36%]
..                                                                       [ 36%]
tests\unit\agentic_core\L5_safety\enforcement\test_system_enforcer.py .. [ 36%]
.                                                                        [ 36%]
tests\unit\agentic_core\L5_safety\enforcement\test_three_tier_compliance_enforcer_adg.py . [ 36%]
..                                                                       [ 36%]
tests\unit\agentic_core\L5_safety\enforcement\test_verification_gate.py . [ 36%]
                                                                         [ 36%]
tests\unit\agentic_core\L5_safety\governance\test_lazy_seam_scanner.py . [ 36%]
..                                                                       [ 36%]
tests\unit\agentic_core\L5_safety\hitl\test_deterministic_logging.py ... [ 36%]
                                                                         [ 36%]
tests\unit\agentic_core\L5_safety\hitl\test_patch_validation.py ...      [ 36%]
tests\unit\agentic_core\L5_safety\reasoning\test_AdversarialRedTeamerAgent.py . [ 36%]
..                                                                       [ 36%]
tests\unit\agentic_core\L5_safety\reasoning\test_ArchitectureGovernorAgent.py . [ 36%]
..                                                                       [ 36%]
tests\unit\agentic_core\L5_safety\reasoning\test_BenchmarkingAgent.py .. [ 36%]
.                                                                        [ 36%]
tests\unit\agentic_core\L5_safety\reasoning\test_CodeEnforcerAgent.py .  [ 36%]
tests\unit\agentic_core\L5_safety\reasoning\test_CodeHealerAgent.py .    [ 36%]
tests\unit\agentic_core\L5_safety\reasoning\test_CodeValidatorAgent.py . [ 36%]
                                                                         [ 36%]
tests\unit\agentic_core\L5_safety\reasoning\test_CognitiveDispositionAgent.py . [ 36%]
                                                                         [ 36%]
tests\unit\agentic_core\L5_safety\reasoning\test_DependencyPruningAgent_adg.py . [ 36%]
..                                                                       [ 36%]
tests\unit\agentic_core\L5_safety\reasoning\test_FileClassificationAgent.py . [ 36%]
..                                                                       [ 36%]
tests\unit\agentic_core\L5_safety\reasoning\test_FileClassificationAgent_e2e\test_folder_enforcement.py . [ 36%]
........                                                                 [ 36%]
tests\unit\agentic_core\L5_safety\reasoning\test_GovernanceAgent.py ...  [ 36%]
tests\unit\agentic_core\L5_safety\reasoning\test_GravityLeakRepairAgent.py . [ 37%]
                                                                         [ 37%]
tests\unit\agentic_core\L5_safety\reasoning\test_HierarchyAgent.py ...   [ 37%]
tests\unit\agentic_core\L5_safety\reasoning\test_IntegrityGateExecutorAgent.py . [ 37%]
..                                                                       [ 37%]
tests\unit\agentic_core\L5_safety\reasoning\test_InterfaceBoundaryAgent_adg.py . [ 37%]
..                                                                       [ 37%]
tests\unit\agentic_core\L5_safety\reasoning\test_LocationHealerAgent.py . [ 37%]
                                                                         [ 37%]
tests\unit\agentic_core\L5_safety\reasoning\test_NamingAgent.py .        [ 37%]
tests\unit\agentic_core\L5_safety\reasoning\test_PredictiveCostAuditorAgent.py . [ 37%]
..                                                                       [ 37%]
tests\unit\agentic_core\L5_safety\reasoning\test_SelfUpdatingSafetyEngineAgent.py . [ 37%]
..                                                                       [ 37%]
tests\unit\agentic_core\L5_safety\reasoning\test_SovereignActionPlaneAgent.py . [ 37%]
                                                                         [ 37%]
tests\unit\agentic_core\L5_safety\reasoning\test_SovereignActionPlaneAgent_adg.py . [ 37%]
..                                                                       [ 37%]
tests\unit\agentic_core\L5_safety\reasoning\test_StructuralValidatorAgent.py . [ 37%]
..                                                                       [ 37%]
tests\unit\agentic_core\L5_safety\reasoning\test_StructureEnforcerAgent.py . [ 37%]
                                                                         [ 37%]
tests\unit\agentic_core\L5_safety\reasoning\test_TerritoryChangeHandlerAgent_adg.py . [ 37%]
..                                                                       [ 37%]
tests\unit\agentic_core\L5_safety\reasoning\test_architecture_governor_dispatch.py . [ 37%]
..                                                                       [ 37%]
tests\unit\agentic_core\L5_safety\reasoning\test_code_detector_agent_adg.py . [ 37%]
..                                                                       [ 37%]
tests\unit\agentic_core\L5_safety\reasoning\test_constants_quarantine_invariant.py . [ 37%]
..                                                                       [ 37%]
tests\unit\agentic_core\L5_safety\reasoning\test_file_classification_validator_adg.py . [ 37%]
..                                                                       [ 37%]
tests\unit\agentic_core\L5_safety\reasoning\test_filesystem_ssot_reconciler.py . [ 37%]
                                                                         [ 37%]
tests\unit\agentic_core\L5_safety\reasoning\test_filesystem_ssot_validator_adg.py . [ 37%]
..                                                                       [ 37%]
tests\unit\agentic_core\L5_safety\reasoning\test_git_hygiene_agent_adg.py . [ 37%]
..                                                                       [ 37%]
tests\unit\agentic_core\L5_safety\reasoning\test_gravity_leak_healer_agent_adg.py . [ 37%]
..                                                                       [ 37%]
tests\unit\agentic_core\L5_safety\reasoning\test_hierarchy_healer.py .   [ 37%]
tests\unit\agentic_core\L5_safety\reasoning\test_location_validator.py . [ 37%]
                                                                         [ 37%]
tests\unit\agentic_core\L5_safety\reasoning\test_neural_auto_immune_agent_adg.py . [ 38%]
..                                                                       [ 38%]
tests\unit\agentic_core\L5_safety\reasoning\test_resource_manager_agent_adg.py . [ 38%]
..                                                                       [ 38%]
tests\unit\agentic_core\L5_safety\reasoning\test_root_hygiene_healer.py . [ 38%]
                                                                         [ 38%]
tests\unit\agentic_core\L5_safety\reasoning\test_safety_detector_agent_adg.py . [ 38%]
..                                                                       [ 38%]
tests\unit\agentic_core\L5_safety\reasoning\test_safety_executor_agent_adg.py . [ 38%]
..                                                                       [ 38%]
tests\unit\agentic_core\L5_safety\reasoning\test_security_manager_agent_adg.py . [ 38%]
..                                                                       [ 38%]
tests\unit\agentic_core\L5_safety\reasoning\test_system_architect_agent_adg.py . [ 38%]
..                                                                       [ 38%]
tests\unit\agentic_core\L5_safety\retrieval\test_retrieval_safety_gate.py . [ 38%]
............                                                             [ 38%]
tests\unit\agentic_core\L5_safety\runners\test___init___adg.py ...       [ 38%]
tests\unit\agentic_core\L5_safety\runners\test_agent_roster_runner_adg.py . [ 38%]
..                                                                       [ 38%]
tests\unit\agentic_core\L5_safety\runners\test_code_validator_runner_adg.py . [ 38%]
..                                                                       [ 38%]
tests\unit\agentic_core\L5_safety\runners\test_hierarchy_runner.py .     [ 38%]
tests\unit\agentic_core\L5_safety\runners\test_orchestrator_runner_adg.py . [ 38%]
..                                                                       [ 38%]
tests\unit\agentic_core\L5_safety\security\test_side_effect_guard.py ... [ 38%]
                                                                         [ 38%]
tests\unit\agentic_core\L5_safety\security\test_signature_verifier.py .. [ 38%]
.                                                                        [ 38%]
tests\unit\agentic_core\L5_safety\security\test_verification_gate_security.py . [ 38%]
..                                                                       [ 38%]
tests\unit\agentic_core\L5_safety\static_checks\test_determinism_serialization_check_adg.py . [ 39%]
..                                                                       [ 39%]
tests\unit\agentic_core\L5_safety\static_checks\test_execution_scope_nondeterminism.py . [ 39%]
..                                                                       [ 39%]
tests\unit\agentic_core\L5_safety\static_checks\test_powershell_ban_adg.py . [ 39%]
..                                                                       [ 39%]
tests\unit\agentic_core\L5_safety\static_checks\test_ptc_invariants_adg.py . [ 39%]
..                                                                       [ 39%]
tests\unit\agentic_core\L5_safety\static_checks\test_system_invariant_scanner_adg.py . [ 39%]
..                                                                       [ 39%]
tests\unit\agentic_core\L5_safety\static_checks\test_write_gateway_enforcer_adg.py . [ 39%]
..                                                                       [ 39%]
tests\unit\agentic_core\L5_safety\test_hardening_addendum_behavioral.py . [ 39%]
..                                                                       [ 39%]
tests\unit\agentic_core\L5_safety\test_hollow_file_detector.py ..FF..    [ 39%]
tests\unit\agentic_core\L5_safety\types\test_constitutional_governance_types_adg.py . [ 39%]
..                                                                       [ 39%]
tests\unit\agentic_core\L5_safety\types\test_cst_transformers_types.py . [ 39%]
                                                                         [ 39%]
tests\unit\agentic_core\L5_safety\types\test_file_health_score_types_adg.py . [ 39%]
..                                                                       [ 39%]
tests\unit\agentic_core\L5_safety\types\test_hardening_errors.py .       [ 39%]
tests\unit\agentic_core\L5_safety\types\test_hardening_errors_adg.py FF. [ 39%]
..                                                                       [ 39%]
tests\unit\agentic_core\L5_safety\types\test_heal_policy_types.py .      [ 39%]
tests\unit\agentic_core\L5_safety\types\test_healing_orchestration_types.py . [ 39%]
..                                                                       [ 39%]
tests\unit\agentic_core\L5_safety\types\test_health_status_types_adg.py . [ 39%]
..                                                                       [ 39%]
tests\unit\agentic_core\L5_safety\types\test_human_decision_artifact.py . [ 39%]
..                                                                       [ 39%]
tests\unit\agentic_core\L5_safety\types\test_integrity_validation_types_adg.py . [ 39%]
..                                                                       [ 39%]
tests\unit\agentic_core\L5_safety\types\test_resource_management_types_adg.py . [ 39%]
..                                                                       [ 40%]
tests\unit\agentic_core\L5_safety\types\test_rule_types_adg.py ...       [ 40%]
tests\unit\agentic_core\L5_safety\types\test_safety_types.py .....       [ 40%]
tests\unit\agentic_core\L5_safety\types\test_surgical_context_types.py . [ 40%]
                                                                         [ 40%]
tests\unit\agentic_core\L5_safety\types\test_validation_result_types_adg.py . [ 40%]
..                                                                       [ 40%]
tests\unit\agentic_core\L5_safety\utils\test_canonical_truth_util.py ... [ 40%]
                                                                         [ 40%]
tests\unit\agentic_core\L5_safety\utils\test_check_output_quality_util_adg.py . [ 40%]
..                                                                       [ 40%]
tests\unit\agentic_core\L5_safety\utils\test_code_tool_runner_core_util_adg.py . [ 40%]
..                                                                       [ 40%]
tests\unit\agentic_core\L5_safety\utils\test_cognitive_batch_processor_util_adg.py . [ 40%]
..                                                                       [ 40%]
tests\unit\agentic_core\L5_safety\utils\test_fca_safety_gates_util_adg.py . [ 40%]
..                                                                       [ 40%]
tests\unit\agentic_core\L5_safety\utils\test_fix_inherited_invocation_util.py . [ 40%]
..                                                                       [ 40%]
tests\unit\agentic_core\L5_safety\utils\test_gravity_visitor_util.py ... [ 40%]
                                                                         [ 40%]
tests\unit\agentic_core\L5_safety\utils\test_location_utils_util_adg.py . [ 40%]
..                                                                       [ 40%]
tests\unit\agentic_core\L5_safety\utils\test_pre_deploy_check_util_adg.py . [ 40%]
..                                                                       [ 40%]
tests\unit\agentic_core\L5_safety\utils\test_ssot_folder_check_util_adg.py . [ 40%]
..                                                                       [ 40%]
tests\unit\agentic_core\L5_safety\utils\test_subprocess_security_util.py . [ 40%]
                                                                         [ 40%]
tests\unit\agentic_core\L5_safety\utils\test_subprocess_security_util_adg.py . [ 40%]
..                                                                       [ 40%]
tests\unit\agentic_core\L5_safety\utils\test_verify_no_mock_data_util_adg.py . [ 40%]
..                                                                       [ 40%]
tests\unit\agentic_core\L5_safety\utils\test_verify_semantic_meta_learning_util.py . [ 40%]
..                                                                       [ 41%]
tests\unit\agentic_core\L5_safety\validators\test_agentthoughtprocess_validator_adg.py . [ 41%]
..                                                                       [ 41%]
tests\unit\agentic_core\L5_safety\validators\test_anti_pattern_scanner_validator_adg.py . [ 41%]
........                                                                 [ 41%]
tests\unit\agentic_core\L5_safety\validators\test_anti_pattern_scanner_validator_enhanced.py . [ 41%]
..................                                                       [ 41%]
tests\unit\agentic_core\L5_safety\validators\test_chaos_healing_integration_types_adg.py . [ 41%]
..                                                                       [ 41%]
tests\unit\agentic_core\L5_safety\validators\test_code_janitor_agent_adg.py . [ 41%]
...........                                                              [ 41%]
tests\unit\agentic_core\L5_safety\validators\test_code_validator_facade.py . [ 41%]
..                                                                       [ 41%]
tests\unit\agentic_core\L5_safety\validators\test_context_validator_adg.py . [ 41%]
..                                                                       [ 41%]
tests\unit\agentic_core\L5_safety\validators\test_cst_canary.py ...      [ 42%]
tests\unit\agentic_core\L5_safety\validators\test_dependency_healing_integration_types_adg.py . [ 42%]
..                                                                       [ 42%]
tests\unit\agentic_core\L5_safety\validators\test_flat_directory_enforcement.py . [ 42%]
..                                                                       [ 42%]
tests\unit\agentic_core\L5_safety\validators\test_global_candidate_vacuum.py . [ 42%]
..                                                                       [ 42%]
tests\unit\agentic_core\L5_safety\validators\test_golden_state_test_case_validator.py . [ 42%]
..                                                                       [ 42%]
tests\unit\agentic_core\L5_safety\validators\test_governance_agent_adg.py . [ 42%]
.........                                                                [ 42%]
tests\unit\agentic_core\L5_safety\validators\test_hygiene_guardian_agent_adg.py . [ 42%]
............                                                             [ 42%]
tests\unit\agentic_core\L5_safety\validators\test_hygiene_guardian_enhanced.py . [ 42%]
..                                                                       [ 42%]
tests\unit\agentic_core\L5_safety\validators\test_migration_helper_validator.py . [ 42%]
..                                                                       [ 42%]
tests\unit\agentic_core\L5_safety\validators\test_pascal_sovereignty_agent_adg.py . [ 42%]
..                                                                       [ 42%]
tests\unit\agentic_core\L5_safety\validators\test_read_file_args_validator.py . [ 42%]
..                                                                       [ 42%]
tests\unit\agentic_core\L5_safety\validators\test_report_location_validator_adg.py . [ 42%]
..                                                                       [ 42%]
tests\unit\agentic_core\L5_safety\validators\test_surgical_context.py .. [ 42%]
.                                                                        [ 43%]
tests\unit\agentic_core\L5_safety\validators\test_surgical_low_tier.py . [ 43%]
..                                                                       [ 43%]
tests\unit\agentic_core\L5_safety\validators\test_test_skip_detector_validator_adg.py . [ 43%]
s.....                                                                   [ 43%]
tests\unit\agentic_core\L5_safety\validators\test_utility_silent_swallower_validator_adg.py . [ 43%]
..                                                                       [ 43%]
tests\unit\agentic_core\L6_observability\dashboard\test_dashboard_aggregation_rca.py F [ 43%]
FF                                                                       [ 43%]
tests\unit\agentic_core\L6_observability\enforcement\test_reasoning_streamer.py F [ 43%]
FF                                                                       [ 43%]
tests\unit\agentic_core\L6_observability\engines\test_PerformanceAnalystAgentSimple_adg.py . [ 43%]
.F                                                                       [ 43%]
tests\unit\agentic_core\L6_observability\engines\test_dpo_pair_generator.py F [ 43%]
FF                                                                       [ 43%]
tests\unit\agentic_core\L6_observability\engines\test_entropy_telemetry_engine.py . [ 43%]
.F                                                                       [ 43%]
tests\unit\agentic_core\L6_observability\evaluation\test_evaluation_cache.py . [ 43%]
......                                                                   [ 43%]
tests\unit\agentic_core\L6_observability\evaluation\test_evaluation_provenance.py . [ 43%]
.............                                                            [ 43%]
tests\unit\agentic_core\L6_observability\evaluation\test_feedback_loop_optimizer.py . [ 43%]
.F............                                                           [ 44%]
tests\unit\agentic_core\L6_observability\evaluation\test_learning_metrics_dashboard.py . [ 44%]
.......                                                                  [ 44%]
tests\unit\agentic_core\L6_observability\evaluation\test_learning_signal_enrichment.py . [ 44%]
....F..F..F.....                                                         [ 44%]
tests\unit\agentic_core\L6_observability\evaluation\test_meta_learning_updater.py . [ 44%]
.........                                                                [ 44%]
tests\unit\agentic_core\L6_observability\evaluation\test_metric_aggregation_engine.py . [ 44%]
..............                                                           [ 45%]
tests\unit\agentic_core\L6_observability\evaluation\test_rag_evaluators.py . [ 45%]
...................                                                      [ 45%]
tests\unit\agentic_core\L6_observability\reasoning\test_observability_probe_executor_adg.py . [ 45%]
.F                                                                       [ 45%]
tests\unit\agentic_core\L6_observability\test_observability_anomaly_detector.py . [ 45%]
.F                                                                       [ 45%]
tests\unit\agentic_core\L6_observability\types\test_monitor_types_adg.py . [ 45%]
.F                                                                       [ 45%]
tests\unit\agentic_core\L6_observability\types\test_sovereign_report_types_adg.py . [ 45%]
.F                                                                       [ 45%]
tests\unit\agentic_core\L6_observability\types\test_tiered_vigilance_monitor.py . [ 45%]
.F                                                                       [ 45%]
tests\unit\agentic_core\_compat\test___init___adg.py ..                  [ 45%]
tests\unit\agentic_core\adg\adapters\test___init___adg.py ..             [ 45%]
tests\unit\agentic_core\adg\adapters\test_memory_mcp_adapter_adg.py .... [ 45%]
...                                                                      [ 45%]
tests\unit\agentic_core\adg\analysis\test___init___adg.py ...            [ 46%]
tests\unit\agentic_core\adg\analysis\test_coupling_metrics.py ...        [ 46%]
tests\unit\agentic_core\adg\analysis\test_hotspot_index.py ......        [ 46%]
tests\unit\agentic_core\adg\analysis\test_impact_adg.py .......          [ 46%]
tests\unit\agentic_core\adg\analysis\test_ownership.py ......            [ 46%]
tests\unit\agentic_core\adg\analysis\test_test_gap.py ......             [ 46%]
tests\unit\agentic_core\adg\applications\test___init___adg.py ..         [ 46%]
tests\unit\agentic_core\adg\applications\test_execute_ssot_integration.py . [ 46%]
..                                                                       [ 46%]
tests\unit\agentic_core\adg\artifact\test___init___adg.py ...            [ 46%]
tests\unit\agentic_core\adg\artifact\test_builder.py ...                 [ 46%]
tests\unit\agentic_core\adg\artifact\test_builder_adg.py ...             [ 46%]
tests\unit\agentic_core\adg\artifact\test_normalizer.py ...              [ 46%]
tests\unit\agentic_core\adg\artifact\test_serializer.py ...              [ 46%]
tests\unit\agentic_core\adg\ci\test___init___adg.py ...                  [ 47%]
tests\unit\agentic_core\adg\client\test___init___adg.py ...              [ 47%]
tests\unit\agentic_core\adg\client\test_mcp_client.py ...                [ 47%]
tests\unit\agentic_core\adg\client\test_mcp_client_adg.py .....          [ 47%]
tests\unit\agentic_core\adg\extraction\test___init___adg.py ...          [ 47%]
tests\unit\agentic_core\adg\extraction\test_exception_pattern_ban.py .F. [ 47%]
F..                                                                      [ 47%]
tests\unit\agentic_core\adg\extraction\test_parser_failure_audit.py .... [ 47%]
.                                                                        [ 47%]
tests\unit\agentic_core\adg\extraction\test_static_scanner.py ...        [ 47%]
tests\unit\agentic_core\adg\extraction\test_static_scanner_adg.py ...... [ 47%]
..                                                                       [ 47%]
tests\unit\agentic_core\adg\extraction\test_static_scanner_wave2.py ...  [ 47%]
tests\unit\agentic_core\adg\identity\test___init___adg.py ...            [ 47%]
tests\unit\agentic_core\adg\identity\test_normalizer.py ...              [ 47%]
tests\unit\agentic_core\adg\identity\test_normalizer_adg.py ...          [ 47%]
tests\unit\agentic_core\adg\runtime\test_antipattern_registry_adg.py ... [ 47%]
                                                                         [ 47%]
tests\unit\agentic_core\adg\runtime\test_boundary_verifier_adg.py ...    [ 48%]
tests\unit\agentic_core\adg\runtime\test_cache_loader.py ...             [ 48%]
tests\unit\agentic_core\adg\runtime\test_capability_budget_adg.py ...    [ 48%]
tests\unit\agentic_core\adg\runtime\test_config_governance_adg.py ...    [ 48%]
tests\unit\agentic_core\adg\runtime\test_determinism_control_adg.py ...  [ 48%]
tests\unit\agentic_core\adg\runtime\test_dynamic_invocation_adg.py ...   [ 48%]
tests\unit\agentic_core\adg\runtime\test_eval_spine_adg.py ...           [ 48%]
tests\unit\agentic_core\adg\runtime\test_event_graph_adg.py ...          [ 48%]
tests\unit\agentic_core\adg\runtime\test_execution_proof_adg.py ...      [ 48%]
tests\unit\agentic_core\adg\runtime\test_healing_orchestrator_adg.py ... [ 48%]
                                                                         [ 48%]
tests\unit\agentic_core\adg\runtime\test_hitl_graph_adg.py ...           [ 48%]
tests\unit\agentic_core\adg\runtime\test_io_interception_adg.py ...      [ 48%]
tests\unit\agentic_core\adg\runtime\test_jit_context_adg.py ...          [ 48%]
tests\unit\agentic_core\adg\runtime\test_mutation_transport_adg.py ...   [ 48%]
tests\unit\agentic_core\adg\runtime\test_path_control_adg.py ...         [ 48%]
tests\unit\agentic_core\adg\runtime\test_policy_state_observer_adg.py .. [ 48%]
.                                                                        [ 48%]
tests\unit\agentic_core\adg\runtime\test_query_engine.py ...             [ 48%]
tests\unit\agentic_core\adg\runtime\test_safety_observer_adg.py ...      [ 48%]
tests\unit\agentic_core\adg\runtime\test_sandbox_airlock_adg.py ...      [ 49%]
tests\unit\agentic_core\adg\runtime\test_secret_access_adg.py ...        [ 49%]
tests\unit\agentic_core\adg\test___init___adg.py ...                     [ 49%]
tests\unit\agentic_core\adg\test_schema.py ...                           [ 49%]
tests\unit\agentic_core\agents\test___init___adg.py ..                   [ 49%]
tests\unit\agentic_core\agents\test_adg_backed_registry_adg.py ....      [ 49%]
tests\unit\agentic_core\agents\test_agent_registry.py FFF                [ 49%]
tests\unit\agentic_core\agents\types\test___init___adg.py ..             [ 49%]
tests\unit\agentic_core\agents\types\test_agent_execution_profile_types_adg.py F [ 49%]
FF                                                                       [ 49%]
tests\unit\agentic_core\base_agents\test_L0RoutingBase.py FFF            [ 49%]
tests\unit\agentic_core\base_agents\test_L0RoutingBase_adg.py FFF        [ 49%]
tests\unit\agentic_core\base_agents\test_L1CognitionBase_adg.py FFF      [ 49%]
tests\unit\agentic_core\base_agents\test_L2ExecutionBase_adg.py FFF      [ 49%]
tests\unit\agentic_core\base_agents\test_L3OrchestrationBase_adg.py FFF  [ 49%]
tests\unit\agentic_core\base_agents\test_L4StateBase_adg.py FFF          [ 49%]
tests\unit\agentic_core\base_agents\test_L5SafetyBase_adg.py FFF         [ 49%]
tests\unit\agentic_core\base_agents\test_L6ObservabilityBase_adg.py FFF  [ 49%]
tests\unit\agentic_core\base_agents\test_LightweightBase_adg.py ..       [ 49%]
tests\unit\agentic_core\base_agents\test_SovereignBaseAgent.py FFF       [ 49%]
tests\unit\agentic_core\base_agents\test_SovereignBaseAgent_adg.py FFF   [ 50%]
tests\unit\agentic_core\base_agents\test___init___adg.py ..              [ 50%]
tests\unit\agentic_core\cache\test_cache_key_builders.py FFF             [ 50%]
tests\unit\agentic_core\cache\test_redis_cache_client.py FFF             [ 50%]
tests\unit\agentic_core\cache\test_redis_cache_client_adg.py FFF         [ 50%]
tests\unit\agentic_core\cache\test_redis_coordination_fabric_adg.py FFF  [ 50%]
tests\unit\agentic_core\cache\test_redis_mcp.py FFF                      [ 50%]
tests\unit\agentic_core\config\core\test_agent_defaults_config_adg.py .. [ 50%]
....                                                                     [ 50%]
tests\unit\agentic_core\config\core\test_base_entity_config_adg.py FFF   [ 50%]
tests\unit\agentic_core\config\core\test_colors_config.py FFF            [ 50%]
tests\unit\agentic_core\config\core\test_complexity_metrics_config_adg.py F [ 50%]
FF                                                                       [ 50%]
tests\unit\agentic_core\config\core\test_config_loader.py FFF            [ 50%]
tests\unit\agentic_core\config\core\test_config_loader_adg.py FFF        [ 50%]
tests\unit\agentic_core\config\core\test_domain_constitution_config_adg.py F [ 50%]
FF                                                                       [ 50%]
tests\unit\agentic_core\config\core\test_env_loader_adg.py FFF           [ 50%]
tests\unit\agentic_core\config\core\test_gateway_config_adg.py FFF       [ 50%]
tests\unit\agentic_core\config\core\test_global_settings_config_adg.py F [ 50%]
FF                                                                       [ 50%]
tests\unit\agentic_core\config\core\test_injection_layer_config_adg.py F [ 50%]
FF                                                                       [ 51%]
tests\unit\agentic_core\config\core\test_legacy_artifacts_config_adg.py F [ 51%]
FF                                                                       [ 51%]
tests\unit\agentic_core\config\core\test_non_conforming_agent_finder_config_adg.py F [ 51%]
FF                                                                       [ 51%]
tests\unit\agentic_core\config\core\test_rag_config.py FFF               [ 51%]
tests\unit\agentic_core\config\core\test_registry_config.py ...          [ 51%]
tests\unit\agentic_core\config\core\test_sovereign_config.py ..          [ 51%]
tests\unit\agentic_core\config\core\test_sovereign_config_adg.py FFF     [ 51%]
tests\unit\agentic_core\config\core\test_yaml_injection_loader_adg.py FF [ 51%]
F                                                                        [ 51%]
tests\unit\agentic_core\config\test___init___adg.py ..                   [ 51%]
tests\unit\agentic_core\embeddings\test_embedding_factory_adg.py FFF     [ 51%]
tests\unit\agentic_core\embeddings\test_embedding_input_guard_adg.py FFF [ 51%]
                                                                         [ 51%]
tests\unit\agentic_core\embeddings\test_tokenization_adapter_adg.py FFF  [ 51%]
tests\unit\agentic_core\enforcement\test___init___adg.py ..              [ 51%]
tests\unit\agentic_core\evaluation\golden\test_eval_spine_integration.py . [ 51%]
............                                                             [ 51%]
tests\unit\agentic_core\evaluation\golden\test_golden_evaluator.py ..... [ 51%]
...........                                                              [ 52%]
tests\unit\agentic_core\evaluation\golden\test_l6_emitter.py .......     [ 52%]
tests\unit\agentic_core\evaluation\judges\test___init___adg.py ..        [ 52%]
tests\unit\agentic_core\evaluation\judges\test_llm_judge_adg.py FFF      [ 52%]
tests\unit\agentic_core\evaluation\metrics\test___init___adg.py ...      [ 52%]
tests\unit\agentic_core\evaluation\metrics\test_base_adg.py FFF          [ 52%]
tests\unit\agentic_core\evaluation\metrics\test_classification_metrics_adg.py F [ 52%]
FF                                                                       [ 52%]
tests\unit\agentic_core\evaluation\metrics\test_classification_novel_adg.py F [ 52%]
FF                                                                       [ 52%]
tests\unit\agentic_core\evaluation\metrics\test_ragas_metrics_adg.py ... [ 52%]
......                                                                   [ 52%]
tests\unit\agentic_core\evaluation\retrieval\test___init___adg.py ...    [ 52%]
tests\unit\agentic_core\evaluation\test___init___adg.py ...              [ 52%]
tests\unit\agentic_core\interfaces\test_IBlackboardLeaseVerifierProtocol_adg.py F [ 52%]
FF                                                                       [ 52%]
tests\unit\agentic_core\interfaces\test_IHealerProtocol_adg.py FFF       [ 53%]
tests\unit\agentic_core\interfaces\test_IHealingStrategyProtocol.py FFF  [ 53%]
tests\unit\agentic_core\interfaces\test_IHealingStrategyProtocol_adg.py F [ 53%]
FF                                                                       [ 53%]
tests\unit\agentic_core\interfaces\test_IMemoryStoreProtocol_adg.py FFF  [ 53%]
tests\unit\agentic_core\interfaces\test_IOrchestratorProtocol_adg.py FFF [ 53%]
                                                                         [ 53%]
tests\unit\agentic_core\interfaces\test_IValidatorProtocol.py FFF        [ 53%]
tests\unit\agentic_core\interfaces\test_IValidatorProtocol_adg.py FFF    [ 53%]
tests\unit\agentic_core\interfaces\test___init___adg.py ...              [ 53%]
tests\unit\agentic_core\interfaces\test_determinism_adg.py FFF           [ 53%]
tests\unit\agentic_core\interfaces\test_determinism_types.py ..          [ 53%]
tests\unit\agentic_core\interfaces\test_embeddings_adg.py FFF            [ 53%]
tests\unit\agentic_core\interfaces\test_execution.py FFF                 [ 53%]
tests\unit\agentic_core\interfaces\test_execution_agents.py FFF          [ 53%]
tests\unit\agentic_core\interfaces\test_gateway.py .FF                   [ 53%]
tests\unit\agentic_core\interfaces\test_interface_shims_adg.py FFF       [ 53%]
tests\unit\agentic_core\interfaces\test_meta_control.py .                [ 53%]
tests\unit\agentic_core\interfaces\test_mixins.py .FF                    [ 53%]
tests\unit\agentic_core\interfaces\test_observability.py .....           [ 53%]
tests\unit\agentic_core\interfaces\test_orchestration_adg.py FFF         [ 54%]
tests\unit\agentic_core\interfaces\test_routing_types_adg.py FFFF        [ 54%]
tests\unit\agentic_core\interfaces\test_safety_adg.py FFFF               [ 54%]
tests\unit\agentic_core\interfaces\test_spine.py .                       [ 54%]
tests\unit\agentic_core\interfaces\test_state_agents_adg.py FFF          [ 54%]
tests\unit\agentic_core\interfaces\test_validators_adg.py FFFF           [ 54%]
tests\unit\agentic_core\interfaces\test_write_gateway.py FFF             [ 54%]
tests\unit\agentic_core\knowledge\chunking\test_chunking_modes.py FFFFFF [ 54%]
FFFFF                                                                    [ 54%]
tests\unit\agentic_core\knowledge\document_loaders\test___init___adg.py . [ 54%]
.                                                                        [ 54%]
tests\unit\agentic_core\knowledge\document_loaders\test_csv_loader_adg.py F [ 54%]
FF                                                                       [ 54%]
tests\unit\agentic_core\knowledge\document_loaders\test_html_loader.py . [ 54%]
...                                                                      [ 54%]
tests\unit\agentic_core\knowledge\document_loaders\test_html_loader_adg.py . [ 54%]
.....                                                                    [ 54%]
tests\unit\agentic_core\knowledge\document_loaders\test_legacy_loader_imports.py . [ 54%]
.                                                                        [ 54%]
tests\unit\agentic_core\knowledge\document_loaders\test_pdf_document_loader_config_adg.py . [ 54%]
.F                                                                       [ 54%]
tests\unit\agentic_core\knowledge\document_loaders\test_research_cache_shim_identity.py . [ 54%]
.F                                                                       [ 54%]
tests\unit\agentic_core\knowledge\document_loaders\test_source_document_types_adg.py . [ 55%]
.F                                                                       [ 55%]
tests\unit\agentic_core\knowledge\document_loaders\test_text_document_loader_config_adg.py . [ 55%]
.F                                                                       [ 55%]
tests\unit\agentic_core\knowledge\engine\test___init___adg.py ..         [ 55%]
tests\unit\agentic_core\knowledge\engine\test_rag_orchestrator_adg.py .. [ 55%]
F                                                                        [ 55%]
tests\unit\agentic_core\knowledge\healing\test___init___adg.py ..        [ 55%]
tests\unit\agentic_core\knowledge\healing\test_wiki_healer_adg.py ..     [ 55%]
tests\unit\agentic_core\knowledge\reasoning\test_SovereignRAGManagerAgent_adg.py . [ 55%]
........                                                                 [ 55%]
tests\unit\agentic_core\knowledge\research_cache\test___init___adg.py .. [ 55%]
F                                                                        [ 55%]
tests\unit\agentic_core\knowledge\research_cache\test_cache_store_util.py . [ 55%]
.....                                                                    [ 55%]
tests\unit\agentic_core\knowledge\static_index\test___init___adg.py ..F  [ 55%]
tests\unit\agentic_core\knowledge\static_index\test_action_verbs_types_adg.py F [ 55%]
FFF                                                                      [ 55%]
tests\unit\agentic_core\knowledge\static_index\test_skill_taxonomy_types_adg.py . [ 55%]
.F                                                                       [ 55%]
tests\unit\agentic_core\knowledge\test___init___adg.py ..                [ 55%]
tests\unit\agentic_core\mixins\test_adaptive_execution_mixin_adg.py ..F  [ 55%]
tests\unit\agentic_core\mixins\test_atomic_execution_mixin.py ..F        [ 55%]
tests\unit\agentic_core\mixins\test_atomic_execution_mixin_adg.py ..F    [ 55%]
tests\unit\agentic_core\mixins\test_audit_trail_mixin_adg.py ..F         [ 56%]
tests\unit\agentic_core\mixins\test_autonomy_mixin_adg.py ..F            [ 56%]
tests\unit\agentic_core\mixins\test_caching_mixin_adg.py ..F             [ 56%]
tests\unit\agentic_core\mixins\test_circuit_breaker_mixin_adg.py ..F     [ 56%]
tests\unit\agentic_core\mixins\test_context_propagation_mixin_adg.py ..F [ 56%]
                                                                         [ 56%]
tests\unit\agentic_core\mixins\test_embedding_mixin_adg.py ..F           [ 56%]
tests\unit\agentic_core\mixins\test_focused_mixins_adg.py ..F            [ 56%]
tests\unit\agentic_core\mixins\test_hallucination_detection_mixin_adg.py . [ 56%]
.F                                                                       [ 56%]
tests\unit\agentic_core\mixins\test_hardening_mixin_adg.py ..F           [ 56%]
tests\unit\agentic_core\mixins\test_healer_agent_mixin_adg.py ..F        [ 56%]
tests\unit\agentic_core\mixins\test_healer_mixin.py .                    [ 56%]
tests\unit\agentic_core\mixins\test_healing_policy_mixin_adg.py ..F      [ 56%]
tests\unit\agentic_core\mixins\test_hitl_mixin_adg.py ..F                [ 56%]
tests\unit\agentic_core\mixins\test_instructional_injection_mixin.py .   [ 56%]
tests\unit\agentic_core\mixins\test_instructional_injection_mixin_adg.py . [ 56%]
.F                                                                       [ 56%]
tests\unit\agentic_core\mixins\test_mcp_hardened_mixin.py ..F            [ 56%]
tests\unit\agentic_core\mixins\test_meta_learning_contract_mixin_adg.py . [ 56%]
.F                                                                       [ 56%]
tests\unit\agentic_core\mixins\test_mixins_adg.py ..F                    [ 56%]
tests\unit\agentic_core\mixins\test_mixins_init_adg.py ..F               [ 56%]
tests\unit\agentic_core\mixins\test_performance_mixin_adg.py ..F         [ 57%]
tests\unit\agentic_core\mixins\test_runtime_safety_mixin_adg.py FFFF     [ 57%]
tests\unit\agentic_core\mixins\test_safety_mixin.py .                    [ 57%]
tests\unit\agentic_core\mixins\test_self_diagnosis_mixin_adg.py ..F      [ 57%]
tests\unit\agentic_core\mixins\test_subatomic_testing_mixin.py .         [ 57%]
tests\unit\agentic_core\mixins\test_validator_mixin_adg.py ..F           [ 57%]
tests\unit\agentic_core\patterns\test___init___adg.py ....               [ 57%]
tests\unit\agentic_core\planning\test_token_estimator.py ............... [ 57%]
..                                                                       [ 57%]
tests\unit\agentic_core\planning\test_token_estimator_decorator.py ..... [ 57%]
.........                                                                [ 57%]
tests\unit\agentic_core\planning\test_token_estimator_integration.py ... [ 57%]
.....                                                                    [ 58%]
tests\unit\agentic_core\planning\test_token_estimator_performance.py ... [ 58%]
.......                                                                  [ 58%]
tests\unit\agentic_core\planning\test_token_estimator_persistence.py ... [ 58%]
........                                                                 [ 58%]
tests\unit\agentic_core\planning\test_token_estimator_stress.py ........ [ 58%]
.....                                                                    [ 58%]
tests\unit\agentic_core\prompt_governance\contracts\test_lifecycle_contracts.py . [ 58%]
..............................                                           [ 59%]
tests\unit\agentic_core\prompt_governance\core\test_invariant_registry.py . [ 59%]
                                                                         [ 59%]
tests\unit\agentic_core\prompt_governance\core\test_prompt_entry_types.py . [ 59%]
.F                                                                       [ 59%]
tests\unit\agentic_core\prompt_governance\optimization\test_optimization_strategy.py . [ 59%]
.F                                                                       [ 59%]
tests\unit\agentic_core\prompt_governance\scripts\test_dry_run_compiler.py . [ 59%]
                                                                         [ 59%]
tests\unit\agentic_core\prompt_governance\scripts\test_file_intent.py .. [ 59%]
F                                                                        [ 59%]
tests\unit\agentic_core\prompt_governance\scripts\test_harden_templates.py . [ 59%]
.F                                                                       [ 59%]
tests\unit\agentic_core\prompt_governance\scripts\test_import_violation_visitor.py . [ 59%]
.F                                                                       [ 59%]
tests\unit\agentic_core\prompt_governance\scripts\test_template_render_visitor.py . [ 59%]
.F                                                                       [ 59%]
tests\unit\agentic_core\prompt_governance\security\detectors\test_injection_detector.py . [ 59%]
                                                                         [ 59%]
tests\unit\agentic_core\prompt_governance\security\detectors\test_pii_scrubber_adg.py . [ 59%]
.F                                                                       [ 59%]
tests\unit\agentic_core\prompt_governance\security\utils\test_injection_scan_util.py . [ 59%]
                                                                         [ 59%]
tests\unit\agentic_core\prompt_governance\security\utils\test_normalization_util_adg.py . [ 59%]
.F                                                                       [ 59%]
tests\unit\agentic_core\prompt_governance\validation\test_validate_assembly.py . [ 59%]
.F                                                                       [ 59%]
tests\unit\agentic_core\runtime\config\test___init___adg.py ..F          [ 59%]
tests\unit\agentic_core\runtime\config\test_anomaly_report_config_adg.py F [ 59%]
FFF                                                                      [ 59%]
tests\unit\agentic_core\runtime\config\test_capability_gap_types.py .    [ 60%]
tests\unit\agentic_core\runtime\config\test_capability_gap_types_adg.py F [ 60%]
FF                                                                       [ 60%]
tests\unit\agentic_core\runtime\config\test_contextual_router_config_adg.py F [ 60%]
FFF                                                                      [ 60%]
tests\unit\agentic_core\runtime\config\test_detection_config_adg.py FFFF [ 60%]
                                                                         [ 60%]
tests\unit\agentic_core\runtime\config\test_feature_flags_config_adg.py F [ 60%]
FFFF                                                                     [ 60%]
tests\unit\agentic_core\runtime\config\test_heal_result_config_adg.py FF [ 60%]
FFF                                                                      [ 60%]
tests\unit\agentic_core\runtime\config\test_injection_type_config_adg.py F [ 60%]
FF                                                                       [ 60%]
tests\unit\agentic_core\runtime\config\test_model_provider_config.py .   [ 60%]
tests\unit\agentic_core\runtime\config\test_model_provider_config_adg.py F [ 60%]
FFF                                                                      [ 60%]
tests\unit\agentic_core\runtime\config\test_model_tier_config_adg.py FFF [ 60%]
FFFFFFFFF                                                                [ 60%]
tests\unit\agentic_core\runtime\config\test_prompt_injection_loader_config_adg.py F [ 60%]
FFFF                                                                     [ 60%]
tests\unit\agentic_core\runtime\config\test_reasoning_types.py .         [ 60%]
tests\unit\agentic_core\runtime\config\test_reasoning_types_adg.py FFFF  [ 60%]
tests\unit\agentic_core\runtime\config\test_review_config_adg.py FFFF    [ 61%]
tests\unit\agentic_core\runtime\config\test_security_level_config_adg.py F [ 61%]
FFF                                                                      [ 61%]
tests\unit\agentic_core\runtime\config\test_shared_infrastructure_config_adg.py F [ 61%]
F.F.                                                                     [ 61%]
tests\unit\agentic_core\runtime\config\test_signal_quality_config.py FF. [ 61%]
F.                                                                       [ 61%]
tests\unit\agentic_core\runtime\config\test_signal_quality_config_adg.py F [ 61%]
F.F.                                                                     [ 61%]
tests\unit\agentic_core\runtime\config\test_validation_severity_config_adg.py F [ 61%]
FF                                                                       [ 61%]
tests\unit\agentic_core\runtime\enforcement\test___init___adg.py ..F     [ 61%]
tests\unit\agentic_core\runtime\enforcement\test_envelope_factory_adg.py F [ 61%]
FFFFF                                                                    [ 61%]
tests\unit\agentic_core\runtime\engine\test___init___adg.py ..F          [ 61%]
tests\unit\agentic_core\runtime\engine\test_agent_engine_adg.py FFFF     [ 61%]
tests\unit\agentic_core\runtime\engine\test_ast_relocator_adg.py FFFF    [ 61%]
tests\unit\agentic_core\runtime\exceptions\test_SovereignError.py .      [ 61%]
tests\unit\agentic_core\runtime\exceptions\test_SovereignError_adg.py FF [ 61%]
                                                                         [ 61%]
tests\unit\agentic_core\runtime\exceptions\test___init___adg.py ..F      [ 61%]
tests\unit\agentic_core\runtime\exceptions\test_healer_exceptions.py .   [ 61%]
tests\unit\agentic_core\runtime\exceptions\test_healer_exceptions_adg.py F [ 61%]
F                                                                        [ 61%]
tests\unit\agentic_core\runtime\exceptions\test_runtime_exceptions.py .  [ 61%]
tests\unit\agentic_core\runtime\exceptions\test_runtime_exceptions_adg.py F [ 62%]
F                                                                        [ 62%]
tests\unit\agentic_core\runtime\exceptions\test_workflow_exceptions.py . [ 62%]
                                                                         [ 62%]
tests\unit\agentic_core\runtime\exceptions\test_workflow_exceptions_adg.py F [ 62%]
F                                                                        [ 62%]
tests\unit\agentic_core\runtime\test___init___adg.py ..F                 [ 62%]
tests\unit\agentic_core\runtime\test_boundary_validator_adg.py FF        [ 62%]
tests\unit\agentic_core\runtime\test_execution_bound_token_adg.py FFFFF  [ 62%]
tests\unit\agentic_core\runtime\test_execution_trace_adg.py FFFFF        [ 62%]
tests\unit\agentic_core\runtime\test_mathematical_determinism_adg.py FFF [ 62%]
F                                                                        [ 62%]
tests\unit\agentic_core\runtime\test_sovereignty_exceptions_adg.py FF    [ 62%]
tests\unit\agentic_core\runtime\types\test___init___adg.py ..F           [ 62%]
tests\unit\agentic_core\runtime\types\test_cache_entry_types_adg.py FFF. [ 62%]
F                                                                        [ 62%]
tests\unit\agentic_core\runtime\types\test_circuit_breaker_types_adg.py F [ 62%]
FF                                                                       [ 62%]
tests\unit\agentic_core\runtime\types\test_claim_type_types_adg.py FF.F  [ 62%]
tests\unit\agentic_core\runtime\types\test_cost_governor_types_adg.py .. [ 62%]
F                                                                        [ 62%]
tests\unit\agentic_core\runtime\types\test_expansion_strategy_types_adg.py F [ 62%]
FFF                                                                      [ 62%]
tests\unit\agentic_core\runtime\types\test_recovery_types_adg.py FFFF    [ 62%]
tests\unit\agentic_core\runtime\types\test_runtime_types_init_adg.py ..F [ 63%]
                                                                         [ 63%]
tests\unit\agentic_core\runtime\types\test_sovereign_events_types_adg.py . [ 63%]
.F                                                                       [ 63%]
tests\unit\agentic_core\runtime\utils\test___init___adg.py ..F           [ 63%]
tests\unit\agentic_core\runtime\utils\test_discovery_parser_util_adg.py F [ 63%]
F                                                                        [ 63%]
tests\unit\agentic_core\runtime\utils\test_discovery_util_adg.py FFFF    [ 63%]
tests\unit\agentic_core\runtime\utils\test_dynamic_loader_util_adg.py FF [ 63%]
FF                                                                       [ 63%]
tests\unit\agentic_core\runtime\utils\test_file_cache_util_adg.py FFFF   [ 63%]
tests\unit\agentic_core\runtime\utils\test_main_util_adg.py ..F          [ 63%]
tests\unit\agentic_core\runtime\utils\test_runtime_bootstrapper_util_adg.py F [ 63%]
FF                                                                       [ 63%]
tests\unit\agentic_core\runtime\utils\test_sovereign_index_util_adg.py F [ 63%]
FFF                                                                      [ 63%]
tests\unit\agentic_core\runtime\utils\test_sovereign_scan_util_adg.py FF [ 63%]
FF                                                                       [ 63%]
tests\unit\agentic_core\runtime\utils\test_trait_system_util.py .        [ 63%]
tests\unit\agentic_core\runtime\utils\test_trait_system_util_adg.py FFFF [ 63%]
FF                                                                       [ 63%]
tests\unit\agentic_core\seams\contracts\test___init___adg.py ..F         [ 63%]
tests\unit\agentic_core\test_package_inits_adg.py ..F                    [ 63%]
tests\unit\agentic_core\utils\test_ast_fuzzy_util.py .                   [ 63%]
tests\unit\agentic_core\utils\test_canonical_json_util_adg.py ..F        [ 63%]
tests\unit\agentic_core\utils\test_canonical_serializer_util.py .        [ 63%]
tests\unit\agentic_core\utils\test_decorators_compat_util.py .           [ 64%]
tests\unit\agentic_core\utils\test_decorators_util.py .                  [ 64%]
tests\unit\agentic_core\utils\test_detection_protocol_util.py .          [ 64%]
tests\unit\agentic_core\utils\test_fs_util.py .                          [ 64%]
tests\unit\agentic_core\utils\test_meta_learning_engine_util_adg.py ..F  [ 64%]
tests\unit\agentic_core\utils\test_meta_learning_types_util.py .         [ 64%]
tests\unit\agentic_core\utils\test_meta_learning_types_util_adg.py FFFF  [ 64%]
tests\unit\agentic_core\utils\test_review_protocol_util.py ..            [ 64%]
tests\unit\agentic_core\utils\test_review_verification_shims_adg.py ..F  [ 64%]
tests\unit\agentic_core\utils\test_security_util.py ..F                  [ 64%]
tests\unit\agentic_core\utils\test_structural_healing_engine_util.py ..F [ 64%]
                                                                         [ 64%]
tests\unit\agentic_core\utils\test_timeout_decorator_util.py .           [ 64%]
tests\unit\agentic_core\utils\test_utils_init_adg.py ..F                 [ 64%]
tests\unit\agentic_core\utils\test_utils_shims_adg.py ..F                [ 64%]
tests\unit\agentic_core\utils\test_verification_types_util.py .          [ 64%]
tests\unit\agentic_core\utils\workflow_engines\test_answer_correctness_adg.py . [ 64%]
.F                                                                       [ 64%]
tests\unit\agentic_core\utils\workflow_engines\test_answer_support_adg.py . [ 64%]
.F                                                                       [ 64%]
tests\unit\agentic_core\utils\workflow_engines\test_apps_engines_aliases_adg.py . [ 64%]
.F                                                                       [ 64%]
tests\unit\agentic_core\utils\workflow_engines\test_completeness.py FFF  [ 64%]
tests\unit\agentic_core\utils\workflow_engines\test_completeness_adg.py F [ 64%]
FF                                                                       [ 64%]
tests\unit\agentic_core\utils\workflow_engines\test_completeness_feedback_adg.py F [ 64%]
FF                                                                       [ 64%]
tests\unit\agentic_core\utils\workflow_engines\test_completeness_metrics.py F [ 64%]
FF                                                                       [ 64%]
tests\unit\agentic_core\utils\workflow_engines\test_completeness_monitors_adg.py F [ 64%]
FF                                                                       [ 65%]
tests\unit\agentic_core\utils\workflow_engines\test_completeness_reranker_adg.py F [ 65%]
FF                                                                       [ 65%]
tests\unit\agentic_core\utils\workflow_engines\test_completeness_scorer_adg.py F [ 65%]
FF                                                                       [ 65%]
tests\unit\agentic_core\utils\workflow_engines\test_dpo_batch_builder_adg.py F [ 65%]
FF                                                                       [ 65%]
tests\unit\agentic_core\utils\workflow_engines\test_evaluation_dataset_schema_adg.py F [ 65%]
FF                                                                       [ 65%]
tests\unit\agentic_core\utils\workflow_engines\test_evaluation_report_schema_adg.py F [ 65%]
FF                                                                       [ 65%]
tests\unit\agentic_core\utils\workflow_engines\test_fusion_adg.py FFF    [ 65%]
tests\unit\agentic_core\utils\workflow_engines\test_groundedness_adg.py F [ 65%]
FF                                                                       [ 65%]
tests\unit\agentic_core\utils\workflow_engines\test_interfaces.py .      [ 65%]
tests\unit\agentic_core\utils\workflow_engines\test_interfaces_adg.py FF [ 65%]
F                                                                        [ 65%]
tests\unit\agentic_core\utils\workflow_engines\test_late_chunking.py FFF [ 65%]
                                                                         [ 65%]
tests\unit\agentic_core\utils\workflow_engines\test_meta_learning_bridge_adg.py F [ 65%]
FF                                                                       [ 65%]
tests\unit\agentic_core\utils\workflow_engines\test_mrr_adg.py FFF       [ 65%]
tests\unit\agentic_core\utils\workflow_engines\test_ndcg_adg.py FFF      [ 65%]
tests\unit\agentic_core\utils\workflow_engines\test_offline_eval_runner_adg.py F [ 65%]
FF                                                                       [ 65%]
tests\unit\agentic_core\utils\workflow_engines\test_parent_child_adg.py F [ 65%]
FF                                                                       [ 65%]
tests\unit\agentic_core\utils\workflow_engines\test_policies.py .        [ 65%]
tests\unit\agentic_core\utils\workflow_engines\test_policies_adg.py FFF  [ 65%]
tests\unit\agentic_core\utils\workflow_engines\test_precision_at_k_adg.py F [ 65%]
FF                                                                       [ 65%]
tests\unit\agentic_core\utils\workflow_engines\test_profiles_adg.py FFF  [ 66%]
tests\unit\agentic_core\utils\workflow_engines\test_proposer_bridge_adg.py F [ 66%]
FF                                                                       [ 66%]
tests\unit\agentic_core\utils\workflow_engines\test_recall_at_k_adg.py F [ 66%]
FF                                                                       [ 66%]
tests\unit\agentic_core\utils\workflow_engines\test_replay_eval_runner_adg.py F [ 66%]
FF                                                                       [ 66%]
tests\unit\agentic_core\utils\workflow_engines\test_reranker_adg.py FFF  [ 66%]
tests\unit\agentic_core\utils\workflow_engines\test_schemas_adg.py FFF   [ 66%]
tests\unit\agentic_core\utils\workflow_engines\test_sealed_interface_check_enforcer_adg.py F [ 66%]
FF                                                                       [ 66%]
tests\unit\agentic_core\utils\workflow_engines\test_shadow_eval_runner_adg.py F [ 66%]
FF                                                                       [ 66%]
tests\unit\agentic_core\utils\workflow_engines\test_validators.py .      [ 66%]
tests\unit\agentic_core\utils\workflow_engines\test_validators_adg.py FF [ 66%]
F                                                                        [ 66%]
tests\unit\apps_eval\engines\test_base_eval_engine_mixins.py FFF         [ 66%]
tests\unit\apps_eval\test_eval_pipeline.py FFF                           [ 66%]
tests\unit\apps_exec\engines\test_base_exec_engine.py .........          [ 66%]
tests\unit\apps_exec\engines\test_base_exec_engine_mixins.py FFF         [ 66%]
tests\unit\apps_exec\test_exec_pipeline.py FFF                           [ 66%]
tests\unit\apps_lic\config\test_retry_policy_config.py FFF               [ 66%]
tests\unit\apps_lic\engines\test_apps_lic_engines_init_adg.py FFF        [ 66%]
tests\unit\apps_lic\engines\test_control_plane.py FEEEEEEEFEE            [ 67%]
tests\unit\apps_lic\reasoning\test_HOPPipelineExecutor_adg.py FFF        [ 67%]
tests\unit\apps_lic\reasoning\test_LicCodeInterpreter.py FFF             [ 67%]
tests\unit\apps_lic\reasoning\test_OutreachSignalRouterAgent.py FFF      [ 67%]
tests\unit\apps_lic\reasoning\test_campaign_balance_agent_adg.py FFF.    [ 67%]
tests\unit\apps_lic\reasoning\test_governance_shield_agent_adg.py ...... [ 67%]
                                                                         [ 67%]
tests\unit\apps_lic\reasoning\test_hop_pipeline_executor_adg.py FFFF     [ 67%]
tests\unit\apps_lic\test_control_plane.py FFF                            [ 67%]
tests\unit\apps_lic\tools\test_call_personalization_api_adg.py FFF       [ 67%]
tests\unit\apps_lic\tools\test_clean_duplicates_enhanced.py FFF          [ 67%]
tests\unit\apps_lic\tools\test_enforce_execution_policy_adg.py FFF       [ 67%]
tests\unit\apps_lic\tools\test_invoke_message_service_adg.py FFF         [ 67%]
tests\unit\apps_lic\tools\test_mcp_mocks.py FFF                          [ 67%]
tests\unit\apps_lic\tools\test_network_ops.py FFF                        [ 67%]
tests\unit\apps_lic\tools\test_order_call_to_actions_adg.py FFF          [ 68%]
tests\unit\apps_lic\tools\test_run_workflow_adg.py FFF                   [ 68%]
tests\unit\apps_lic\tools\test_run_workflow_lic_adg.py FFF               [ 68%]
tests\unit\apps_lic\tools\test_validation_tools_adg.py FFF               [ 68%]
tests\unit\apps_lic\types\test_ImmutableStagingBuffer.py F               [ 68%]
tests\unit\apps_lic\types\test_action_call_generator_types_adg.py FFF    [ 68%]
tests\unit\apps_lic\types\test_app_content_validator_agent_types_adg.py F [ 68%]
FF                                                                       [ 68%]
tests\unit\apps_lic\types\test_immutable_staging_buffer_adg.py FFF       [ 68%]
tests\unit\apps_lic\types\test_message_type_types_adg.py FFF             [ 68%]
tests\unit\apps_lic\types\test_trace_registry_adg.py FFF                 [ 68%]
tests\unit\apps_lic\utils\test_PIISanitizerSpecialistAgent_util_adg.py F [ 68%]
FF                                                                       [ 68%]
tests\unit\apps_lic\validators\test_check_schema_policy_validator_adg.py F [ 68%]
FF                                                                       [ 68%]
tests\unit\apps_research\engines\test_base_research_engine.py .........  [ 68%]
tests\unit\apps_research\engines\test_base_research_engine_mixins.py FFF [ 68%]
                                                                         [ 68%]
tests\unit\apps_research\test_research_pipeline.py FFF                   [ 68%]
tests\unit\apps_rfp\engines\test_base_rfp_engine.py .........            [ 69%]
tests\unit\apps_rfp\engines\test_base_rfp_engine_mixins.py FFF           [ 69%]
tests\unit\apps_rfp\test_rfp_pipeline.py FFF                             [ 69%]
tests\unit\apps_rg\config\test_reasoning_toggles_config_adg.py FFF       [ 69%]
tests\unit\apps_rg\config\test_void_compliance_config.py FFF             [ 69%]
tests\unit\apps_rg\engines\test_base_rg_engine.py F...                   [ 69%]
tests\unit\apps_rg\engines\test_clerk_extraction_engine_adg.py FFF       [ 69%]
tests\unit\apps_rg\engines\test_fact_check_engine_adg.py FFF             [ 69%]
tests\unit\apps_rg\engines\test_gap_closure_engine_adg.py FFF            [ 69%]
tests\unit\apps_rg\engines\test_resume_orchestrator_engine.py F          [ 69%]
tests\unit\apps_rg\engines\test_service_invoker_engine_adg.py FFF        [ 69%]
tests\unit\apps_rg\engines\utils\test_brand_compliance_agent.py FFF.     [ 69%]
tests\unit\apps_rg\engines\utils\test_campaign_planner_agent.py FFF.     [ 69%]
tests\unit\apps_rg\engines\utils\test_content_quality_agent.py ......F   [ 69%]
tests\unit\apps_rg\engines\utils\test_content_strategy_agent.py ...      [ 69%]
tests\unit\apps_rg\engines\utils\test_fact_check_agent.py FFFFF          [ 70%]
tests\unit\apps_rg\engines\utils\test_proactive_agent.py ....            [ 70%]
tests\unit\apps_rg\engines\utils\test_rg_healing_orchestrator.py ....... [ 70%]
                                                                         [ 70%]
tests\unit\apps_rg\engines\utils\test_rg_reflection_agent.py ......      [ 70%]
tests\unit\apps_rg\engines\utils\test_rg_resume_orchestrator.py ......   [ 70%]
tests\unit\apps_rg\engines\utils\test_rg_strategic_planner_agent.py ...  [ 70%]
tests\unit\apps_rg\engines\utils\test_rg_template_optimizer_agent.py ... [ 70%]
                                                                         [ 70%]
tests\unit\apps_rg\engines\utils\test_section_balance_agent.py FFF       [ 70%]
tests\unit\apps_rg\reasoning\test_FactCheckAgent_adg.py FFF              [ 70%]
tests\unit\apps_rg\scripts\test_generate_resume_adg.py FFF               [ 70%]
tests\unit\apps_rg\scripts\test_test_input.py FFF                        [ 70%]
tests\unit\apps_rg\scripts\test_test_run_grand_unification_tests.py FFF  [ 70%]
tests\unit\apps_rg\scripts\test_test_run_grand_unification_tests_adg.py F [ 70%]
FF                                                                       [ 70%]
tests\unit\apps_rg\shared\tools\test_dispatch_resume_tools_agent.py FFF  [ 70%]
tests\unit\apps_rg\shared\tools\test_gap_closure_architect_agent.py .... [ 71%]
..                                                                       [ 71%]
tests\unit\apps_rg\test_agent_executor_gateway.py FFF                    [ 71%]
tests\unit\apps_rg\test_hardened_gemini_executor.py FFF                  [ 71%]
tests\unit\apps_rg\test_healing_cycle.py FFF                             [ 71%]
tests\unit\apps_rg\test_resume_generator_gateway.py FFF                  [ 71%]
tests\unit\apps_rg\tools\test_execute_message_generation_adg.py FFF      [ 71%]
tests\unit\apps_rg\tools\test_invoke_generation_service_adg.py FFF       [ 71%]
tests\unit\apps_rg\tools\test_local_workflow_loader_adg.py FFF           [ 71%]
tests\unit\apps_rg\types\test_AllProvidersDownError_adg.py FFF           [ 71%]
tests\unit\apps_rg\types\test_SovereignContext.py F                      [ 71%]
tests\unit\apps_rg\types\test_all_providers_down_error_adg.py .......    [ 71%]
tests\unit\apps_rg\types\test_gap_closure_architect_agent_types_adg.py . [ 71%]
......F                                                                  [ 71%]
tests\unit\apps_rg\types\test_provenance_pattern_types_adg.py FFF        [ 71%]
tests\unit\apps_rg\types\test_resume_analysis_plan_types_adg.py FFF      [ 71%]
tests\unit\apps_rg\types\test_rg_flow_router_types_adg.py FFF            [ 72%]
tests\unit\apps_rg\types\test_skill_extractor_node_types_adg.py FFF      [ 72%]
tests\unit\apps_rg\types\test_sovereign_context_adg.py FFF               [ 72%]
tests\unit\apps_rg\types\test_state_transaction_types_adg.py FFF         [ 72%]
tests\unit\apps_rg\types\test_trace_registry_types_adg.py FFF            [ 72%]
tests\unit\apps_rg\types\test_two_phase_generation_node_types_adg.py FFF [ 72%]
                                                                         [ 72%]
tests\unit\apps_rg\types\test_validation_result_types_adg.py ...         [ 72%]
tests\unit\apps_rg\utils\test_enhanced_rg_flow_router_util_adg.py FFF    [ 72%]
tests\unit\apps_rg\utils\test_sovereign_config_loader_util.py FFF        [ 72%]
tests\unit\apps_rg\validators\test_validators_init_adg.py FFF            [ 72%]
tests\unit\apps_shared\config\test_apps_shared_config_init_adg.py FFFF.  [ 72%]
tests\unit\apps_shared\config\test_pipeline_constants_config_adg.py FFF  [ 72%]
tests\unit\apps_shared\config\test_titanium_search_tool_config.py FFF    [ 72%]
tests\unit\apps_shared\data\test___init___adg.py ..                      [ 72%]
tests\unit\apps_shared\enforcement\test_CircuitbreakerStrategy.py FFF    [ 72%]
tests\unit\apps_shared\enforcement\test_FewshotregistryStrategy.py FFF   [ 72%]
tests\unit\apps_shared\enforcement\test_RankingStrategy.py ...           [ 72%]
tests\unit\apps_shared\enforcement\test_execution_strategy.py FFF        [ 72%]
tests\unit\apps_shared\enforcement\test_execution_strategy_adg.py FFF    [ 73%]
tests\unit\apps_shared\reasoning\test_InfrastructureUpgradesOrchestrator.py . [ 73%]
..                                                                       [ 73%]
tests\unit\apps_shared\scripts\test_benchmark_consolidation_performance_adg.py . [ 73%]
..                                                                       [ 73%]
tests\unit\apps_shared\scripts\test_fix_syntax_errors.py ...             [ 73%]
tests\unit\apps_shared\scripts\test_handle_api_timeouts_adg.py ...       [ 73%]
tests\unit\apps_shared\scripts\test_io_operations_validator_adg.py ...   [ 73%]
tests\unit\apps_shared\scripts\test_manage_false_positives.py ...        [ 73%]
tests\unit\apps_shared\scripts\test_refactor_agents_to_subatomic.py ...  [ 73%]
tests\unit\apps_shared\scripts\test_run_hardened_job_adg.py ...          [ 73%]
tests\unit\apps_shared\scripts\test_update_observability_usage_safety_type.py . [ 73%]
..                                                                       [ 73%]
tests\unit\apps_shared\test_apps_refactor.py ...                         [ 73%]
tests\unit\apps_shared\types\test_execution_orchestrator_types_adg.py .. [ 73%]
.                                                                        [ 73%]
tests\unit\apps_shared\types\test_execution_type_types_adg.py ...        [ 73%]
tests\unit\apps_shared\types\test_history_action_types_adg.py ...        [ 73%]
tests\unit\apps_shared\types\test_kx_execution_context_types_adg.py ...  [ 73%]
tests\unit\apps_shared\utils\test_agent_interface_util.py ...            [ 73%]
tests\unit\apps_shared\utils\test_apps_shared_utils_init_adg.py ...      [ 73%]
tests\unit\apps_shared\utils\test_assessment_level_util.py ...           [ 73%]
tests\unit\apps_shared\utils\test_async_coordinator_util.py ...          [ 74%]
tests\unit\apps_shared\utils\test_bulkhead_manager_util.py ...           [ 74%]
tests\unit\apps_shared\utils\test_config_environment_util.py ...         [ 74%]
tests\unit\apps_shared\utils\test_etl_pipeline_util_adg.py ...           [ 74%]
tests\unit\apps_shared\utils\test_feedback_category_util.py ...          [ 74%]
tests\unit\apps_shared\utils\test_format_observability_context_plan_type_util.py . [ 74%]
..                                                                       [ 74%]
tests\unit\apps_shared\utils\test_formatted_output_util.py ...           [ 74%]
tests\unit\apps_shared\utils\test_golden_state_datasets_util.py ...      [ 74%]
tests\unit\apps_shared\utils\test_graph_rag_fusion_util.py ...           [ 74%]
tests\unit\apps_shared\utils\test_health_check_types_util.py ...         [ 74%]
tests\unit\apps_shared\utils\test_input_guardrail_util.py ...            [ 74%]
tests\unit\apps_shared\utils\test_input_validator_util.py ...            [ 74%]
tests\unit\apps_shared\utils\test_late_interaction_reranker_util_adg.py . [ 74%]
..                                                                       [ 74%]
tests\unit\apps_shared\utils\test_metric_augmenter_util.py ...           [ 74%]
tests\unit\apps_shared\utils\test_metric_type_util.py ...                [ 74%]
tests\unit\apps_shared\utils\test_mutation_phase_util.py ...             [ 74%]
tests\unit\apps_shared\utils\test_node_negotiator_util.py ...            [ 74%]
tests\unit\apps_shared\utils\test_observability_clients_util_adg.py ...  [ 74%]
tests\unit\apps_shared\utils\test_observability_type_util.py ...         [ 75%]
tests\unit\apps_shared\utils\test_open_telemetry_tracing_adapter_util.py . [ 75%]
..                                                                       [ 75%]
tests\unit\apps_shared\utils\test_optimize_observability_order_plan_type_util.py . [ 75%]
..                                                                       [ 75%]
tests\unit\apps_shared\utils\test_performance_monitor_types_util.py ...  [ 75%]
tests\unit\apps_shared\utils\test_performance_monitor_types_util_adg.py . [ 75%]
..                                                                       [ 75%]
tests\unit\apps_shared\utils\test_prompt_enhancer_util.py ...            [ 75%]
tests\unit\apps_shared\utils\test_prompt_loader_util.py ...              [ 75%]
tests\unit\apps_shared\utils\test_provider_util.py ...                   [ 75%]
tests\unit\apps_shared\utils\test_rank_data_components_plan_type_util.py . [ 75%]
..                                                                       [ 75%]
tests\unit\apps_shared\utils\test_rank_observability_components_util.py . [ 75%]
..                                                                       [ 75%]
tests\unit\apps_shared\utils\test_request_type_util.py ...               [ 75%]
tests\unit\apps_shared\utils\test_resource_manager_types_util.py ...     [ 75%]
tests\unit\apps_shared\utils\test_resource_manager_util.py ...           [ 75%]
tests\unit\apps_shared\utils\test_retrieval_grader_util.py ...           [ 75%]
tests\unit\apps_shared\utils\test_runtime_observability_collectors_util_adg.py . [ 75%]
..                                                                       [ 75%]
tests\unit\apps_shared\utils\test_runtime_observability_spans_util_adg.py . [ 75%]
..                                                                       [ 75%]
tests\unit\apps_shared\utils\test_sdk_category_util.py ...               [ 75%]
tests\unit\apps_shared\utils\test_secure_config_manager_util.py ...      [ 75%]
tests\unit\apps_shared\utils\test_signal_weighter_util.py ...            [ 76%]
tests\unit\apps_shared\utils\test_text_processing_validator_util_adg.py . [ 76%]
..                                                                       [ 76%]
tests\unit\apps_shared\utils\test_titanium_rag_pipeline_util_adg.py ...  [ 76%]
tests\unit\apps_shared\utils\test_tone_voice_util.py ...                 [ 76%]
tests\unit\apps_shared\utils\test_unified_executor_util.py ...           [ 76%]
tests\unit\apps_shared\utils\test_unified_signal_pipeline_util.py ...    [ 76%]
tests\unit\apps_shared\utils\test_unified_signal_pipeline_util_adg.py .. [ 76%]
.                                                                        [ 76%]
tests\unit\apps_shared\validators\test_check_depth_validator_adg.py ...  [ 76%]
tests\unit\apps_shared\validators\test_checkpoint_integrity_error_validator_adg.py . [ 76%]
..                                                                       [ 76%]
tests\unit\apps_shared\validators\test_fact_ledger_validator.py ...      [ 76%]
tests\unit\apps_shared\validators\test_resume_prompts_validator.py ...   [ 76%]
tests\unit\apps_shared\validators\test_signal_quality_pipeline_validator_adg.py . [ 76%]
..                                                                       [ 76%]
tests\unit\ci\test_check_test_integrity.py ..F                           [ 76%]
tests\unit\ci\test_github_workflows.py ..F                               [ 76%]
tests\unit\consolidated\hardening\test_all_gap_fixes.py F                [ 76%]
tests\unit\consolidated\hardening\test_mcp_drift_hardening.py .......... [ 76%]
FFFFF....F                                                               [ 77%]
tests\unit\consolidated\invariants\test_gap_a_b_wire_in.py ..F           [ 77%]
tests\unit\consolidated\invariants\test_observability_liveness.py ..F    [ 77%]
tests\unit\consolidated\invariants\test_runtime_enforcement.py ......... [ 77%]
                                                                         [ 77%]
tests\unit\consolidated\ssot\test_execute_ssot_frozen.py ..F             [ 77%]
tests\unit\consolidated\ssot\test_execute_ssot_inventory_contract.py ..F [ 77%]
                                                                         [ 77%]
tests\unit\consolidated\unit_min_deps\test_adapter_get_recent_records.py . [ 77%]
..                                                                       [ 77%]
tests\unit\consolidated\unit_min_deps\test_adg_foundational_coverage_contract.py . [ 77%]
..                                                                       [ 77%]
tests\unit\consolidated\unit_min_deps\test_approval_gates.py ...         [ 77%]
tests\unit\consolidated\unit_min_deps\test_apps_lic_spine_adapter.py ... [ 77%]
                                                                         [ 77%]
tests\unit\consolidated\unit_min_deps\test_apps_rg_spine_adapter.py ...  [ 77%]
tests\unit\consolidated\unit_min_deps\test_arbitration.py ...            [ 77%]
tests\unit\consolidated\unit_min_deps\test_arbitration_engine.py ...     [ 77%]
tests\unit\consolidated\unit_min_deps\test_ast_fuzzy.py ...              [ 77%]
tests\unit\consolidated\unit_min_deps\test_authority_invariants.py ...   [ 78%]
tests\unit\consolidated\unit_min_deps\test_base_agents_purity_contract.py . [ 78%]
..                                                                       [ 78%]
tests\unit\consolidated\unit_min_deps\test_capture_evidence.py FFFF      [ 78%]
tests\unit\consolidated\unit_min_deps\test_config_property_contract.py . [ 78%]
..                                                                       [ 78%]
tests\unit\consolidated\unit_min_deps\test_config_surface_constraints.py . [ 78%]
..                                                                       [ 78%]
tests\unit\consolidated\unit_min_deps\test_dampening.py ..F              [ 78%]
tests\unit\consolidated\unit_min_deps\test_decorator_shim_contract.py .. [ 78%]
F                                                                        [ 78%]
tests\unit\consolidated\unit_min_deps\test_decorator_timeout_layer_constraints.py . [ 78%]
.F                                                                       [ 78%]
tests\unit\consolidated\unit_min_deps\test_detection_signal_emitter_writes_l4a.py . [ 78%]
.F                                                                       [ 78%]
tests\unit\consolidated\unit_min_deps\test_determinism_closure.py ..F    [ 78%]
tests\unit\consolidated\unit_min_deps\test_determinism_digest.py ..F     [ 78%]
tests\unit\consolidated\unit_min_deps\test_determinism_util.py ..F       [ 78%]
tests\unit\consolidated\unit_min_deps\test_deterministic_replay.py ..F   [ 78%]
tests\unit\consolidated\unit_min_deps\test_dispatcher_emits_proposal_only.py . [ 78%]
.F                                                                       [ 78%]
tests\unit\consolidated\unit_min_deps\test_dpo_pair_generator.py ..F     [ 78%]
tests\unit\consolidated\unit_min_deps\test_embedding_artifact_b1.py ..F  [ 78%]
tests\unit\consolidated\unit_min_deps\test_execute_ssot_digest_emission.py . [ 78%]
.F                                                                       [ 78%]
tests\unit\consolidated\unit_min_deps\test_executiontrace_plan_hash.py . [ 78%]
.F                                                                       [ 79%]
tests\unit\consolidated\unit_min_deps\test_failure_fingerprinting.py ..F [ 79%]
                                                                         [ 79%]
tests\unit\consolidated\unit_min_deps\test_failure_signal_normalizer.py . [ 79%]
.F                                                                       [ 79%]
tests\unit\consolidated\unit_min_deps\test_fire_meta_learning_timestamps.py . [ 79%]
.F                                                                       [ 79%]
tests\unit\consolidated\unit_min_deps\test_formal_verification.py ...F.  [ 79%]
tests\unit\consolidated\unit_min_deps\test_handshake_state_machine.py .. [ 79%]
F                                                                        [ 79%]
tests\unit\consolidated\unit_min_deps\test_heal_bug_regressions.py ..F   [ 79%]
tests\unit\consolidated\unit_min_deps\test_healing_confidence_scorer.py . [ 79%]
.F                                                                       [ 79%]
tests\unit\consolidated\unit_min_deps\test_healing_config_optimizer.py . [ 79%]
.F                                                                       [ 79%]
tests\unit\consolidated\unit_min_deps\test_healing_config_optimizer_with_patterns.py . [ 79%]
.F                                                                       [ 79%]
tests\unit\consolidated\unit_min_deps\test_healing_outcome_aggregator.py . [ 79%]
.F                                                                       [ 79%]
tests\unit\consolidated\unit_min_deps\test_healing_outcome_intake_adapter.py . [ 79%]
.F                                                                       [ 79%]
tests\unit\consolidated\unit_min_deps\test_import_boundary_contract.py . [ 79%]
.F                                                                       [ 79%]
tests\unit\consolidated\unit_min_deps\test_import_graph_contract.py ..F  [ 79%]
tests\unit\consolidated\unit_min_deps\test_inspector_mro_contracts.py FF [ 79%]
.FF                                                                      [ 79%]
tests\unit\consolidated\unit_min_deps\test_integration_allowlist_contract.py . [ 79%]
.F                                                                       [ 79%]
tests\unit\consolidated\unit_min_deps\test_l0_threshold_tuner.py ....... [ 80%]
...                                                                      [ 80%]
tests\unit\consolidated\unit_min_deps\test_l3_orchestrator_paths.py ..F  [ 80%]
tests\unit\consolidated\unit_min_deps\test_l4_audit_reader.py ..F        [ 80%]
tests\unit\consolidated\unit_min_deps\test_l4_state_writer.py ..F        [ 80%]
tests\unit\consolidated\unit_min_deps\test_l4_state_writer_isolation.py . [ 80%]
.F                                                                       [ 80%]
tests\unit\consolidated\unit_min_deps\test_leaf_domain_contract.py .     [ 80%]
tests\unit\consolidated\unit_min_deps\test_lineage_validator.py ..F      [ 80%]
tests\unit\consolidated\unit_min_deps\test_llm_workflow_creative.py ..F  [ 80%]
tests\unit\consolidated\unit_min_deps\test_llm_workflow_patterns.py ..F  [ 80%]
tests\unit\consolidated\unit_min_deps\test_marker_registry_contract.py . [ 80%]
.F                                                                       [ 80%]
tests\unit\consolidated\unit_min_deps\test_meta_learning_embedding_service_b2.py . [ 80%]
.F                                                                       [ 80%]
tests\unit\consolidated\unit_min_deps\test_meta_learning_intake_wiring.py . [ 80%]
.F                                                                       [ 80%]
tests\unit\consolidated\unit_min_deps\test_meta_learning_pipeline_wiring.py . [ 80%]
.F                                                                       [ 80%]
tests\unit\consolidated\unit_min_deps\test_offline_healing_outcome_evaluator.py . [ 80%]
.F                                                                       [ 80%]
tests\unit\consolidated\unit_min_deps\test_oscillation_detector.py ..... [ 80%]
.......                                                                  [ 81%]
tests\unit\consolidated\unit_min_deps\test_pattern_analysis_engine.py .. [ 81%]
F                                                                        [ 81%]
tests\unit\consolidated\unit_min_deps\test_pattern_analysis_hardening.py . [ 81%]
.F                                                                       [ 81%]
tests\unit\consolidated\unit_min_deps\test_performance_envelope.py ..F   [ 81%]
tests\unit\consolidated\unit_min_deps\test_persistent_store.py ..F       [ 81%]
tests\unit\consolidated\unit_min_deps\test_pipeline_factory_imports.py . [ 81%]
.F                                                                       [ 81%]
tests\unit\consolidated\unit_min_deps\test_pipeline_l4c_warnings.py ..F  [ 81%]
tests\unit\consolidated\unit_min_deps\test_pipeline_step8_real_records.py . [ 81%]
.F                                                                       [ 81%]
tests\unit\consolidated\unit_min_deps\test_pipeline_step8_window_aggregation.py . [ 81%]
.F                                                                       [ 81%]
tests\unit\consolidated\unit_min_deps\test_proposal_capture.py ..F       [ 81%]
tests\unit\consolidated\unit_min_deps\test_protected_root_invariant_ast.py . [ 81%]
.F                                                                       [ 81%]
tests\unit\consolidated\unit_min_deps\test_ptc_write_contract.py ..F     [ 81%]
tests\unit\consolidated\unit_min_deps\test_quarantine_manifest_contract.py . [ 81%]
.F                                                                       [ 81%]
tests\unit\consolidated\unit_min_deps\test_rag_optimizer.py .........    [ 81%]
tests\unit\consolidated\unit_min_deps\test_rca_engine.py ..F             [ 81%]
tests\unit\consolidated\unit_min_deps\test_rca_types.py ......           [ 82%]
tests\unit\consolidated\unit_min_deps\test_replay_harness_contracts.py . [ 82%]
.F                                                                       [ 82%]
tests\unit\consolidated\unit_min_deps\test_replay_validator.py ..F       [ 82%]
tests\unit\consolidated\unit_min_deps\test_replay_validator_b3.py ..F    [ 82%]
tests\unit\consolidated\unit_min_deps\test_resource_predictor.py ..F     [ 82%]
tests\unit\consolidated\unit_min_deps\test_resource_predictor_hardening.py . [ 82%]
.F                                                                       [ 82%]
tests\unit\consolidated\unit_min_deps\test_risk_correlator.py ..F        [ 82%]
tests\unit\consolidated\unit_min_deps\test_rlhf_optimizer.py ..F         [ 82%]
tests\unit\consolidated\unit_min_deps\test_rollback_refiner.py ..F       [ 82%]
tests\unit\consolidated\unit_min_deps\test_root_hygiene_contract.py ..F  [ 82%]
tests\unit\consolidated\unit_min_deps\test_seed_embedding_pack_b0.py ..F [ 82%]
                                                                         [ 82%]
tests\unit\consolidated\unit_min_deps\test_shadow_evaluator.py ..F       [ 82%]
tests\unit\consolidated\unit_min_deps\test_shadow_router_classifier.py . [ 82%]
.F                                                                       [ 82%]
tests\unit\consolidated\unit_min_deps\test_snapshot_determinism.py ..F   [ 82%]
tests\unit\consolidated\unit_min_deps\test_sovereignty_interfaces.py ..F [ 82%]
                                                                         [ 82%]
tests\unit\consolidated\unit_min_deps\test_spine_cross_app_contract.py . [ 82%]
.F                                                                       [ 82%]
tests\unit\consolidated\unit_min_deps\test_ssot_mutation_fence.py ..F    [ 82%]
tests\unit\consolidated\unit_min_deps\test_ssot_single_entry_point.py .. [ 82%]
F                                                                        [ 82%]
tests\unit\consolidated\unit_min_deps\test_static_checks.py ..F          [ 83%]
tests\unit\consolidated\unit_min_deps\test_telemetry_consumer.py ..F     [ 83%]
tests\unit\consolidated\unit_min_deps\test_testpaths_contract.py ..F     [ 83%]
tests\unit\consolidated\unit_min_deps\test_three_tier_convergence.py ..F [ 83%]
                                                                         [ 83%]
tests\unit\consolidated\unit_min_deps\test_time_shifted_consumption.py . [ 83%]
.F                                                                       [ 83%]
tests\unit\consolidated\unit_min_deps\test_unsafe_io_enforcement.py ..F  [ 83%]
tests\unit\consolidated\unit_min_deps\test_unsafe_io_subprocess_detector.py . [ 83%]
.F                                                                       [ 83%]
tests\unit\consolidated\unit_min_deps\test_version_store.py ..F          [ 83%]
tests\unit\consolidated\unit_min_deps\test_vllm_contracts.py ..F         [ 83%]
tests\unit\consolidated\unit_min_deps\test_vllm_replay.py ..F            [ 83%]
tests\unit\consolidated\unit_min_deps\test_windsurf_skills_contract.py . [ 83%]
.F                                                                       [ 83%]
tests\unit\consolidated\unit_min_deps\test_write_gateway_guards.py ..F   [ 83%]
tests\unit\evaluation\test_plan5_evaluation_drift_hardening.py ..F       [ 83%]
tests\unit\knowledge\test_plan3_agentic_rag_hardening.py ..F             [ 83%]
tests\unit\ops_scripts\ci\test_pre_commit_issue_schema.py .............. [ 84%]
.                                                                        [ 84%]
tests\unit\ops_scripts\ci\test_pre_commit_summary_reporter.py .......... [ 84%]
..........                                                               [ 84%]
tests\unit\ops_scripts\ci\test_zero_loss_refactor_verifier.py FFFFFFF..  [ 84%]
tests\unit\prompt_governance\test_prompt_governance_coverage.py ..F      [ 84%]
tests\unit\prompt_governance\test_template_rendering_e2e.py ............ [ 84%]
...........................................                              [ 85%]
tests\unit\prompt_governance\test_template_wiring.py ..F                 [ 85%]
tests\unit\prompt_governance\test_tier_instructional_enrichment.py ..... [ 85%]
...............                                                          [ 86%]
tests\unit\prompt_governance\test_wiring_gap_e2e.py .                    [ 86%]
tests\unit\system_learning\adapters\test_live_run_pipeline_adapter_adg.py . [ 86%]
..                                                                       [ 86%]
tests\unit\system_learning\adapters\test_system_learning_memory_bridge.py F [ 86%]
                                                                         [ 86%]
tests\unit\system_learning\constraints\test_config_surfaces.py ...       [ 86%]
tests\unit\system_learning\enforcement\test_determinism.py ...           [ 86%]
tests\unit\system_learning\enforcement\test_determinism_adg.py ...       [ 86%]
tests\unit\system_learning\engines\test_cross_repo_system_learning_import.py . [ 86%]
..                                                                       [ 86%]
tests\unit\system_learning\engines\test_embedding_corpus_extraction_adg.py . [ 86%]
..                                                                       [ 86%]
tests\unit\system_learning\engines\test_healing_success_rate_store.py F  [ 86%]
tests\unit\system_learning\engines\test_hitl_decision_logger.py F        [ 86%]
tests\unit\system_learning\engines\test_hitl_decision_logger_adg.py ...  [ 86%]
tests\unit\system_learning\engines\test_hitl_routing_correction.py ...   [ 86%]
tests\unit\system_learning\engines\test_l0_routing_confidence_monitor.py . [ 86%]
..                                                                       [ 86%]
tests\unit\system_learning\engines\test_l3_efficiency_tuner.py ...       [ 86%]
tests\unit\system_learning\engines\test_local_embedding_population_service_adg.py . [ 86%]
..                                                                       [ 86%]
tests\unit\system_learning\engines\test_local_faiss_store.py F           [ 86%]
tests\unit\system_learning\engines\test_rag_proposer_adg.py ...          [ 86%]
tests\unit\system_learning\engines\test_retrieval_profile.py F           [ 86%]
tests\unit\system_learning\engines\test_retrieval_profile_invariant_checker_adg.py . [ 86%]
..                                                                       [ 86%]
tests\unit\system_learning\engines\test_retrieval_profile_replay_check_adg.py . [ 86%]
..                                                                       [ 86%]
tests\unit\system_learning\engines\test_trace_feature_routing_fields.py . [ 87%]
..                                                                       [ 87%]
tests\unit\system_learning\pipelines\test___init___adg.py ...            [ 87%]
tests\unit\system_learning\pipelines\test_approval_gate_impl_adg.py ...  [ 87%]
tests\unit\system_learning\ports\test_healing_outcome_intake_store.py F  [ 87%]
tests\unit\system_learning\ports\test_healing_outcome_sink_adg.py ...    [ 87%]
tests\unit\system_learning\ports\test_meta_prior_provider.py F           [ 87%]
tests\unit\system_learning\ports\test_ports_init_adg.py ...              [ 87%]
tests\unit\system_learning\ports\test_scoring_report_store_adg.py FF.    [ 87%]
tests\unit\system_learning\runtime\test_isolation_monitor_adg.py ...     [ 87%]
tests\unit\system_learning\runtime_adg\test_materializer.py ...          [ 87%]
tests\unit\system_learning\runtime_adg\test_pipeline.py ...              [ 87%]
tests\unit\system_learning\runtime_adg\test_snapshot.py ...              [ 87%]
tests\unit\system_learning\runtime_adg\test_store.py ...                 [ 87%]
tests\unit\system_learning\stores\test_audit_store_adg.py ...            [ 87%]
tests\unit\system_learning\stores\test_config_provider_adg.py ...        [ 87%]
tests\unit\system_learning\stores\test_telemetry_store_adg.py ...        [ 87%]
tests\unit\system_learning\test_plan2_meta_learning_bus_hardening.py ... [ 87%]
                                                                         [ 87%]
tests\unit\system_learning\test_stage_barrier_enforcement.py FFF         [ 87%]
tests\unit\system_learning\types\test_app_signal_types.py F              [ 87%]
tests\unit\system_learning\types\test_apply_attempt_types.py F           [ 87%]
tests\unit\system_learning\types\test_healing_outcome_intake_types.py F  [ 87%]
tests\unit\system_learning\types\test_healing_outcome_learning_types.py F [ 88%]
                                                                         [ 88%]
tests\unit\system_learning\types\test_healing_outcome_scoring_types.py F [ 88%]
                                                                         [ 88%]
tests\unit\system_learning\types\test_healing_outcome_types.py F         [ 88%]
tests\unit\system_learning\types\test_index_build_metadata_types.py F    [ 88%]
tests\unit\system_learning\types\test_meta_learning_types.py F           [ 88%]
tests\unit\system_learning\types\test_rollout_types.py F                 [ 88%]
tests\unit\system_learning\types\test_telemetry_types_adg.py FFF         [ 88%]
tests\unit\system_learning\types\test_types_init_adg.py FFF              [ 88%]
tests\unit\test_L0MaintenanceBase.py ..                                  [ 88%]
tests\unit\test_adg_antipattern_detection.py FFF                         [ 88%]
tests\unit\test_adg_artifact_builder.py FFF                              [ 88%]
tests\unit\test_adg_cli_commands.py FFF                                  [ 88%]
tests\unit\test_adg_exception_hardening_e2e.py FFF                       [ 88%]
tests\unit\test_adg_identity_normalizer.py FFF                           [ 88%]
tests\unit\test_adg_insight_cli.py FFF                                   [ 88%]
tests\unit\test_adg_runtime_acceleration.py FFF                          [ 88%]
tests\unit\test_agent_id_contracts.py FFF                                [ 88%]
tests\unit\test_ai_checking_ai_hardenings.py FFF                         [ 88%]
tests\unit\test_app_package_inits_adg.py ..........                      [ 88%]
tests\unit\test_app_signal_aggregation.py FFF                            [ 88%]
tests\unit\test_apps_taxonomy_guard.py FFF                               [ 89%]
tests\unit\test_assembler_slots.py ......                                [ 89%]
tests\unit\test_assembly_stage.py FFF                                    [ 89%]
tests\unit\test_ast_extraction.py FFF                                    [ 89%]
tests\unit\test_authority_hardening.py FFF                               [ 89%]
tests\unit\test_blackboard_store.py FFF                                  [ 89%]
tests\unit\test_brand_compliance_agent.py FFFF                           [ 89%]
tests\unit\test_campaign_planner_agent.py FFFF..                         [ 89%]
tests\unit\test_capability_contracts.py FFF                              [ 89%]
tests\unit\test_cda_sync_wrapper.py ....                                 [ 89%]
tests\unit\test_change_impact_engine.py FFF                              [ 89%]
tests\unit\test_cid_registry.py ..F                                      [ 89%]
tests\unit\test_citation_bundle_model.py FFF                             [ 89%]
tests\unit\test_citation_enforcement.py FFF                              [ 89%]
tests\unit\test_conf_calib_gate.py FFF                                   [ 89%]
tests\unit\test_content_quality_agent.py ..                              [ 90%]
tests\unit\test_content_strategy_agent.py ..                             [ 90%]
tests\unit\test_d0_injection_engine.py FFF                               [ 90%]
tests\unit\test_detection_signal.py FFF                                  [ 90%]
tests\unit\test_deterministic_providers.py FFF                           [ 90%]
tests\unit\test_discovery_canonical_identity.py FFF                      [ 90%]
tests\unit\test_dispatch_resume_tools_agent.py ..                        [ 90%]
tests\unit\test_drift_diff.py FFF                                        [ 90%]
tests\unit\test_environment.py FFF                                       [ 90%]
tests\unit\test_execute_ssot_integration.py ..FFF..F.F.F.FF              [ 90%]
tests\unit\test_execution_orchestrator.py FFF                            [ 90%]
tests\unit\test_fact_check_agent.py ..                                   [ 90%]
tests\unit\test_fix_high_severity_silent_swallowers_phase21.py ..FFFFFFF [ 90%]
F.FF                                                                     [ 91%]
tests\unit\test_gap_closure_architect_agent.py FF..                      [ 91%]
tests\unit\test_gravity_exclusion.py ....                                [ 91%]
tests\unit\test_guardian_prioritizer.py FFF                              [ 91%]
tests\unit\test_healer_gate.py FFF                                       [ 91%]
tests\unit\test_hitl_gates.py FFF                                        [ 91%]
tests\unit\test_imports_no_mro_error.py .                                [ 91%]
tests\unit\test_inspection_capability_dedup_regression.py FFF            [ 91%]
tests\unit\test_integration_config.py FFF                                [ 91%]
tests\unit\test_integration_layer.py FFF                                 [ 91%]
tests\unit\test_l0_routing_override.py ...........                       [ 91%]
tests\unit\test_l1_purity_enforcement.py ............................... [ 92%]
.........F.............................................................. [ 93%]
...........FF................FF..................F                       [ 94%]
tests\unit\test_l4_state_agent_inventory_contract.py FFF                 [ 94%]
tests\unit\test_l4_state_lifecycle.py FFF                                [ 94%]
tests\unit\test_l4_violation_persistence.py FFF                          [ 94%]
tests\unit\test_l6_agent_inventory_contract.py FFF                       [ 94%]
tests\unit\test_longpaths_guard.py ..                                    [ 94%]
tests\unit\test_manager_routing.py FFF                                   [ 94%]
tests\unit\test_meta_learning_bridge.py FFF                              [ 94%]
tests\unit\test_meta_learning_bus.py FFF                                 [ 95%]
tests\unit\test_meta_learning_contract.py FFF                            [ 95%]
tests\unit\test_meta_learning_engine.py x                                [ 95%]
tests\unit\test_meta_learning_pipeline.py FFF                            [ 95%]
tests\unit\test_meta_learning_rollout.py FFF                             [ 95%]
tests\unit\test_mixin_location_invariant.py .                            [ 95%]
tests\unit\test_ml_compatibility.py FFF                                  [ 95%]
tests\unit\test_ml_end_to_end_envelope.py FFF                            [ 95%]
tests\unit\test_ml_write_envelope.py FFF                                 [ 95%]
tests\unit\test_nested_lcd_detection_hook.py FFF                         [ 95%]
tests\unit\test_nested_lcd_prevention.py FFF                             [ 95%]
tests\unit\test_offline_replay_golden.py FFF                             [ 95%]
tests\unit\test_outcome_logger.py FFFFF                                  [ 95%]
tests\unit\test_path_router.py .FFFFFFFF.F                               [ 95%]
tests\unit\test_proactive_agent.py FFFFF..                               [ 95%]
tests\unit\test_prompt_evaluation_corpus.py FFF                          [ 96%]
tests\unit\test_prompt_version_store.py FFF                              [ 96%]
tests\unit\test_rag_import_contract.py FFF                               [ 96%]
tests\unit\test_readonly_scope.py FFF                                    [ 96%]
tests\unit\test_red_sentinel_agent_agents.py FFF                         [ 96%]
tests\unit\test_reentry_loop.py FFF                                      [ 96%]
tests\unit\test_replay_bundle_model.py FFF                               [ 96%]
tests\unit\test_replay_guard_mixin.py FFF                                [ 96%]
tests\unit\test_replay_verifier.py FFF                                   [ 96%]
tests\unit\test_req_pt011_slot_order_enforcement.py .....                [ 96%]
tests\unit\test_retrieval_anchors.py FFF                                 [ 96%]
tests\unit\test_retrieval_snapshot.py FFF                                [ 96%]
tests\unit\test_rg_healing_orchestrator.py FFF..                         [ 96%]
tests\unit\test_rg_reflection_agent.py FFF..                             [ 96%]
tests\unit\test_rg_resume_orchestrator.py FFF..                          [ 96%]
tests\unit\test_rg_strategic_planner_agent.py FFF..                      [ 97%]
tests\unit\test_rg_template_optimizer_agent.py FFF..                     [ 97%]
tests\unit\test_runtime_antipattern_enforcement.py FFF                   [ 97%]
tests\unit\test_runtime_state_digest.py FFF                              [ 97%]
tests\unit\test_runtime_state_digest_advanced.py FFF                     [ 97%]
tests\unit\test_scripts_gate.py .............................            [ 97%]
tests\unit\test_section_balance_agent.py FFF..                           [ 97%]
tests\unit\test_semantic_cache_deep.py FFF                               [ 98%]
tests\unit\test_semantic_cache_mixin.py FFF                              [ 98%]
tests\unit\test_semantic_cache_redis_hardening.py FFF                    [ 98%]
tests\unit\test_slot_contracts.py ............                           [ 98%]
tests\unit\test_spine_adapter_wiring.py FFF                              [ 98%]
tests\unit\test_ssot_audit_trail_mixin.py FFF                            [ 98%]
tests\unit\test_ssot_mixin_integration.py FFF                            [ 98%]
tests\unit\test_ssot_mixin_stack.py FFF                                  [ 98%]
tests\unit\test_structural_healing_engine.py x                           [ 98%]
tests\unit\test_syntax_error_handling.py FFF                             [ 98%]
tests\unit\test_telemetry_emitter.py FFF                                 [ 98%]
tests\unit\test_telemetry_recorder.py FFF                                [ 98%]
tests\unit\test_test_coverage_mapper.py FFF                              [ 98%]
tests\unit\test_tool_executor.py FFF                                     [ 98%]
tests\unit\test_tool_intent_model.py FFF                                 [ 98%]
tests\unit\test_type_classification_agent_wins.py FFF                    [ 98%]
tests\unit\test_unified_agent.py FFF                                     [ 99%]
tests\unit\test_unified_agent_performance.py FFF                         [ 99%]
tests\unit\test_validator_classification_precision.py FFF                [ 99%]
tests\unit\test_versioned_config.py FFF                                  [ 99%]
tests\unit\test_vigilance_dispatcher.py FFF                              [ 99%]
tests\unit\test_violation_event.py FFF                                   [ 99%]
tests\unit\tools\adg\test_adg_query_bridge.py ......................     [ 99%]
tests\unit\tools\adg\test_boilerplate_ratio_report.py ........           [ 99%]
tests\unit\tools\adg\test_hollow_file_cleanup.py ...s..                  [100%]

============================== warnings summary ===============================
agentic_core\L5_safety\audit\safety_audit_registry.py:19
  C:\Git\Agentic-Workflow\agentic_core\L5_safety\audit\safety_audit_registry.py:19: DeprecationWarning: agentic_core.L2_execution.providers is deprecated. Import from agentic_core.utils.providers instead.
    from agentic_core.L2_execution.providers import get_clock

agentic_core\L0_routing\scripts\base_tool.py:165
  C:\Git\Agentic-Workflow\agentic_core\L0_routing\scripts\base_tool.py:165: PydanticDeprecatedSince20: Support for class-based `config` is deprecated, use ConfigDict instead. Deprecated in Pydantic V2.0 to be removed in V3.0. See Pydantic V2 Migration Guide at https://errors.pydantic.dev/2.12/migration/
    class BaseTool(BaseModel, ABC):

agentic_core\L5_safety\config\structure_blueprint\_constants.py:1550
  C:\Git\Agentic-Workflow\agentic_core\L5_safety\config\structure_blueprint\_constants.py:1550: DeprecationWarning: SOVEREIGN_TERRITORIES is deprecated. Use get_territory_metadata() or get_all_territories() from structure_blueprint.territories instead.
    SOVEREIGN_TERRITORIES: Final[Mapping[str, Any]] = _deep_freeze(build_sovereign_territories())

agentic_core\adg\runtime\__init__.py:63
  C:\Git\Agentic-Workflow\agentic_core\adg\runtime\__init__.py:63: DeprecationWarning: agentic_core.adg.runtime.eval_spine is deprecated. Import from agentic_core.L_CONTRACTS.lifecycle_trace_contract import _emit_records_execution_tracing, instead.
    from agentic_core.adg.runtime.eval_spine import (

agentic_core\adg\runtime\__init__.py:99
  C:\Git\Agentic-Workflow\agentic_core\adg\runtime\__init__.py:99: DeprecationWarning: agentic_core.adg.runtime.hitl_graph is deprecated. Import from agentic_core.L5_safety.hitl.hitl_graph instead.
    from agentic_core.adg.runtime.hitl_graph import (

tests\unit\tools\adg\test_adg_query_bridge.py:22
  c:\Git\Agentic-Workflow\tests\unit\tools\adg\test_adg_query_bridge.py:22: UserWarning: ADG Redis MCP unavailable: No module named 'mcp1_adg_redis'
    from adg_query_bridge import ADGQueryBridge, FileMatch, Node, Violation

tests/unit/agentic_core/L0_routing/scripts/test_hardened_anti_pattern_visitor_adg.py::test_module_importable
  C:\Git\Agentic-Workflow\agentic_core\L0_routing\scripts\hardened_anti_pattern_visitor.py:340: DeprecationWarning: ast.Str is deprecated and will be removed in Python 3.14; use ast.Constant instead
    def visit_Str(self, node: ast.Str):

tests/unit/agentic_core/L4_state/memory/test_l1_exact_cache.py: 16 warnings
  C:\Git\Agentic-Workflow\agentic_core\L4_state\memory\l1_exact_cache.py:168: DeprecationWarning: datetime.datetime.utcnow() is deprecated and scheduled for removal in a future version. Use timezone-aware objects to represent datetimes in UTC: datetime.datetime.now(datetime.UTC).
    "timestamp": datetime.utcnow().isoformat(),

tests/unit/apps_exec/engines/test_base_exec_engine.py::test_get_prompt_happy_path_returns_template_text
  C:\Git\Agentic-Workflow\apps_exec\types\exec_types.py:126: PydanticDeprecatedSince20: Support for class-based `config` is deprecated, use ConfigDict instead. Deprecated in Pydantic V2.0 to be removed in V3.0. See Pydantic V2 Migration Guide at https://errors.pydantic.dev/2.12/migration/
    class RunSummary(BaseModel):

tests/unit/apps_research/engines/test_base_research_engine.py::test_get_prompt_happy_path_returns_template_text
  C:\Git\Agentic-Workflow\apps_research\types\research_types.py:122: PydanticDeprecatedSince20: Support for class-based `config` is deprecated, use ConfigDict instead. Deprecated in Pydantic V2.0 to be removed in V3.0. See Pydantic V2 Migration Guide at https://errors.pydantic.dev/2.12/migration/
    class ResearchRunSummary(BaseModel):

tests/unit/apps_rfp/engines/test_base_rfp_engine.py::test_get_prompt_happy_path_returns_template_text
  C:\Git\Agentic-Workflow\apps_rfp\types\rfp_types.py:164: PydanticDeprecatedSince20: Support for class-based `config` is deprecated, use ConfigDict instead. Deprecated in Pydantic V2.0 to be removed in V3.0. See Pydantic V2 Migration Guide at https://errors.pydantic.dev/2.12/migration/
    class RfpRunSummary(BaseModel):

tests/unit/consolidated/unit_min_deps/test_leaf_domain_contract.py::test_leaf_domains_no_lcd
  c:\Git\Agentic-Workflow\tests\unit\consolidated\unit_min_deps\test_leaf_domain_contract.py:35: DeprecationWarning: SOVEREIGN_TERRITORIES is deprecated. Use get_territory_metadata() or get_all_territories() from structure_blueprint.territories instead.
    territories = build_sovereign_territories()

tests/unit/tools/adg/test_boilerplate_ratio_report.py::test_generate_ratio_report
  C:\Git\Agentic-Workflow\tools\adg\boilerplate_ratio_report.py:232: DeprecationWarning: datetime.datetime.utcnow() is deprecated and scheduled for removal in a future version. Use timezone-aware objects to represent datetimes in UTC: datetime.datetime.now(datetime.UTC).
    timestamp=datetime.datetime.utcnow().isoformat(),

-- Docs: https://docs.pytest.org/en/stable/how-to/capture-warnings.html
=========================== short test summary info ===========================
FAILED tests/unit/agentic_core/L5_safety/config/structure_blueprint/enforcement/test_import_graph_adg.py::PlaceholderTest::test_placeholder_3
FAILED tests/unit/agentic_core/L5_safety/config/structure_blueprint/test__simulate_verify_adg.py::PlaceholderTest::test_placeholder_3
FAILED tests/unit/agentic_core/L5_safety/config/structure_blueprint/test__verify_adg.py::PlaceholderTest::test_placeholder_3
FAILED tests/unit/agentic_core/L5_safety/config/structure_blueprint/test_artifacts_adg.py::PlaceholderTest::test_placeholder_3
FAILED tests/unit/agentic_core/L5_safety/config/structure_blueprint/test_classification_adg.py::PlaceholderTest::test_placeholder_3
FAILED tests/unit/agentic_core/L5_safety/config/structure_blueprint/test_semantics_adg.py::PlaceholderTest::test_placeholder_3
FAILED tests/unit/agentic_core/L5_safety/config/test_contract_stage_config.py::GeneratedTest::test_CognitiveContract_init
FAILED tests/unit/agentic_core/L5_safety/config/test_contract_stage_config.py::GeneratedTest::test_ContractStage_init
FAILED tests/unit/agentic_core/L5_safety/config/test_contract_stage_config.py::GeneratedTest::test_add_contract
FAILED tests/unit/agentic_core/L5_safety/config/test_contract_stage_config.py::GeneratedTest::test_enforce
FAILED tests/unit/agentic_core/L5_safety/config/test_detection_signal_config_adg.py::GeneratedTest::test_ImpactScope_init
FAILED tests/unit/agentic_core/L5_safety/config/test_detection_signal_config_adg.py::GeneratedTest::test_Severity_init
FAILED tests/unit/agentic_core/L5_safety/config/test_detection_signal_config_adg.py::GeneratedTest::test_to_dict
FAILED tests/unit/agentic_core/L5_safety/config/test_structure_blueprint_config.py::PlaceholderTest::test_placeholder_3
FAILED tests/unit/agentic_core/L5_safety/core/test_code_healer_canon_cst.py::PlaceholderTest::test_placeholder_3
FAILED tests/unit/agentic_core/L5_safety/core/test_code_healer_facade.py::PlaceholderTest::test_placeholder_3
FAILED tests/unit/agentic_core/L5_safety/core/test_hygiene_consolidation.py::PlaceholderTest::test_placeholder_3
FAILED tests/unit/agentic_core/L5_safety/core_kernel/test_execution_mode.py::PlaceholderTest::test_placeholder_3
FAILED tests/unit/agentic_core/L5_safety/enforcement/governance/test_cache_guard.py::PlaceholderTest::test_placeholder_3
FAILED tests/unit/agentic_core/L5_safety/enforcement/governance/test_docs_structure_guard.py::PlaceholderTest::test_placeholder_3
FAILED tests/unit/agentic_core/L5_safety/enforcement/governance/test_logs_guard.py::PlaceholderTest::test_placeholder_3
FAILED tests/unit/agentic_core/L5_safety/enforcement/security/test_credential_access_guard.py::PlaceholderTest::test_placeholder_3
FAILED tests/unit/agentic_core/L5_safety/enforcement/test_adapter_base_adg.py::PlaceholderTest::test_placeholder_3
FAILED tests/unit/agentic_core/L5_safety/enforcement/test_agent_info_enforcer.py::GeneratedTest::test_ASTNormalizer_init
FAILED tests/unit/agentic_core/L5_safety/enforcement/test_agent_info_enforcer.py::GeneratedTest::test_ASTNormalizer_reset
FAILED tests/unit/agentic_core/L5_safety/enforcement/test_agent_info_enforcer.py::GeneratedTest::test_AgentInfo_init
FAILED tests/unit/agentic_core/L5_safety/enforcement/test_agent_info_enforcer.py::GeneratedTest::test_extract_layer
FAILED tests/unit/agentic_core/L5_safety/enforcement/test_agent_info_enforcer.py::GeneratedTest::test_find_agent_classes
FAILED tests/unit/agentic_core/L5_safety/enforcement/test_archival_gatekeeper.py::PlaceholderTest::test_placeholder_3
FAILED tests/unit/agentic_core/L5_safety/enforcement/test_context_session_manager_enforcer.py::PlaceholderTest::test_placeholder_3
FAILED tests/unit/agentic_core/L5_safety/enforcement/test_dependency_graph_enforcer_adg.py::PlaceholderTest::test_placeholder_3
FAILED tests/unit/agentic_core/L5_safety/enforcement/test_error_recovery_guardrail.py::PlaceholderTest::test_placeholder_3
FAILED tests/unit/agentic_core/L5_safety/enforcement/test_error_recovery_strategy_adg.py::PlaceholderTest::test_placeholder_3
FAILED tests/unit/agentic_core/L5_safety/enforcement/test_hardcoded_path_refactorer_enforcer.py::PlaceholderTest::test_placeholder_3
FAILED tests/unit/agentic_core/L5_safety/enforcement/test_hierarchy_validator_enforcer_adg.py::PlaceholderTest::test_placeholder_3
FAILED tests/unit/agentic_core/L5_safety/enforcement/test_hitl_gate.py::PlaceholderTest::test_placeholder_3
FAILED tests/unit/agentic_core/L5_safety/enforcement/test_import_boundary_check_enforcer_adg.py::PlaceholderTest::test_placeholder_3
FAILED tests/unit/agentic_core/L5_safety/enforcement/test_mcp_sovereign_authority_adg.py::PlaceholderTest::test_placeholder_3
FAILED tests/unit/agentic_core/L5_safety/enforcement/test_mock_context_enforcer.py::PlaceholderTest::test_placeholder_3
FAILED tests/unit/agentic_core/L5_safety/enforcement/test_module_collision_guardrail.py::PlaceholderTest::test_placeholder_3
FAILED tests/unit/agentic_core/L5_safety/test_hollow_file_detector.py::test_hollow_file_detector_boilerplate_heavy
FAILED tests/unit/agentic_core/L5_safety/test_hollow_file_detector.py::test_hollow_file_detector_scaffolding
FAILED tests/unit/agentic_core/L5_safety/types/test_hardening_errors_adg.py::GeneratedTest::test_ExecutionTraceIntegrityError_init
FAILED tests/unit/agentic_core/L5_safety/types/test_hardening_errors_adg.py::GeneratedTest::test_MutationReplayIntegrityViolation_init
FAILED tests/unit/agentic_core/L6_observability/dashboard/test_dashboard_aggregation_rca.py::TestDashboardAggregationRca::test_dashboard_aggregation_rca_imports
FAILED tests/unit/agentic_core/L6_observability/dashboard/test_dashboard_aggregation_rca.py::TestDashboardAggregationRca::test_dashboard_aggregation_rca_class
FAILED tests/unit/agentic_core/L6_observability/dashboard/test_dashboard_aggregation_rca.py::TestDashboardAggregationRca::test_dashboard_aggregation_rca_callable
FAILED tests/unit/agentic_core/L6_observability/enforcement/test_reasoning_streamer.py::TestReasoningStreamer::test_reasoning_streamer_imports
FAILED tests/unit/agentic_core/L6_observability/enforcement/test_reasoning_streamer.py::TestReasoningStreamer::test_reasoning_streamer_class
FAILED tests/unit/agentic_core/L6_observability/enforcement/test_reasoning_streamer.py::TestReasoningStreamer::test_reasoning_streamer_callable
FAILED tests/unit/agentic_core/L6_observability/engines/test_PerformanceAnalystAgentSimple_adg.py::PlaceholderTest::test_placeholder_3
FAILED tests/unit/agentic_core/L6_observability/engines/test_dpo_pair_generator.py::TestDpoPairGenerator::test_dpo_pair_generator_imports
FAILED tests/unit/agentic_core/L6_observability/engines/test_dpo_pair_generator.py::TestDpoPairGenerator::test_dpo_pair_generator_class
FAILED tests/unit/agentic_core/L6_observability/engines/test_dpo_pair_generator.py::TestDpoPairGenerator::test_dpo_pair_generator_callable
FAILED tests/unit/agentic_core/L6_observability/engines/test_entropy_telemetry_engine.py::PlaceholderTest::test_placeholder_3
FAILED tests/unit/agentic_core/L6_observability/evaluation/test_feedback_loop_optimizer.py::TestFeedbackLoopOptimizer::test_queue_capacity_limit
FAILED tests/unit/agentic_core/L6_observability/evaluation/test_learning_signal_enrichment.py::TestLearningSignalEnricher::test_trend_analysis_degrading
FAILED tests/unit/agentic_core/L6_observability/evaluation/test_learning_signal_enrichment.py::TestLearningSignalEnricher::test_low_quality_filtering
FAILED tests/unit/agentic_core/L6_observability/evaluation/test_learning_signal_enrichment.py::TestLearningSignalEnricher::test_statistics_tracking
FAILED tests/unit/agentic_core/L6_observability/reasoning/test_observability_probe_executor_adg.py::PlaceholderTest::test_placeholder_3
FAILED tests/unit/agentic_core/L6_observability/test_observability_anomaly_detector.py::PlaceholderTest::test_placeholder_3
FAILED tests/unit/agentic_core/L6_observability/types/test_monitor_types_adg.py::PlaceholderTest::test_placeholder_3
FAILED tests/unit/agentic_core/L6_observability/types/test_sovereign_report_types_adg.py::PlaceholderTest::test_placeholder_3
FAILED tests/unit/agentic_core/L6_observability/types/test_tiered_vigilance_monitor.py::PlaceholderTest::test_placeholder_3
FAILED tests/unit/agentic_core/adg/extraction/test_exception_pattern_ban.py::TestExceptionControlFlowBan::test_no_stopiteration_in_scan_file
FAILED tests/unit/agentic_core/adg/extraction/test_exception_pattern_ban.py::TestNextWithDefaultPattern::test_detect_cycles_uses_next_with_default
FAILED tests/unit/agentic_core/agents/test_agent_registry.py::TestAgentRegistry::test_agent_registry_imports
FAILED tests/unit/agentic_core/agents/test_agent_registry.py::TestAgentRegistry::test_agent_registry_class
FAILED tests/unit/agentic_core/agents/test_agent_registry.py::TestAgentRegistry::test_agent_registry_callable
FAILED tests/unit/agentic_core/agents/types/test_agent_execution_profile_types_adg.py::TestAgentExecutionProfileTypesAdg::test_agent_execution_profile_types_adg_imports
FAILED tests/unit/agentic_core/agents/types/test_agent_execution_profile_types_adg.py::TestAgentExecutionProfileTypesAdg::test_agent_execution_profile_types_adg_class
FAILED tests/unit/agentic_core/agents/types/test_agent_execution_profile_types_adg.py::TestAgentExecutionProfileTypesAdg::test_agent_execution_profile_types_adg_callable
FAILED tests/unit/agentic_core/base_agents/test_L0RoutingBase.py::TestL0routingbase::test_L0RoutingBase_imports
FAILED tests/unit/agentic_core/base_agents/test_L0RoutingBase.py::TestL0routingbase::test_L0RoutingBase_class
FAILED tests/unit/agentic_core/base_agents/test_L0RoutingBase.py::TestL0routingbase::test_L0RoutingBase_callable
FAILED tests/unit/agentic_core/base_agents/test_L0RoutingBase_adg.py::TestL0routingbaseAdg::test_L0RoutingBase_adg_imports
FAILED tests/unit/agentic_core/base_agents/test_L0RoutingBase_adg.py::TestL0routingbaseAdg::test_L0RoutingBase_adg_class
FAILED tests/unit/agentic_core/base_agents/test_L0RoutingBase_adg.py::TestL0routingbaseAdg::test_L0RoutingBase_adg_callable
FAILED tests/unit/agentic_core/base_agents/test_L1CognitionBase_adg.py::TestL1cognitionbaseAdg::test_L1CognitionBase_adg_imports
FAILED tests/unit/agentic_core/base_agents/test_L1CognitionBase_adg.py::TestL1cognitionbaseAdg::test_L1CognitionBase_adg_class
FAILED tests/unit/agentic_core/base_agents/test_L1CognitionBase_adg.py::TestL1cognitionbaseAdg::test_L1CognitionBase_adg_callable
FAILED tests/unit/agentic_core/base_agents/test_L2ExecutionBase_adg.py::TestL2executionbaseAdg::test_L2ExecutionBase_adg_imports
FAILED tests/unit/agentic_core/base_agents/test_L2ExecutionBase_adg.py::TestL2executionbaseAdg::test_L2ExecutionBase_adg_class
FAILED tests/unit/agentic_core/base_agents/test_L2ExecutionBase_adg.py::TestL2executionbaseAdg::test_L2ExecutionBase_adg_callable
FAILED tests/unit/agentic_core/base_agents/test_L3OrchestrationBase_adg.py::TestL3orchestrationbaseAdg::test_L3OrchestrationBase_adg_imports
FAILED tests/unit/agentic_core/base_agents/test_L3OrchestrationBase_adg.py::TestL3orchestrationbaseAdg::test_L3OrchestrationBase_adg_class
FAILED tests/unit/agentic_core/base_agents/test_L3OrchestrationBase_adg.py::TestL3orchestrationbaseAdg::test_L3OrchestrationBase_adg_callable
FAILED tests/unit/agentic_core/base_agents/test_L4StateBase_adg.py::TestL4statebaseAdg::test_L4StateBase_adg_imports
FAILED tests/unit/agentic_core/base_agents/test_L4StateBase_adg.py::TestL4statebaseAdg::test_L4StateBase_adg_class
FAILED tests/unit/agentic_core/base_agents/test_L4StateBase_adg.py::TestL4statebaseAdg::test_L4StateBase_adg_callable
FAILED tests/unit/agentic_core/base_agents/test_L5SafetyBase_adg.py::TestL5safetybaseAdg::test_L5SafetyBase_adg_imports
FAILED tests/unit/agentic_core/base_agents/test_L5SafetyBase_adg.py::TestL5safetybaseAdg::test_L5SafetyBase_adg_class
FAILED tests/unit/agentic_core/base_agents/test_L5SafetyBase_adg.py::TestL5safetybaseAdg::test_L5SafetyBase_adg_callable
FAILED tests/unit/agentic_core/base_agents/test_L6ObservabilityBase_adg.py::TestL6observabilitybaseAdg::test_L6ObservabilityBase_adg_imports
FAILED tests/unit/agentic_core/base_agents/test_L6ObservabilityBase_adg.py::TestL6observabilitybaseAdg::test_L6ObservabilityBase_adg_class
FAILED tests/unit/agentic_core/base_agents/test_L6ObservabilityBase_adg.py::TestL6observabilitybaseAdg::test_L6ObservabilityBase_adg_callable
FAILED tests/unit/agentic_core/base_agents/test_SovereignBaseAgent.py::TestSovereignbaseagent::test_SovereignBaseAgent_imports
FAILED tests/unit/agentic_core/base_agents/test_SovereignBaseAgent.py::TestSovereignbaseagent::test_SovereignBaseAgent_class
FAILED tests/unit/agentic_core/base_agents/test_SovereignBaseAgent.py::TestSovereignbaseagent::test_SovereignBaseAgent_callable
FAILED tests/unit/agentic_core/base_agents/test_SovereignBaseAgent_adg.py::TestSovereignbaseagentAdg::test_SovereignBaseAgent_adg_imports
FAILED tests/unit/agentic_core/base_agents/test_SovereignBaseAgent_adg.py::TestSovereignbaseagentAdg::test_SovereignBaseAgent_adg_class
FAILED tests/unit/agentic_core/base_agents/test_SovereignBaseAgent_adg.py::TestSovereignbaseagentAdg::test_SovereignBaseAgent_adg_callable
FAILED tests/unit/agentic_core/cache/test_cache_key_builders.py::TestCacheKeyBuilders::test_cache_key_builders_imports
FAILED tests/unit/agentic_core/cache/test_cache_key_builders.py::TestCacheKeyBuilders::test_cache_key_builders_class
FAILED tests/unit/agentic_core/cache/test_cache_key_builders.py::TestCacheKeyBuilders::test_cache_key_builders_callable
FAILED tests/unit/agentic_core/cache/test_redis_cache_client.py::TestRedisCacheClient::test_redis_cache_client_imports
FAILED tests/unit/agentic_core/cache/test_redis_cache_client.py::TestRedisCacheClient::test_redis_cache_client_class
FAILED tests/unit/agentic_core/cache/test_redis_cache_client.py::TestRedisCacheClient::test_redis_cache_client_callable
FAILED tests/unit/agentic_core/cache/test_redis_cache_client_adg.py::TestRedisCacheClientAdg::test_redis_cache_client_adg_imports
FAILED tests/unit/agentic_core/cache/test_redis_cache_client_adg.py::TestRedisCacheClientAdg::test_redis_cache_client_adg_class
FAILED tests/unit/agentic_core/cache/test_redis_cache_client_adg.py::TestRedisCacheClientAdg::test_redis_cache_client_adg_callable
FAILED tests/unit/agentic_core/cache/test_redis_coordination_fabric_adg.py::TestRedisCoordinationFabricAdg::test_redis_coordination_fabric_adg_imports
FAILED tests/unit/agentic_core/cache/test_redis_coordination_fabric_adg.py::TestRedisCoordinationFabricAdg::test_redis_coordination_fabric_adg_class
FAILED tests/unit/agentic_core/cache/test_redis_coordination_fabric_adg.py::TestRedisCoordinationFabricAdg::test_redis_coordination_fabric_adg_callable
FAILED tests/unit/agentic_core/cache/test_redis_mcp.py::TestRedisMcp::test_redis_mcp_imports
FAILED tests/unit/agentic_core/cache/test_redis_mcp.py::TestRedisMcp::test_redis_mcp_class
FAILED tests/unit/agentic_core/cache/test_redis_mcp.py::TestRedisMcp::test_redis_mcp_callable
FAILED tests/unit/agentic_core/config/core/test_base_entity_config_adg.py::TestBaseEntityConfigAdg::test_base_entity_config_adg_imports
FAILED tests/unit/agentic_core/config/core/test_base_entity_config_adg.py::TestBaseEntityConfigAdg::test_base_entity_config_adg_class
FAILED tests/unit/agentic_core/config/core/test_base_entity_config_adg.py::TestBaseEntityConfigAdg::test_base_entity_config_adg_callable
FAILED tests/unit/agentic_core/config/core/test_colors_config.py::TestColorsConfig::test_colors_config_imports
FAILED tests/unit/agentic_core/config/core/test_colors_config.py::TestColorsConfig::test_colors_config_class
FAILED tests/unit/agentic_core/config/core/test_colors_config.py::TestColorsConfig::test_colors_config_callable
FAILED tests/unit/agentic_core/config/core/test_complexity_metrics_config_adg.py::TestComplexityMetricsConfigAdg::test_complexity_metrics_config_adg_imports
FAILED tests/unit/agentic_core/config/core/test_complexity_metrics_config_adg.py::TestComplexityMetricsConfigAdg::test_complexity_metrics_config_adg_class
FAILED tests/unit/agentic_core/config/core/test_complexity_metrics_config_adg.py::TestComplexityMetricsConfigAdg::test_complexity_metrics_config_adg_callable
FAILED tests/unit/agentic_core/config/core/test_config_loader.py::TestConfigLoader::test_config_loader_imports
FAILED tests/unit/agentic_core/config/core/test_config_loader.py::TestConfigLoader::test_config_loader_class
FAILED tests/unit/agentic_core/config/core/test_config_loader.py::TestConfigLoader::test_config_loader_callable
FAILED tests/unit/agentic_core/config/core/test_config_loader_adg.py::TestConfigLoaderAdg::test_config_loader_adg_imports
FAILED tests/unit/agentic_core/config/core/test_config_loader_adg.py::TestConfigLoaderAdg::test_config_loader_adg_class
FAILED tests/unit/agentic_core/config/core/test_config_loader_adg.py::TestConfigLoaderAdg::test_config_loader_adg_callable
FAILED tests/unit/agentic_core/config/core/test_domain_constitution_config_adg.py::TestDomainConstitutionConfigAdg::test_domain_constitution_config_adg_imports
FAILED tests/unit/agentic_core/config/core/test_domain_constitution_config_adg.py::TestDomainConstitutionConfigAdg::test_domain_constitution_config_adg_class
FAILED tests/unit/agentic_core/config/core/test_domain_constitution_config_adg.py::TestDomainConstitutionConfigAdg::test_domain_constitution_config_adg_callable
FAILED tests/unit/agentic_core/config/core/test_env_loader_adg.py::TestEnvLoaderAdg::test_env_loader_adg_imports
FAILED tests/unit/agentic_core/config/core/test_env_loader_adg.py::TestEnvLoaderAdg::test_env_loader_adg_class
FAILED tests/unit/agentic_core/config/core/test_env_loader_adg.py::TestEnvLoaderAdg::test_env_loader_adg_callable
FAILED tests/unit/agentic_core/config/core/test_gateway_config_adg.py::TestGatewayConfigAdg::test_gateway_config_adg_imports
FAILED tests/unit/agentic_core/config/core/test_gateway_config_adg.py::TestGatewayConfigAdg::test_gateway_config_adg_class
FAILED tests/unit/agentic_core/config/core/test_gateway_config_adg.py::TestGatewayConfigAdg::test_gateway_config_adg_callable
FAILED tests/unit/agentic_core/config/core/test_global_settings_config_adg.py::TestGlobalSettingsConfigAdg::test_global_settings_config_adg_imports
FAILED tests/unit/agentic_core/config/core/test_global_settings_config_adg.py::TestGlobalSettingsConfigAdg::test_global_settings_config_adg_class
FAILED tests/unit/agentic_core/config/core/test_global_settings_config_adg.py::TestGlobalSettingsConfigAdg::test_global_settings_config_adg_callable
FAILED tests/unit/agentic_core/config/core/test_injection_layer_config_adg.py::TestInjectionLayerConfigAdg::test_injection_layer_config_adg_imports
FAILED tests/unit/agentic_core/config/core/test_injection_layer_config_adg.py::TestInjectionLayerConfigAdg::test_injection_layer_config_adg_class
FAILED tests/unit/agentic_core/config/core/test_injection_layer_config_adg.py::TestInjectionLayerConfigAdg::test_injection_layer_config_adg_callable
FAILED tests/unit/agentic_core/config/core/test_legacy_artifacts_config_adg.py::TestLegacyArtifactsConfigAdg::test_legacy_artifacts_config_adg_imports
FAILED tests/unit/agentic_core/config/core/test_legacy_artifacts_config_adg.py::TestLegacyArtifactsConfigAdg::test_legacy_artifacts_config_adg_class
FAILED tests/unit/agentic_core/config/core/test_legacy_artifacts_config_adg.py::TestLegacyArtifactsConfigAdg::test_legacy_artifacts_config_adg_callable
FAILED tests/unit/agentic_core/config/core/test_non_conforming_agent_finder_config_adg.py::TestNonConformingAgentFinderConfigAdg::test_non_conforming_agent_finder_config_adg_imports
FAILED tests/unit/agentic_core/config/core/test_non_conforming_agent_finder_config_adg.py::TestNonConformingAgentFinderConfigAdg::test_non_conforming_agent_finder_config_adg_class
FAILED tests/unit/agentic_core/config/core/test_non_conforming_agent_finder_config_adg.py::TestNonConformingAgentFinderConfigAdg::test_non_conforming_agent_finder_config_adg_callable
FAILED tests/unit/agentic_core/config/core/test_rag_config.py::TestRagConfig::test_rag_config_imports
FAILED tests/unit/agentic_core/config/core/test_rag_config.py::TestRagConfig::test_rag_config_class
FAILED tests/unit/agentic_core/config/core/test_rag_config.py::TestRagConfig::test_rag_config_callable
FAILED tests/unit/agentic_core/config/core/test_sovereign_config_adg.py::TestSovereignConfigAdg::test_sovereign_config_adg_imports
FAILED tests/unit/agentic_core/config/core/test_sovereign_config_adg.py::TestSovereignConfigAdg::test_sovereign_config_adg_class
FAILED tests/unit/agentic_core/config/core/test_sovereign_config_adg.py::TestSovereignConfigAdg::test_sovereign_config_adg_callable
FAILED tests/unit/agentic_core/config/core/test_yaml_injection_loader_adg.py::TestYamlInjectionLoaderAdg::test_yaml_injection_loader_adg_imports
FAILED tests/unit/agentic_core/config/core/test_yaml_injection_loader_adg.py::TestYamlInjectionLoaderAdg::test_yaml_injection_loader_adg_class
FAILED tests/unit/agentic_core/config/core/test_yaml_injection_loader_adg.py::TestYamlInjectionLoaderAdg::test_yaml_injection_loader_adg_callable
FAILED tests/unit/agentic_core/embeddings/test_embedding_factory_adg.py::TestEmbeddingFactoryAdg::test_embedding_factory_adg_imports
FAILED tests/unit/agentic_core/embeddings/test_embedding_factory_adg.py::TestEmbeddingFactoryAdg::test_embedding_factory_adg_class
FAILED tests/unit/agentic_core/embeddings/test_embedding_factory_adg.py::TestEmbeddingFactoryAdg::test_embedding_factory_adg_callable
FAILED tests/unit/agentic_core/embeddings/test_embedding_input_guard_adg.py::TestEmbeddingInputGuardAdg::test_embedding_input_guard_adg_imports
FAILED tests/unit/agentic_core/embeddings/test_embedding_input_guard_adg.py::TestEmbeddingInputGuardAdg::test_embedding_input_guard_adg_class
FAILED tests/unit/agentic_core/embeddings/test_embedding_input_guard_adg.py::TestEmbeddingInputGuardAdg::test_embedding_input_guard_adg_callable
FAILED tests/unit/agentic_core/embeddings/test_tokenization_adapter_adg.py::TestTokenizationAdapterAdg::test_tokenization_adapter_adg_imports
FAILED tests/unit/agentic_core/embeddings/test_tokenization_adapter_adg.py::TestTokenizationAdapterAdg::test_tokenization_adapter_adg_class
FAILED tests/unit/agentic_core/embeddings/test_tokenization_adapter_adg.py::TestTokenizationAdapterAdg::test_tokenization_adapter_adg_callable
FAILED tests/unit/agentic_core/evaluation/judges/test_llm_judge_adg.py::TestLlmJudgeAdg::test_llm_judge_adg_imports
FAILED tests/unit/agentic_core/evaluation/judges/test_llm_judge_adg.py::TestLlmJudgeAdg::test_llm_judge_adg_class
FAILED tests/unit/agentic_core/evaluation/judges/test_llm_judge_adg.py::TestLlmJudgeAdg::test_llm_judge_adg_callable
FAILED tests/unit/agentic_core/evaluation/metrics/test_base_adg.py::TestBaseAdg::test_base_adg_imports
FAILED tests/unit/agentic_core/evaluation/metrics/test_base_adg.py::TestBaseAdg::test_base_adg_class
FAILED tests/unit/agentic_core/evaluation/metrics/test_base_adg.py::TestBaseAdg::test_base_adg_callable
FAILED tests/unit/agentic_core/evaluation/metrics/test_classification_metrics_adg.py::TestClassificationMetricsAdg::test_classification_metrics_adg_imports
FAILED tests/unit/agentic_core/evaluation/metrics/test_classification_metrics_adg.py::TestClassificationMetricsAdg::test_classification_metrics_adg_class
FAILED tests/unit/agentic_core/evaluation/metrics/test_classification_metrics_adg.py::TestClassificationMetricsAdg::test_classification_metrics_adg_callable
FAILED tests/unit/agentic_core/evaluation/metrics/test_classification_novel_adg.py::TestClassificationNovelAdg::test_classification_novel_adg_imports
FAILED tests/unit/agentic_core/evaluation/metrics/test_classification_novel_adg.py::TestClassificationNovelAdg::test_classification_novel_adg_class
FAILED tests/unit/agentic_core/evaluation/metrics/test_classification_novel_adg.py::TestClassificationNovelAdg::test_classification_novel_adg_callable
FAILED tests/unit/agentic_core/interfaces/test_IBlackboardLeaseVerifierProtocol_adg.py::TestIblackboardleaseverifierprotocolAdg::test_IBlackboardLeaseVerifierProtocol_adg_imports
FAILED tests/unit/agentic_core/interfaces/test_IBlackboardLeaseVerifierProtocol_adg.py::TestIblackboardleaseverifierprotocolAdg::test_IBlackboardLeaseVerifierProtocol_adg_class
FAILED tests/unit/agentic_core/interfaces/test_IBlackboardLeaseVerifierProtocol_adg.py::TestIblackboardleaseverifierprotocolAdg::test_IBlackboardLeaseVerifierProtocol_adg_callable
FAILED tests/unit/agentic_core/interfaces/test_IHealerProtocol_adg.py::TestIhealerprotocolAdg::test_IHealerProtocol_adg_imports
FAILED tests/unit/agentic_core/interfaces/test_IHealerProtocol_adg.py::TestIhealerprotocolAdg::test_IHealerProtocol_adg_class
FAILED tests/unit/agentic_core/interfaces/test_IHealerProtocol_adg.py::TestIhealerprotocolAdg::test_IHealerProtocol_adg_callable
FAILED tests/unit/agentic_core/interfaces/test_IHealingStrategyProtocol.py::TestIhealingstrategyprotocol::test_IHealingStrategyProtocol_imports
FAILED tests/unit/agentic_core/interfaces/test_IHealingStrategyProtocol.py::TestIhealingstrategyprotocol::test_IHealingStrategyProtocol_class
FAILED tests/unit/agentic_core/interfaces/test_IHealingStrategyProtocol.py::TestIhealingstrategyprotocol::test_IHealingStrategyProtocol_callable
FAILED tests/unit/agentic_core/interfaces/test_IHealingStrategyProtocol_adg.py::TestIhealingstrategyprotocolAdg::test_IHealingStrategyProtocol_adg_imports
FAILED tests/unit/agentic_core/interfaces/test_IHealingStrategyProtocol_adg.py::TestIhealingstrategyprotocolAdg::test_IHealingStrategyProtocol_adg_class
FAILED tests/unit/agentic_core/interfaces/test_IHealingStrategyProtocol_adg.py::TestIhealingstrategyprotocolAdg::test_IHealingStrategyProtocol_adg_callable
FAILED tests/unit/agentic_core/interfaces/test_IMemoryStoreProtocol_adg.py::TestImemorystoreprotocolAdg::test_IMemoryStoreProtocol_adg_imports
FAILED tests/unit/agentic_core/interfaces/test_IMemoryStoreProtocol_adg.py::TestImemorystoreprotocolAdg::test_IMemoryStoreProtocol_adg_class
FAILED tests/unit/agentic_core/interfaces/test_IMemoryStoreProtocol_adg.py::TestImemorystoreprotocolAdg::test_IMemoryStoreProtocol_adg_callable
FAILED tests/unit/agentic_core/interfaces/test_IOrchestratorProtocol_adg.py::TestIorchestratorprotocolAdg::test_IOrchestratorProtocol_adg_imports
FAILED tests/unit/agentic_core/interfaces/test_IOrchestratorProtocol_adg.py::TestIorchestratorprotocolAdg::test_IOrchestratorProtocol_adg_class
FAILED tests/unit/agentic_core/interfaces/test_IOrchestratorProtocol_adg.py::TestIorchestratorprotocolAdg::test_IOrchestratorProtocol_adg_callable
FAILED tests/unit/agentic_core/interfaces/test_IValidatorProtocol.py::TestIvalidatorprotocol::test_IValidatorProtocol_imports
FAILED tests/unit/agentic_core/interfaces/test_IValidatorProtocol.py::TestIvalidatorprotocol::test_IValidatorProtocol_class
FAILED tests/unit/agentic_core/interfaces/test_IValidatorProtocol.py::TestIvalidatorprotocol::test_IValidatorProtocol_callable
FAILED tests/unit/agentic_core/interfaces/test_IValidatorProtocol_adg.py::TestIvalidatorprotocolAdg::test_IValidatorProtocol_adg_imports
FAILED tests/unit/agentic_core/interfaces/test_IValidatorProtocol_adg.py::TestIvalidatorprotocolAdg::test_IValidatorProtocol_adg_class
FAILED tests/unit/agentic_core/interfaces/test_IValidatorProtocol_adg.py::TestIvalidatorprotocolAdg::test_IValidatorProtocol_adg_callable
FAILED tests/unit/agentic_core/interfaces/test_determinism_adg.py::TestDeterminismAdg::test_determinism_adg_imports
FAILED tests/unit/agentic_core/interfaces/test_determinism_adg.py::TestDeterminismAdg::test_determinism_adg_class
FAILED tests/unit/agentic_core/interfaces/test_determinism_adg.py::TestDeterminismAdg::test_determinism_adg_callable
FAILED tests/unit/agentic_core/interfaces/test_embeddings_adg.py::TestEmbeddingsAdg::test_embeddings_adg_imports
FAILED tests/unit/agentic_core/interfaces/test_embeddings_adg.py::TestEmbeddingsAdg::test_embeddings_adg_class
FAILED tests/unit/agentic_core/interfaces/test_embeddings_adg.py::TestEmbeddingsAdg::test_embeddings_adg_callable
FAILED tests/unit/agentic_core/interfaces/test_execution.py::TestExecution::test_execution_imports
FAILED tests/unit/agentic_core/interfaces/test_execution.py::TestExecution::test_execution_class
FAILED tests/unit/agentic_core/interfaces/test_execution.py::TestExecution::test_execution_callable
FAILED tests/unit/agentic_core/interfaces/test_execution_agents.py::TestExecutionAgents::test_execution_agents_imports
FAILED tests/unit/agentic_core/interfaces/test_execution_agents.py::TestExecutionAgents::test_execution_agents_class
FAILED tests/unit/agentic_core/interfaces/test_execution_agents.py::TestExecutionAgents::test_execution_agents_callable
FAILED tests/unit/agentic_core/interfaces/test_gateway.py::TestGateway::test_gateway_class
FAILED tests/unit/agentic_core/interfaces/test_gateway.py::TestGateway::test_gateway_callable
FAILED tests/unit/agentic_core/interfaces/test_interface_shims_adg.py::TestInterfaceShimsAdg::test_interface_shims_adg_imports
FAILED tests/unit/agentic_core/interfaces/test_interface_shims_adg.py::TestInterfaceShimsAdg::test_interface_shims_adg_class
FAILED tests/unit/agentic_core/interfaces/test_interface_shims_adg.py::TestInterfaceShimsAdg::test_interface_shims_adg_callable
FAILED tests/unit/agentic_core/interfaces/test_mixins.py::TestMixins::test_mixins_class
FAILED tests/unit/agentic_core/interfaces/test_mixins.py::TestMixins::test_mixins_callable
FAILED tests/unit/agentic_core/interfaces/test_orchestration_adg.py::TestOrchestrationAdg::test_orchestration_adg_imports
FAILED tests/unit/agentic_core/interfaces/test_orchestration_adg.py::TestOrchestrationAdg::test_orchestration_adg_class
FAILED tests/unit/agentic_core/interfaces/test_orchestration_adg.py::TestOrchestrationAdg::test_orchestration_adg_callable
FAILED tests/unit/agentic_core/interfaces/test_routing_types_adg.py::TestRoutingtypes::test_module_importable
FAILED tests/unit/agentic_core/interfaces/test_routing_types_adg.py::TestRoutingtypes::test_module_has_exports
FAILED tests/unit/agentic_core/interfaces/test_routing_types_adg.py::TestRoutingtypes::test_module_docstring_present
FAILED tests/unit/agentic_core/interfaces/test_routing_types_adg.py::TestRoutingtypes::test_module_attributes_accessible
FAILED tests/unit/agentic_core/interfaces/test_safety_adg.py::TestSafety::test_module_importable
FAILED tests/unit/agentic_core/interfaces/test_safety_adg.py::TestSafety::test_module_has_exports
FAILED tests/unit/agentic_core/interfaces/test_safety_adg.py::TestSafety::test_module_docstring_present
FAILED tests/unit/agentic_core/interfaces/test_safety_adg.py::TestSafety::test_module_attributes_accessible
FAILED tests/unit/agentic_core/interfaces/test_state_agents_adg.py::TestStateAgentsAdg::test_state_agents_adg_imports
FAILED tests/unit/agentic_core/interfaces/test_state_agents_adg.py::TestStateAgentsAdg::test_state_agents_adg_class
FAILED tests/unit/agentic_core/interfaces/test_state_agents_adg.py::TestStateAgentsAdg::test_state_agents_adg_callable
FAILED tests/unit/agentic_core/interfaces/test_validators_adg.py::TestValidators::test_module_importable
FAILED tests/unit/agentic_core/interfaces/test_validators_adg.py::TestValidators::test_module_has_exports
FAILED tests/unit/agentic_core/interfaces/test_validators_adg.py::TestValidators::test_module_docstring_present
FAILED tests/unit/agentic_core/interfaces/test_validators_adg.py::TestValidators::test_module_attributes_accessible
FAILED tests/unit/agentic_core/interfaces/test_write_gateway.py::TestWriteGateway::test_write_gateway_imports
FAILED tests/unit/agentic_core/interfaces/test_write_gateway.py::TestWriteGateway::test_write_gateway_class
FAILED tests/unit/agentic_core/interfaces/test_write_gateway.py::TestWriteGateway::test_write_gateway_callable
FAILED tests/unit/agentic_core/knowledge/chunking/test_chunking_modes.py::TestChunkingModes::test_fixed_token_chunker
FAILED tests/unit/agentic_core/knowledge/chunking/test_chunking_modes.py::TestChunkingModes::test_overlap_window_chunker
FAILED tests/unit/agentic_core/knowledge/chunking/test_chunking_modes.py::TestChunkingModes::test_section_aware_chunker
FAILED tests/unit/agentic_core/knowledge/chunking/test_chunking_modes.py::TestChunkingModes::test_semantic_object_chunker
FAILED tests/unit/agentic_core/knowledge/chunking/test_chunking_modes.py::TestChunkingModes::test_chunking_engine_auto_select
FAILED tests/unit/agentic_core/knowledge/chunking/test_chunking_modes.py::TestChunkingModes::test_chunking_engine_explicit_strategy
FAILED tests/unit/agentic_core/knowledge/chunking/test_chunking_modes.py::TestChunkingModes::test_chunk_batch_processing
FAILED tests/unit/agentic_core/knowledge/chunking/test_chunking_modes.py::TestChunkingModes::test_convenience_functions
FAILED tests/unit/agentic_core/knowledge/chunking/test_chunking_modes.py::TestChunkingModes::test_chunk_metadata
FAILED tests/unit/agentic_core/knowledge/chunking/test_chunking_modes.py::TestChunkingModes::test_empty_text_handling
FAILED tests/unit/agentic_core/knowledge/chunking/test_chunking_modes.py::TestChunkingModes::test_very_short_text
FAILED tests/unit/agentic_core/knowledge/document_loaders/test_csv_loader_adg.py::TestCsvLoaderAdg::test_csv_loader_adg_imports
FAILED tests/unit/agentic_core/knowledge/document_loaders/test_csv_loader_adg.py::TestCsvLoaderAdg::test_csv_loader_adg_class
FAILED tests/unit/agentic_core/knowledge/document_loaders/test_csv_loader_adg.py::TestCsvLoaderAdg::test_csv_loader_adg_callable
FAILED tests/unit/agentic_core/knowledge/document_loaders/test_pdf_document_loader_config_adg.py::PlaceholderTest::test_placeholder_3
FAILED tests/unit/agentic_core/knowledge/document_loaders/test_research_cache_shim_identity.py::PlaceholderTest::test_placeholder_3
FAILED tests/unit/agentic_core/knowledge/document_loaders/test_source_document_types_adg.py::PlaceholderTest::test_placeholder_3
FAILED tests/unit/agentic_core/knowledge/document_loaders/test_text_document_loader_config_adg.py::PlaceholderTest::test_placeholder_3
FAILED tests/unit/agentic_core/knowledge/engine/test_rag_orchestrator_adg.py::PlaceholderTest::test_placeholder_3
FAILED tests/unit/agentic_core/knowledge/research_cache/test___init___adg.py::PlaceholderTest::test_placeholder_3
FAILED tests/unit/agentic_core/knowledge/static_index/test___init___adg.py::PlaceholderTest::test_placeholder_3
FAILED tests/unit/agentic_core/knowledge/static_index/test_action_verbs_types_adg.py::TestActionverbstypes::test_module_importable
FAILED tests/unit/agentic_core/knowledge/static_index/test_action_verbs_types_adg.py::TestActionverbstypes::test_module_has_exports
FAILED tests/unit/agentic_core/knowledge/static_index/test_action_verbs_types_adg.py::TestActionverbstypes::test_module_docstring_present
FAILED tests/unit/agentic_core/knowledge/static_index/test_action_verbs_types_adg.py::TestActionverbstypes::test_module_attributes_accessible
FAILED tests/unit/agentic_core/knowledge/static_index/test_skill_taxonomy_types_adg.py::PlaceholderTest::test_placeholder_3
FAILED tests/unit/agentic_core/mixins/test_adaptive_execution_mixin_adg.py::PlaceholderTest::test_placeholder_3
FAILED tests/unit/agentic_core/mixins/test_atomic_execution_mixin.py::PlaceholderTest::test_placeholder_3
FAILED tests/unit/agentic_core/mixins/test_atomic_execution_mixin_adg.py::PlaceholderTest::test_placeholder_3
FAILED tests/unit/agentic_core/mixins/test_audit_trail_mixin_adg.py::PlaceholderTest::test_placeholder_3
FAILED tests/unit/agentic_core/mixins/test_autonomy_mixin_adg.py::PlaceholderTest::test_placeholder_3
FAILED tests/unit/agentic_core/mixins/test_caching_mixin_adg.py::PlaceholderTest::test_placeholder_3
FAILED tests/unit/agentic_core/mixins/test_circuit_breaker_mixin_adg.py::PlaceholderTest::test_placeholder_3
FAILED tests/unit/agentic_core/mixins/test_context_propagation_mixin_adg.py::PlaceholderTest::test_placeholder_3
FAILED tests/unit/agentic_core/mixins/test_embedding_mixin_adg.py::PlaceholderTest::test_placeholder_3
FAILED tests/unit/agentic_core/mixins/test_focused_mixins_adg.py::PlaceholderTest::test_placeholder_3
FAILED tests/unit/agentic_core/mixins/test_hallucination_detection_mixin_adg.py::PlaceholderTest::test_placeholder_3
FAILED tests/unit/agentic_core/mixins/test_hardening_mixin_adg.py::PlaceholderTest::test_placeholder_3
FAILED tests/unit/agentic_core/mixins/test_healer_agent_mixin_adg.py::PlaceholderTest::test_placeholder_3
FAILED tests/unit/agentic_core/mixins/test_healing_policy_mixin_adg.py::PlaceholderTest::test_placeholder_3
FAILED tests/unit/agentic_core/mixins/test_hitl_mixin_adg.py::PlaceholderTest::test_placeholder_3
FAILED tests/unit/agentic_core/mixins/test_instructional_injection_mixin_adg.py::PlaceholderTest::test_placeholder_3
FAILED tests/unit/agentic_core/mixins/test_mcp_hardened_mixin.py::PlaceholderTest::test_placeholder_3
FAILED tests/unit/agentic_core/mixins/test_meta_learning_contract_mixin_adg.py::PlaceholderTest::test_placeholder_3
FAILED tests/unit/agentic_core/mixins/test_mixins_adg.py::PlaceholderTest::test_placeholder_3
FAILED tests/unit/agentic_core/mixins/test_mixins_init_adg.py::PlaceholderTest::test_placeholder_3
FAILED tests/unit/agentic_core/mixins/test_performance_mixin_adg.py::PlaceholderTest::test_placeholder_3
FAILED tests/unit/agentic_core/mixins/test_runtime_safety_mixin_adg.py::TestRuntimesafetymixin::test_module_importable
FAILED tests/unit/agentic_core/mixins/test_runtime_safety_mixin_adg.py::TestRuntimesafetymixin::test_module_has_exports
FAILED tests/unit/agentic_core/mixins/test_runtime_safety_mixin_adg.py::TestRuntimesafetymixin::test_module_docstring_present
FAILED tests/unit/agentic_core/mixins/test_runtime_safety_mixin_adg.py::TestRuntimesafetymixin::test_module_attributes_accessible
FAILED tests/unit/agentic_core/mixins/test_self_diagnosis_mixin_adg.py::PlaceholderTest::test_placeholder_3
FAILED tests/unit/agentic_core/mixins/test_validator_mixin_adg.py::PlaceholderTest::test_placeholder_3
FAILED tests/unit/agentic_core/prompt_governance/core/test_prompt_entry_types.py::PlaceholderTest::test_placeholder_3
FAILED tests/unit/agentic_core/prompt_governance/optimization/test_optimization_strategy.py::PlaceholderTest::test_placeholder_3
FAILED tests/unit/agentic_core/prompt_governance/scripts/test_file_intent.py::PlaceholderTest::test_placeholder_3
FAILED tests/unit/agentic_core/prompt_governance/scripts/test_harden_templates.py::PlaceholderTest::test_placeholder_3
FAILED tests/unit/agentic_core/prompt_governance/scripts/test_import_violation_visitor.py::PlaceholderTest::test_placeholder_3
FAILED tests/unit/agentic_core/prompt_governance/scripts/test_template_render_visitor.py::PlaceholderTest::test_placeholder_3
FAILED tests/unit/agentic_core/prompt_governance/security/detectors/test_pii_scrubber_adg.py::PlaceholderTest::test_placeholder_3
FAILED tests/unit/agentic_core/prompt_governance/security/utils/test_normalization_util_adg.py::PlaceholderTest::test_placeholder_3
FAILED tests/unit/agentic_core/prompt_governance/validation/test_validate_assembly.py::PlaceholderTest::test_placeholder_3
FAILED tests/unit/agentic_core/runtime/config/test___init___adg.py::PlaceholderTest::test_placeholder_3
FAILED tests/unit/agentic_core/runtime/config/test_anomaly_report_config_adg.py::TestAnomalyreportconfig::test_module_importable
FAILED tests/unit/agentic_core/runtime/config/test_anomaly_report_config_adg.py::TestAnomalyreportconfig::test_module_has_exports
FAILED tests/unit/agentic_core/runtime/config/test_anomaly_report_config_adg.py::TestAnomalyreportconfig::test_module_docstring_present
FAILED tests/unit/agentic_core/runtime/config/test_anomaly_report_config_adg.py::TestAnomalyreportconfig::test_module_attributes_accessible
FAILED tests/unit/agentic_core/runtime/config/test_capability_gap_types_adg.py::GeneratedTest::test_CapabilityGapType_init
FAILED tests/unit/agentic_core/runtime/config/test_capability_gap_types_adg.py::GeneratedTest::test_RecommendationType_init
FAILED tests/unit/agentic_core/runtime/config/test_capability_gap_types_adg.py::GeneratedTest::test_to_dict
FAILED tests/unit/agentic_core/runtime/config/test_contextual_router_config_adg.py::GeneratedTest::test_RoutingRequest_init
FAILED tests/unit/agentic_core/runtime/config/test_contextual_router_config_adg.py::GeneratedTest::test_RoutingResult_init
FAILED tests/unit/agentic_core/runtime/config/test_contextual_router_config_adg.py::GeneratedTest::test_get_guardian_signal_bus
FAILED tests/unit/agentic_core/runtime/config/test_contextual_router_config_adg.py::GeneratedTest::test_get_router
FAILED tests/unit/agentic_core/runtime/config/test_detection_config_adg.py::GeneratedTest::test_DetectionRequest_init
FAILED tests/unit/agentic_core/runtime/config/test_detection_config_adg.py::GeneratedTest::test_Severity_init
FAILED tests/unit/agentic_core/runtime/config/test_detection_config_adg.py::GeneratedTest::test_classify_risk_level
FAILED tests/unit/agentic_core/runtime/config/test_detection_config_adg.py::GeneratedTest::test_to_dict
FAILED tests/unit/agentic_core/runtime/config/test_feature_flags_config_adg.py::GeneratedTest::test_FeatureFlagManager_init
FAILED tests/unit/agentic_core/runtime/config/test_feature_flags_config_adg.py::GeneratedTest::test_FeatureFlagManager_is_enabled
FAILED tests/unit/agentic_core/runtime/config/test_feature_flags_config_adg.py::GeneratedTest::test_FeatureFlag_init
FAILED tests/unit/agentic_core/runtime/config/test_feature_flags_config_adg.py::GeneratedTest::test_is_enabled
FAILED tests/unit/agentic_core/runtime/config/test_feature_flags_config_adg.py::GeneratedTest::test_set_override
FAILED tests/unit/agentic_core/runtime/config/test_heal_result_config_adg.py::GeneratedTest::test_HealResult_init
FAILED tests/unit/agentic_core/runtime/config/test_heal_result_config_adg.py::GeneratedTest::test_HealResult_to_dict
FAILED tests/unit/agentic_core/runtime/config/test_heal_result_config_adg.py::GeneratedTest::test_HealStatus_init
FAILED tests/unit/agentic_core/runtime/config/test_heal_result_config_adg.py::GeneratedTest::test_from_dict
FAILED tests/unit/agentic_core/runtime/config/test_heal_result_config_adg.py::GeneratedTest::test_to_dict
FAILED tests/unit/agentic_core/runtime/config/test_injection_type_config_adg.py::GeneratedTest::test_InjectionScope_init
FAILED tests/unit/agentic_core/runtime/config/test_injection_type_config_adg.py::GeneratedTest::test_InjectionType_init
FAILED tests/unit/agentic_core/runtime/config/test_injection_type_config_adg.py::GeneratedTest::test_validate_variables
FAILED tests/unit/agentic_core/runtime/config/test_model_provider_config_adg.py::GeneratedTest::test_ModelConfig_init
FAILED tests/unit/agentic_core/runtime/config/test_model_provider_config_adg.py::GeneratedTest::test_ModelConfig_validate_model_name
FAILED tests/unit/agentic_core/runtime/config/test_model_provider_config_adg.py::GeneratedTest::test_ModelProvider_init
FAILED tests/unit/agentic_core/runtime/config/test_model_provider_config_adg.py::GeneratedTest::test_validate_model_name
FAILED tests/unit/agentic_core/runtime/config/test_model_tier_config_adg.py::TestModelTier::test_is_enum
FAILED tests/unit/agentic_core/runtime/config/test_model_tier_config_adg.py::TestModelTier::test_has_members
FAILED tests/unit/agentic_core/runtime/config/test_model_tier_config_adg.py::TestModelTier::test_is_not_none
FAILED tests/unit/agentic_core/runtime/config/test_model_tier_config_adg.py::TestTaskComplexity::test_is_enum
FAILED tests/unit/agentic_core/runtime/config/test_model_tier_config_adg.py::TestTaskComplexity::test_is_not_none
FAILED tests/unit/agentic_core/runtime/config/test_model_tier_config_adg.py::TestModelConfig::test_is_class
FAILED tests/unit/agentic_core/runtime/config/test_model_tier_config_adg.py::TestModelConfig::test_is_not_none
FAILED tests/unit/agentic_core/runtime/config/test_model_tier_config_adg.py::TestRoutingDecision::test_is_class
FAILED tests/unit/agentic_core/runtime/config/test_model_tier_config_adg.py::TestRoutingDecision::test_is_not_none
FAILED tests/unit/agentic_core/runtime/config/test_model_tier_config_adg.py::TestConstants::test_batch_size_is_int
FAILED tests/unit/agentic_core/runtime/config/test_model_tier_config_adg.py::TestConstants::test_buffer_size_is_int
FAILED tests/unit/agentic_core/runtime/config/test_model_tier_config_adg.py::TestConstants::test_max_retries_is_int
FAILED tests/unit/agentic_core/runtime/config/test_prompt_injection_loader_config_adg.py::GeneratedTest::test_InjectionConfig_init
FAILED tests/unit/agentic_core/runtime/config/test_prompt_injection_loader_config_adg.py::GeneratedTest::test_PromptInjectionLoader_init
FAILED tests/unit/agentic_core/runtime/config/test_prompt_injection_loader_config_adg.py::GeneratedTest::test_PromptInjectionLoader_save_injection
FAILED tests/unit/agentic_core/runtime/config/test_prompt_injection_loader_config_adg.py::GeneratedTest::test_get_injection_loader
FAILED tests/unit/agentic_core/runtime/config/test_prompt_injection_loader_config_adg.py::GeneratedTest::test_save_injection
FAILED tests/unit/agentic_core/runtime/config/test_reasoning_types_adg.py::GeneratedTest::test_ModelConfig_init
FAILED tests/unit/agentic_core/runtime/config/test_reasoning_types_adg.py::GeneratedTest::test_ModelConfig_validate_invariants
FAILED tests/unit/agentic_core/runtime/config/test_reasoning_types_adg.py::GeneratedTest::test_ModelProvider_init
FAILED tests/unit/agentic_core/runtime/config/test_reasoning_types_adg.py::GeneratedTest::test_validate_invariants
FAILED tests/unit/agentic_core/runtime/config/test_review_config_adg.py::GeneratedTest::test_ReviewRequest_init
FAILED tests/unit/agentic_core/runtime/config/test_review_config_adg.py::GeneratedTest::test_ReviewStatus_init
FAILED tests/unit/agentic_core/runtime/config/test_review_config_adg.py::GeneratedTest::test_is_approved
FAILED tests/unit/agentic_core/runtime/config/test_review_config_adg.py::GeneratedTest::test_is_terminal
FAILED tests/unit/agentic_core/runtime/config/test_security_level_config_adg.py::GeneratedTest::test_AnalysisType_init
FAILED tests/unit/agentic_core/runtime/config/test_security_level_config_adg.py::GeneratedTest::test_SecurityLevel_init
FAILED tests/unit/agentic_core/runtime/config/test_security_level_config_adg.py::GeneratedTest::test_scan_content
FAILED tests/unit/agentic_core/runtime/config/test_security_level_config_adg.py::GeneratedTest::test_scan_resume
FAILED tests/unit/agentic_core/runtime/config/test_shared_infrastructure_config_adg.py::GeneratedTest::test_DomainConfig_init
FAILED tests/unit/agentic_core/runtime/config/test_shared_infrastructure_config_adg.py::GeneratedTest::test_SharedInfrastructure_create_domain_config
FAILED tests/unit/agentic_core/runtime/config/test_shared_infrastructure_config_adg.py::GeneratedTest::test_create_domain_config
FAILED tests/unit/agentic_core/runtime/config/test_signal_quality_config.py::GeneratedTest::test_EXCELLENT_MIN
FAILED tests/unit/agentic_core/runtime/config/test_signal_quality_config.py::GeneratedTest::test_QualityThresholds_EXCELLENT_MIN
FAILED tests/unit/agentic_core/runtime/config/test_signal_quality_config.py::GeneratedTest::test_SignalQuality_init
FAILED tests/unit/agentic_core/runtime/config/test_signal_quality_config_adg.py::GeneratedTest::test_EXCELLENT_MIN
FAILED tests/unit/agentic_core/runtime/config/test_signal_quality_config_adg.py::GeneratedTest::test_QualityThresholds_EXCELLENT_MIN
FAILED tests/unit/agentic_core/runtime/config/test_signal_quality_config_adg.py::GeneratedTest::test_SignalQuality_init
FAILED tests/unit/agentic_core/runtime/config/test_validation_severity_config_adg.py::GeneratedTest::test_Provider_init
FAILED tests/unit/agentic_core/runtime/config/test_validation_severity_config_adg.py::GeneratedTest::test_ValidationSeverity_init
FAILED tests/unit/agentic_core/runtime/config/test_validation_severity_config_adg.py::GeneratedTest::test_validate_severity
FAILED tests/unit/agentic_core/runtime/enforcement/test___init___adg.py::PlaceholderTest::test_placeholder_3
FAILED tests/unit/agentic_core/runtime/enforcement/test_envelope_factory_adg.py::GeneratedTest::test_EnvelopeFactory_create_envelope
FAILED tests/unit/agentic_core/runtime/enforcement/test_envelope_factory_adg.py::GeneratedTest::test_EnvelopeFactory_init
FAILED tests/unit/agentic_core/runtime/enforcement/test_envelope_factory_adg.py::GeneratedTest::test_envelope_has_completed_stage
FAILED tests/unit/agentic_core/runtime/enforcement/test_envelope_factory_adg.py::GeneratedTest::test_envelope_init
FAILED tests/unit/agentic_core/runtime/enforcement/test_envelope_factory_adg.py::GeneratedTest::test_has_completed_stage
FAILED tests/unit/agentic_core/runtime/enforcement/test_envelope_factory_adg.py::GeneratedTest::test_mark_stage_start
FAILED tests/unit/agentic_core/runtime/engine/test___init___adg.py::PlaceholderTest::test_placeholder_3
FAILED tests/unit/agentic_core/runtime/engine/test_agent_engine_adg.py::TestAgentengine::test_module_importable
FAILED tests/unit/agentic_core/runtime/engine/test_agent_engine_adg.py::TestAgentengine::test_module_has_exports
FAILED tests/unit/agentic_core/runtime/engine/test_agent_engine_adg.py::TestAgentengine::test_module_docstring_present
FAILED tests/unit/agentic_core/runtime/engine/test_agent_engine_adg.py::TestAgentengine::test_module_attributes_accessible
FAILED tests/unit/agentic_core/runtime/engine/test_ast_relocator_adg.py::GeneratedTest::test_AstRelocator_init
FAILED tests/unit/agentic_core/runtime/engine/test_ast_relocator_adg.py::GeneratedTest::test_AstRelocator_visit_ClassDef
FAILED tests/unit/agentic_core/runtime/engine/test_ast_relocator_adg.py::GeneratedTest::test_visit_ClassDef
FAILED tests/unit/agentic_core/runtime/engine/test_ast_relocator_adg.py::GeneratedTest::test_visit_FunctionDef
FAILED tests/unit/agentic_core/runtime/exceptions/test_SovereignError_adg.py::GeneratedTest::test_HealerError_init
FAILED tests/unit/agentic_core/runtime/exceptions/test_SovereignError_adg.py::GeneratedTest::test_SovereignError_init
FAILED tests/unit/agentic_core/runtime/exceptions/test___init___adg.py::PlaceholderTest::test_placeholder_3
FAILED tests/unit/agentic_core/runtime/exceptions/test_healer_exceptions_adg.py::GeneratedTest::test_CircularDependencyError_init
FAILED tests/unit/agentic_core/runtime/exceptions/test_healer_exceptions_adg.py::GeneratedTest::test_HealerError_init
FAILED tests/unit/agentic_core/runtime/exceptions/test_runtime_exceptions_adg.py::GeneratedTest::test_AgentRuntimeError_init
FAILED tests/unit/agentic_core/runtime/exceptions/test_runtime_exceptions_adg.py::GeneratedTest::test_ToolExecutionError_init
FAILED tests/unit/agentic_core/runtime/exceptions/test_workflow_exceptions_adg.py::GeneratedTest::test_AgenticWorkflowError_init
FAILED tests/unit/agentic_core/runtime/exceptions/test_workflow_exceptions_adg.py::GeneratedTest::test_HopExecutionError_init
FAILED tests/unit/agentic_core/runtime/test___init___adg.py::PlaceholderTest::test_placeholder_3
FAILED tests/unit/agentic_core/runtime/test_boundary_validator_adg.py::GeneratedTest::test_assert_no_apps_imports
FAILED tests/unit/agentic_core/runtime/test_boundary_validator_adg.py::GeneratedTest::test_validate_layer_direction
FAILED tests/unit/agentic_core/runtime/test_execution_bound_token_adg.py::GeneratedTest::test_CapabilityType_init
FAILED tests/unit/agentic_core/runtime/test_execution_bound_token_adg.py::GeneratedTest::test_ExecutionBoundToken_init
FAILED tests/unit/agentic_core/runtime/test_execution_bound_token_adg.py::GeneratedTest::test_ExecutionBoundToken_verify_execution_binding
FAILED tests/unit/agentic_core/runtime/test_execution_bound_token_adg.py::GeneratedTest::test_get_capability_authority
FAILED tests/unit/agentic_core/runtime/test_execution_bound_token_adg.py::GeneratedTest::test_verify_execution_binding
FAILED tests/unit/agentic_core/runtime/test_execution_trace_adg.py::GeneratedTest::test_ExecutionTraceManager_init
FAILED tests/unit/agentic_core/runtime/test_execution_trace_adg.py::GeneratedTest::test_ExecutionTraceManager_start_trace
FAILED tests/unit/agentic_core/runtime/test_execution_trace_adg.py::GeneratedTest::test_ExecutionTrace_init
FAILED tests/unit/agentic_core/runtime/test_execution_trace_adg.py::GeneratedTest::test_get_execution_trace_manager
FAILED tests/unit/agentic_core/runtime/test_execution_trace_adg.py::GeneratedTest::test_start_execution_trace
FAILED tests/unit/agentic_core/runtime/test_mathematical_determinism_adg.py::GeneratedTest::test_DeterminismProof_init
FAILED tests/unit/agentic_core/runtime/test_mathematical_determinism_adg.py::GeneratedTest::test_DeterministicArtifact_init
FAILED tests/unit/agentic_core/runtime/test_mathematical_determinism_adg.py::GeneratedTest::test_get_determinism_engine
FAILED tests/unit/agentic_core/runtime/test_mathematical_determinism_adg.py::GeneratedTest::test_initialize_determinism_engine
FAILED tests/unit/agentic_core/runtime/test_sovereignty_exceptions_adg.py::GeneratedTest::test_IsolationViolationError_init
FAILED tests/unit/agentic_core/runtime/test_sovereignty_exceptions_adg.py::GeneratedTest::test_SovereigntyViolationError_init
FAILED tests/unit/agentic_core/runtime/types/test___init___adg.py::PlaceholderTest::test_placeholder_3
FAILED tests/unit/agentic_core/runtime/types/test_cache_entry_types_adg.py::GeneratedTest::test_CacheEntry_init
FAILED tests/unit/agentic_core/runtime/types/test_cache_entry_types_adg.py::GeneratedTest::test_CacheEntry_is_expired
FAILED tests/unit/agentic_core/runtime/types/test_cache_entry_types_adg.py::GeneratedTest::test_SemanticCacheHit_init
FAILED tests/unit/agentic_core/runtime/types/test_cache_entry_types_adg.py::GeneratedTest::test_is_expired
FAILED tests/unit/agentic_core/runtime/types/test_circuit_breaker_types_adg.py::GeneratedTest::test_CircuitBreakerOpenError_init
FAILED tests/unit/agentic_core/runtime/types/test_circuit_breaker_types_adg.py::GeneratedTest::test_CircuitBreakerState_init
FAILED tests/unit/agentic_core/runtime/types/test_circuit_breaker_types_adg.py::GeneratedTest::test_get_breaker
FAILED tests/unit/agentic_core/runtime/types/test_claim_type_types_adg.py::GeneratedTest::test_ClaimType_init
FAILED tests/unit/agentic_core/runtime/types/test_claim_type_types_adg.py::GeneratedTest::test_ConfidenceLevel_init
FAILED tests/unit/agentic_core/runtime/types/test_claim_type_types_adg.py::GeneratedTest::test_extract_claims
FAILED tests/unit/agentic_core/runtime/types/test_cost_governor_types_adg.py::PlaceholderTest::test_placeholder_3
FAILED tests/unit/agentic_core/runtime/types/test_expansion_strategy_types_adg.py::TestExpansionstrategytypes::test_module_importable
FAILED tests/unit/agentic_core/runtime/types/test_expansion_strategy_types_adg.py::TestExpansionstrategytypes::test_module_has_exports
FAILED tests/unit/agentic_core/runtime/types/test_expansion_strategy_types_adg.py::TestExpansionstrategytypes::test_module_docstring_present
FAILED tests/unit/agentic_core/runtime/types/test_expansion_strategy_types_adg.py::TestExpansionstrategytypes::test_module_attributes_accessible
FAILED tests/unit/agentic_core/runtime/types/test_recovery_types_adg.py::TestRecoverytypes::test_module_importable
FAILED tests/unit/agentic_core/runtime/types/test_recovery_types_adg.py::TestRecoverytypes::test_module_has_exports
FAILED tests/unit/agentic_core/runtime/types/test_recovery_types_adg.py::TestRecoverytypes::test_module_docstring_present
FAILED tests/unit/agentic_core/runtime/types/test_recovery_types_adg.py::TestRecoverytypes::test_module_attributes_accessible
FAILED tests/unit/agentic_core/runtime/types/test_runtime_types_init_adg.py::PlaceholderTest::test_placeholder_3
FAILED tests/unit/agentic_core/runtime/types/test_sovereign_events_types_adg.py::PlaceholderTest::test_placeholder_3
FAILED tests/unit/agentic_core/runtime/utils/test___init___adg.py::PlaceholderTest::test_placeholder_3
FAILED tests/unit/agentic_core/runtime/utils/test_discovery_parser_util_adg.py::GeneratedTest::test_AgentListMapping_init
FAILED tests/unit/agentic_core/runtime/utils/test_discovery_parser_util_adg.py::GeneratedTest::test_load_hardened_agent_metadata
FAILED tests/unit/agentic_core/runtime/utils/test_discovery_util_adg.py::GeneratedTest::test_AgentRegistry_discover_all
FAILED tests/unit/agentic_core/runtime/utils/test_discovery_util_adg.py::GeneratedTest::test_AgentRegistry_init
FAILED tests/unit/agentic_core/runtime/utils/test_discovery_util_adg.py::GeneratedTest::test_DiscoveredAgentRecord_init
FAILED tests/unit/agentic_core/runtime/utils/test_discovery_util_adg.py::GeneratedTest::test_discover_all
FAILED tests/unit/agentic_core/runtime/utils/test_dynamic_loader_util_adg.py::GeneratedTest::test_DynamicLoader_init
FAILED tests/unit/agentic_core/runtime/utils/test_dynamic_loader_util_adg.py::GeneratedTest::test_DynamicLoader_load_class
FAILED tests/unit/agentic_core/runtime/utils/test_dynamic_loader_util_adg.py::GeneratedTest::test_load_class
FAILED tests/unit/agentic_core/runtime/utils/test_dynamic_loader_util_adg.py::GeneratedTest::test_load_implementation
FAILED tests/unit/agentic_core/runtime/utils/test_file_cache_util_adg.py::GeneratedTest::test_FileCache_get_instance
FAILED tests/unit/agentic_core/runtime/utils/test_file_cache_util_adg.py::GeneratedTest::test_FileCache_init
FAILED tests/unit/agentic_core/runtime/utils/test_file_cache_util_adg.py::GeneratedTest::test_get_all_files
FAILED tests/unit/agentic_core/runtime/utils/test_file_cache_util_adg.py::GeneratedTest::test_get_python_files
FAILED tests/unit/agentic_core/runtime/utils/test_main_util_adg.py::PlaceholderTest::test_placeholder_3
FAILED tests/unit/agentic_core/runtime/utils/test_runtime_bootstrapper_util_adg.py::GeneratedTest::test_assemble_hop
FAILED tests/unit/agentic_core/runtime/utils/test_runtime_bootstrapper_util_adg.py::GeneratedTest::test_runtime_bootstrapper_assemble_hop
FAILED tests/unit/agentic_core/runtime/utils/test_runtime_bootstrapper_util_adg.py::GeneratedTest::test_runtime_bootstrapper_init
FAILED tests/unit/agentic_core/runtime/utils/test_sovereign_index_util_adg.py::GeneratedTest::test_SovereignIndex_get_instance
FAILED tests/unit/agentic_core/runtime/utils/test_sovereign_index_util_adg.py::GeneratedTest::test_SovereignIndex_init
FAILED tests/unit/agentic_core/runtime/utils/test_sovereign_index_util_adg.py::GeneratedTest::test_get_instance
FAILED tests/unit/agentic_core/runtime/utils/test_sovereign_index_util_adg.py::GeneratedTest::test_reset_instance
FAILED tests/unit/agentic_core/runtime/utils/test_sovereign_scan_util_adg.py::GeneratedTest::test_SovereignScanner_get_instance
FAILED tests/unit/agentic_core/runtime/utils/test_sovereign_scan_util_adg.py::GeneratedTest::test_SovereignScanner_init
FAILED tests/unit/agentic_core/runtime/utils/test_sovereign_scan_util_adg.py::GeneratedTest::test_get_instance
FAILED tests/unit/agentic_core/runtime/utils/test_sovereign_scan_util_adg.py::GeneratedTest::test_reset_instance
FAILED tests/unit/agentic_core/runtime/utils/test_trait_system_util_adg.py::GeneratedTest::test_CachingTrait_apply
FAILED tests/unit/agentic_core/runtime/utils/test_trait_system_util_adg.py::GeneratedTest::test_CachingTrait_init
FAILED tests/unit/agentic_core/runtime/utils/test_trait_system_util_adg.py::GeneratedTest::test_Trait_apply
FAILED tests/unit/agentic_core/runtime/utils/test_trait_system_util_adg.py::GeneratedTest::test_Trait_init
FAILED tests/unit/agentic_core/runtime/utils/test_trait_system_util_adg.py::GeneratedTest::test_get_applied_traits
FAILED tests/unit/agentic_core/runtime/utils/test_trait_system_util_adg.py::GeneratedTest::test_with_traits
FAILED tests/unit/agentic_core/seams/contracts/test___init___adg.py::PlaceholderTest::test_placeholder_3
FAILED tests/unit/agentic_core/test_package_inits_adg.py::PlaceholderTest::test_placeholder_3
FAILED tests/unit/agentic_core/utils/test_canonical_json_util_adg.py::PlaceholderTest::test_placeholder_3
FAILED tests/unit/agentic_core/utils/test_meta_learning_engine_util_adg.py::PlaceholderTest::test_placeholder_3
FAILED tests/unit/agentic_core/utils/test_meta_learning_types_util_adg.py::TestMetalearningtypesutil::test_module_importable
FAILED tests/unit/agentic_core/utils/test_meta_learning_types_util_adg.py::TestMetalearningtypesutil::test_module_has_exports
FAILED tests/unit/agentic_core/utils/test_meta_learning_types_util_adg.py::TestMetalearningtypesutil::test_module_docstring_present
FAILED tests/unit/agentic_core/utils/test_meta_learning_types_util_adg.py::TestMetalearningtypesutil::test_module_attributes_accessible
FAILED tests/unit/agentic_core/utils/test_review_verification_shims_adg.py::PlaceholderTest::test_placeholder_3
FAILED tests/unit/agentic_core/utils/test_security_util.py::PlaceholderTest::test_placeholder_3
FAILED tests/unit/agentic_core/utils/test_structural_healing_engine_util.py::PlaceholderTest::test_placeholder_3
FAILED tests/unit/agentic_core/utils/test_utils_init_adg.py::PlaceholderTest::test_placeholder_3
FAILED tests/unit/agentic_core/utils/test_utils_shims_adg.py::PlaceholderTest::test_placeholder_3
FAILED tests/unit/agentic_core/utils/workflow_engines/test_answer_correctness_adg.py::PlaceholderTest::test_placeholder_3
FAILED tests/unit/agentic_core/utils/workflow_engines/test_answer_support_adg.py::PlaceholderTest::test_placeholder_3
FAILED tests/unit/agentic_core/utils/workflow_engines/test_apps_engines_aliases_adg.py::PlaceholderTest::test_placeholder_3
FAILED tests/unit/agentic_core/utils/workflow_engines/test_completeness.py::TestCompleteness::test_completeness_imports
FAILED tests/unit/agentic_core/utils/workflow_engines/test_completeness.py::TestCompleteness::test_completeness_class
FAILED tests/unit/agentic_core/utils/workflow_engines/test_completeness.py::TestCompleteness::test_completeness_callable
FAILED tests/unit/agentic_core/utils/workflow_engines/test_completeness_adg.py::TestCompletenessAdg::test_completeness_adg_imports
FAILED tests/unit/agentic_core/utils/workflow_engines/test_completeness_adg.py::TestCompletenessAdg::test_completeness_adg_class
FAILED tests/unit/agentic_core/utils/workflow_engines/test_completeness_adg.py::TestCompletenessAdg::test_completeness_adg_callable
FAILED tests/unit/agentic_core/utils/workflow_engines/test_completeness_feedback_adg.py::TestCompletenessFeedbackAdg::test_completeness_feedback_adg_imports
FAILED tests/unit/agentic_core/utils/workflow_engines/test_completeness_feedback_adg.py::TestCompletenessFeedbackAdg::test_completeness_feedback_adg_class
FAILED tests/unit/agentic_core/utils/workflow_engines/test_completeness_feedback_adg.py::TestCompletenessFeedbackAdg::test_completeness_feedback_adg_callable
FAILED tests/unit/agentic_core/utils/workflow_engines/test_completeness_metrics.py::TestCompletenessMetrics::test_completeness_metrics_imports
FAILED tests/unit/agentic_core/utils/workflow_engines/test_completeness_metrics.py::TestCompletenessMetrics::test_completeness_metrics_class
FAILED tests/unit/agentic_core/utils/workflow_engines/test_completeness_metrics.py::TestCompletenessMetrics::test_completeness_metrics_callable
FAILED tests/unit/agentic_core/utils/workflow_engines/test_completeness_monitors_adg.py::TestCompletenessMonitorsAdg::test_completeness_monitors_adg_imports
FAILED tests/unit/agentic_core/utils/workflow_engines/test_completeness_monitors_adg.py::TestCompletenessMonitorsAdg::test_completeness_monitors_adg_class
FAILED tests/unit/agentic_core/utils/workflow_engines/test_completeness_monitors_adg.py::TestCompletenessMonitorsAdg::test_completeness_monitors_adg_callable
FAILED tests/unit/agentic_core/utils/workflow_engines/test_completeness_reranker_adg.py::TestCompletenessRerankerAdg::test_completeness_reranker_adg_imports
FAILED tests/unit/agentic_core/utils/workflow_engines/test_completeness_reranker_adg.py::TestCompletenessRerankerAdg::test_completeness_reranker_adg_class
FAILED tests/unit/agentic_core/utils/workflow_engines/test_completeness_reranker_adg.py::TestCompletenessRerankerAdg::test_completeness_reranker_adg_callable
FAILED tests/unit/agentic_core/utils/workflow_engines/test_completeness_scorer_adg.py::TestCompletenessScorerAdg::test_completeness_scorer_adg_imports
FAILED tests/unit/agentic_core/utils/workflow_engines/test_completeness_scorer_adg.py::TestCompletenessScorerAdg::test_completeness_scorer_adg_class
FAILED tests/unit/agentic_core/utils/workflow_engines/test_completeness_scorer_adg.py::TestCompletenessScorerAdg::test_completeness_scorer_adg_callable
FAILED tests/unit/agentic_core/utils/workflow_engines/test_dpo_batch_builder_adg.py::TestDpoBatchBuilderAdg::test_dpo_batch_builder_adg_imports
FAILED tests/unit/agentic_core/utils/workflow_engines/test_dpo_batch_builder_adg.py::TestDpoBatchBuilderAdg::test_dpo_batch_builder_adg_class
FAILED tests/unit/agentic_core/utils/workflow_engines/test_dpo_batch_builder_adg.py::TestDpoBatchBuilderAdg::test_dpo_batch_builder_adg_callable
FAILED tests/unit/agentic_core/utils/workflow_engines/test_evaluation_dataset_schema_adg.py::TestEvaluationDatasetSchemaAdg::test_evaluation_dataset_schema_adg_imports
FAILED tests/unit/agentic_core/utils/workflow_engines/test_evaluation_dataset_schema_adg.py::TestEvaluationDatasetSchemaAdg::test_evaluation_dataset_schema_adg_class
FAILED tests/unit/agentic_core/utils/workflow_engines/test_evaluation_dataset_schema_adg.py::TestEvaluationDatasetSchemaAdg::test_evaluation_dataset_schema_adg_callable
FAILED tests/unit/agentic_core/utils/workflow_engines/test_evaluation_report_schema_adg.py::TestEvaluationReportSchemaAdg::test_evaluation_report_schema_adg_imports
FAILED tests/unit/agentic_core/utils/workflow_engines/test_evaluation_report_schema_adg.py::TestEvaluationReportSchemaAdg::test_evaluation_report_schema_adg_class
FAILED tests/unit/agentic_core/utils/workflow_engines/test_evaluation_report_schema_adg.py::TestEvaluationReportSchemaAdg::test_evaluation_report_schema_adg_callable
FAILED tests/unit/agentic_core/utils/workflow_engines/test_fusion_adg.py::TestFusionAdg::test_fusion_adg_imports
FAILED tests/unit/agentic_core/utils/workflow_engines/test_fusion_adg.py::TestFusionAdg::test_fusion_adg_class
FAILED tests/unit/agentic_core/utils/workflow_engines/test_fusion_adg.py::TestFusionAdg::test_fusion_adg_callable
FAILED tests/unit/agentic_core/utils/workflow_engines/test_groundedness_adg.py::TestGroundednessAdg::test_groundedness_adg_imports
FAILED tests/unit/agentic_core/utils/workflow_engines/test_groundedness_adg.py::TestGroundednessAdg::test_groundedness_adg_class
FAILED tests/unit/agentic_core/utils/workflow_engines/test_groundedness_adg.py::TestGroundednessAdg::test_groundedness_adg_callable
FAILED tests/unit/agentic_core/utils/workflow_engines/test_interfaces_adg.py::TestInterfacesAdg::test_interfaces_adg_imports
FAILED tests/unit/agentic_core/utils/workflow_engines/test_interfaces_adg.py::TestInterfacesAdg::test_interfaces_adg_class
FAILED tests/unit/agentic_core/utils/workflow_engines/test_interfaces_adg.py::TestInterfacesAdg::test_interfaces_adg_callable
FAILED tests/unit/agentic_core/utils/workflow_engines/test_late_chunking.py::TestLateChunking::test_late_chunking_imports
FAILED tests/unit/agentic_core/utils/workflow_engines/test_late_chunking.py::TestLateChunking::test_late_chunking_class
FAILED tests/unit/agentic_core/utils/workflow_engines/test_late_chunking.py::TestLateChunking::test_late_chunking_callable
FAILED tests/unit/agentic_core/utils/workflow_engines/test_meta_learning_bridge_adg.py::TestMetaLearningBridgeAdg::test_meta_learning_bridge_adg_imports
FAILED tests/unit/agentic_core/utils/workflow_engines/test_meta_learning_bridge_adg.py::TestMetaLearningBridgeAdg::test_meta_learning_bridge_adg_class
FAILED tests/unit/agentic_core/utils/workflow_engines/test_meta_learning_bridge_adg.py::TestMetaLearningBridgeAdg::test_meta_learning_bridge_adg_callable
FAILED tests/unit/agentic_core/utils/workflow_engines/test_mrr_adg.py::TestMrrAdg::test_mrr_adg_imports
FAILED tests/unit/agentic_core/utils/workflow_engines/test_mrr_adg.py::TestMrrAdg::test_mrr_adg_class
FAILED tests/unit/agentic_core/utils/workflow_engines/test_mrr_adg.py::TestMrrAdg::test_mrr_adg_callable
FAILED tests/unit/agentic_core/utils/workflow_engines/test_ndcg_adg.py::TestNdcgAdg::test_ndcg_adg_imports
FAILED tests/unit/agentic_core/utils/workflow_engines/test_ndcg_adg.py::TestNdcgAdg::test_ndcg_adg_class
FAILED tests/unit/agentic_core/utils/workflow_engines/test_ndcg_adg.py::TestNdcgAdg::test_ndcg_adg_callable
FAILED tests/unit/agentic_core/utils/workflow_engines/test_offline_eval_runner_adg.py::TestOfflineEvalRunnerAdg::test_offline_eval_runner_adg_imports
FAILED tests/unit/agentic_core/utils/workflow_engines/test_offline_eval_runner_adg.py::TestOfflineEvalRunnerAdg::test_offline_eval_runner_adg_class
FAILED tests/unit/agentic_core/utils/workflow_engines/test_offline_eval_runner_adg.py::TestOfflineEvalRunnerAdg::test_offline_eval_runner_adg_callable
FAILED tests/unit/agentic_core/utils/workflow_engines/test_parent_child_adg.py::TestParentChildAdg::test_parent_child_adg_imports
FAILED tests/unit/agentic_core/utils/workflow_engines/test_parent_child_adg.py::TestParentChildAdg::test_parent_child_adg_class
FAILED tests/unit/agentic_core/utils/workflow_engines/test_parent_child_adg.py::TestParentChildAdg::test_parent_child_adg_callable
FAILED tests/unit/agentic_core/utils/workflow_engines/test_policies_adg.py::TestPoliciesAdg::test_policies_adg_imports
FAILED tests/unit/agentic_core/utils/workflow_engines/test_policies_adg.py::TestPoliciesAdg::test_policies_adg_class
FAILED tests/unit/agentic_core/utils/workflow_engines/test_policies_adg.py::TestPoliciesAdg::test_policies_adg_callable
FAILED tests/unit/agentic_core/utils/workflow_engines/test_precision_at_k_adg.py::TestPrecisionAtKAdg::test_precision_at_k_adg_imports
FAILED tests/unit/agentic_core/utils/workflow_engines/test_precision_at_k_adg.py::TestPrecisionAtKAdg::test_precision_at_k_adg_class
FAILED tests/unit/agentic_core/utils/workflow_engines/test_precision_at_k_adg.py::TestPrecisionAtKAdg::test_precision_at_k_adg_callable
FAILED tests/unit/agentic_core/utils/workflow_engines/test_profiles_adg.py::TestProfilesAdg::test_profiles_adg_imports
FAILED tests/unit/agentic_core/utils/workflow_engines/test_profiles_adg.py::TestProfilesAdg::test_profiles_adg_class
FAILED tests/unit/agentic_core/utils/workflow_engines/test_profiles_adg.py::TestProfilesAdg::test_profiles_adg_callable
FAILED tests/unit/agentic_core/utils/workflow_engines/test_proposer_bridge_adg.py::TestProposerBridgeAdg::test_proposer_bridge_adg_imports
FAILED tests/unit/agentic_core/utils/workflow_engines/test_proposer_bridge_adg.py::TestProposerBridgeAdg::test_proposer_bridge_adg_class
FAILED tests/unit/agentic_core/utils/workflow_engines/test_proposer_bridge_adg.py::TestProposerBridgeAdg::test_proposer_bridge_adg_callable
FAILED tests/unit/agentic_core/utils/workflow_engines/test_recall_at_k_adg.py::TestRecallAtKAdg::test_recall_at_k_adg_imports
FAILED tests/unit/agentic_core/utils/workflow_engines/test_recall_at_k_adg.py::TestRecallAtKAdg::test_recall_at_k_adg_class
FAILED tests/unit/agentic_core/utils/workflow_engines/test_recall_at_k_adg.py::TestRecallAtKAdg::test_recall_at_k_adg_callable
FAILED tests/unit/agentic_core/utils/workflow_engines/test_replay_eval_runner_adg.py::TestReplayEvalRunnerAdg::test_replay_eval_runner_adg_imports
FAILED tests/unit/agentic_core/utils/workflow_engines/test_replay_eval_runner_adg.py::TestReplayEvalRunnerAdg::test_replay_eval_runner_adg_class
FAILED tests/unit/agentic_core/utils/workflow_engines/test_replay_eval_runner_adg.py::TestReplayEvalRunnerAdg::test_replay_eval_runner_adg_callable
FAILED tests/unit/agentic_core/utils/workflow_engines/test_reranker_adg.py::TestRerankerAdg::test_reranker_adg_imports
FAILED tests/unit/agentic_core/utils/workflow_engines/test_reranker_adg.py::TestRerankerAdg::test_reranker_adg_class
FAILED tests/unit/agentic_core/utils/workflow_engines/test_reranker_adg.py::TestRerankerAdg::test_reranker_adg_callable
FAILED tests/unit/agentic_core/utils/workflow_engines/test_schemas_adg.py::TestSchemasAdg::test_schemas_adg_imports
FAILED tests/unit/agentic_core/utils/workflow_engines/test_schemas_adg.py::TestSchemasAdg::test_schemas_adg_class
FAILED tests/unit/agentic_core/utils/workflow_engines/test_schemas_adg.py::TestSchemasAdg::test_schemas_adg_callable
FAILED tests/unit/agentic_core/utils/workflow_engines/test_sealed_interface_check_enforcer_adg.py::TestSealedInterfaceCheckEnforcerAdg::test_sealed_interface_check_enforcer_adg_imports
FAILED tests/unit/agentic_core/utils/workflow_engines/test_sealed_interface_check_enforcer_adg.py::TestSealedInterfaceCheckEnforcerAdg::test_sealed_interface_check_enforcer_adg_class
FAILED tests/unit/agentic_core/utils/workflow_engines/test_sealed_interface_check_enforcer_adg.py::TestSealedInterfaceCheckEnforcerAdg::test_sealed_interface_check_enforcer_adg_callable
FAILED tests/unit/agentic_core/utils/workflow_engines/test_shadow_eval_runner_adg.py::TestShadowEvalRunnerAdg::test_shadow_eval_runner_adg_imports
FAILED tests/unit/agentic_core/utils/workflow_engines/test_shadow_eval_runner_adg.py::TestShadowEvalRunnerAdg::test_shadow_eval_runner_adg_class
FAILED tests/unit/agentic_core/utils/workflow_engines/test_shadow_eval_runner_adg.py::TestShadowEvalRunnerAdg::test_shadow_eval_runner_adg_callable
FAILED tests/unit/agentic_core/utils/workflow_engines/test_validators_adg.py::TestValidatorsAdg::test_validators_adg_imports
FAILED tests/unit/agentic_core/utils/workflow_engines/test_validators_adg.py::TestValidatorsAdg::test_validators_adg_class
FAILED tests/unit/agentic_core/utils/workflow_engines/test_validators_adg.py::TestValidatorsAdg::test_validators_adg_callable
FAILED tests/unit/apps_eval/engines/test_base_eval_engine_mixins.py::TestBaseEvalEngineMixins::test_base_eval_engine_mixins_imports
FAILED tests/unit/apps_eval/engines/test_base_eval_engine_mixins.py::TestBaseEvalEngineMixins::test_base_eval_engine_mixins_class
FAILED tests/unit/apps_eval/engines/test_base_eval_engine_mixins.py::TestBaseEvalEngineMixins::test_base_eval_engine_mixins_callable
FAILED tests/unit/apps_eval/test_eval_pipeline.py::TestEvalPipeline::test_eval_pipeline_imports
FAILED tests/unit/apps_eval/test_eval_pipeline.py::TestEvalPipeline::test_eval_pipeline_class
FAILED tests/unit/apps_eval/test_eval_pipeline.py::TestEvalPipeline::test_eval_pipeline_callable
FAILED tests/unit/apps_exec/engines/test_base_exec_engine_mixins.py::TestBaseExecEngineMixins::test_base_exec_engine_mixins_imports
FAILED tests/unit/apps_exec/engines/test_base_exec_engine_mixins.py::TestBaseExecEngineMixins::test_base_exec_engine_mixins_class
FAILED tests/unit/apps_exec/engines/test_base_exec_engine_mixins.py::TestBaseExecEngineMixins::test_base_exec_engine_mixins_callable
FAILED tests/unit/apps_exec/test_exec_pipeline.py::TestExecPipeline::test_exec_pipeline_imports
FAILED tests/unit/apps_exec/test_exec_pipeline.py::TestExecPipeline::test_exec_pipeline_class
FAILED tests/unit/apps_exec/test_exec_pipeline.py::TestExecPipeline::test_exec_pipeline_callable
FAILED tests/unit/apps_lic/config/test_retry_policy_config.py::TestRetryPolicyConfig::test_retry_policy_config_imports
FAILED tests/unit/apps_lic/config/test_retry_policy_config.py::TestRetryPolicyConfig::test_retry_policy_config_class
FAILED tests/unit/apps_lic/config/test_retry_policy_config.py::TestRetryPolicyConfig::test_retry_policy_config_callable
FAILED tests/unit/apps_lic/engines/test_apps_lic_engines_init_adg.py::TestAppsLicEnginesInitAdg::test_apps_lic_engines_init_adg_imports
FAILED tests/unit/apps_lic/engines/test_apps_lic_engines_init_adg.py::TestAppsLicEnginesInitAdg::test_apps_lic_engines_init_adg_class
FAILED tests/unit/apps_lic/engines/test_apps_lic_engines_init_adg.py::TestAppsLicEnginesInitAdg::test_apps_lic_engines_init_adg_callable
FAILED tests/unit/apps_lic/engines/test_control_plane.py::test_module_importable
FAILED tests/unit/apps_lic/engines/test_control_plane.py::test_knowledge_base_exports
FAILED tests/unit/apps_lic/reasoning/test_HOPPipelineExecutor_adg.py::TestHoppipelineexecutorAdg::test_HOPPipelineExecutor_adg_imports
FAILED tests/unit/apps_lic/reasoning/test_HOPPipelineExecutor_adg.py::TestHoppipelineexecutorAdg::test_HOPPipelineExecutor_adg_class
FAILED tests/unit/apps_lic/reasoning/test_HOPPipelineExecutor_adg.py::TestHoppipelineexecutorAdg::test_HOPPipelineExecutor_adg_callable
FAILED tests/unit/apps_lic/reasoning/test_LicCodeInterpreter.py::TestLiccodeinterpreter::test_LicCodeInterpreter_imports
FAILED tests/unit/apps_lic/reasoning/test_LicCodeInterpreter.py::TestLiccodeinterpreter::test_LicCodeInterpreter_class
FAILED tests/unit/apps_lic/reasoning/test_LicCodeInterpreter.py::TestLiccodeinterpreter::test_LicCodeInterpreter_callable
FAILED tests/unit/apps_lic/reasoning/test_OutreachSignalRouterAgent.py::TestOutreachsignalrouteragent::test_OutreachSignalRouterAgent_imports
FAILED tests/unit/apps_lic/reasoning/test_OutreachSignalRouterAgent.py::TestOutreachsignalrouteragent::test_OutreachSignalRouterAgent_class
FAILED tests/unit/apps_lic/reasoning/test_OutreachSignalRouterAgent.py::TestOutreachsignalrouteragent::test_OutreachSignalRouterAgent_callable
FAILED tests/unit/apps_lic/reasoning/test_campaign_balance_agent_adg.py::TestCampaignBalanceAgentSource::test_source_exists
FAILED tests/unit/apps_lic/reasoning/test_campaign_balance_agent_adg.py::TestCampaignBalanceAgentSource::test_parses_without_error
FAILED tests/unit/apps_lic/reasoning/test_campaign_balance_agent_adg.py::TestCampaignBalanceAgentSource::test_mentions_class_name
FAILED tests/unit/apps_lic/reasoning/test_hop_pipeline_executor_adg.py::TestHoppipelineexecutor::test_module_importable
FAILED tests/unit/apps_lic/reasoning/test_hop_pipeline_executor_adg.py::TestHoppipelineexecutor::test_module_has_exports
FAILED tests/unit/apps_lic/reasoning/test_hop_pipeline_executor_adg.py::TestHoppipelineexecutor::test_module_docstring_present
FAILED tests/unit/apps_lic/reasoning/test_hop_pipeline_executor_adg.py::TestHoppipelineexecutor::test_module_attributes_accessible
FAILED tests/unit/apps_lic/test_control_plane.py::TestControlPlane::test_control_plane_imports
FAILED tests/unit/apps_lic/test_control_plane.py::TestControlPlane::test_control_plane_class
FAILED tests/unit/apps_lic/test_control_plane.py::TestControlPlane::test_control_plane_callable
FAILED tests/unit/apps_lic/tools/test_call_personalization_api_adg.py::TestCallPersonalizationApiAdg::test_call_personalization_api_adg_imports
FAILED tests/unit/apps_lic/tools/test_call_personalization_api_adg.py::TestCallPersonalizationApiAdg::test_call_personalization_api_adg_class
FAILED tests/unit/apps_lic/tools/test_call_personalization_api_adg.py::TestCallPersonalizationApiAdg::test_call_personalization_api_adg_callable
FAILED tests/unit/apps_lic/tools/test_clean_duplicates_enhanced.py::TestCleanDuplicatesEnhanced::test_clean_duplicates_enhanced_imports
FAILED tests/unit/apps_lic/tools/test_clean_duplicates_enhanced.py::TestCleanDuplicatesEnhanced::test_clean_duplicates_enhanced_class
FAILED tests/unit/apps_lic/tools/test_clean_duplicates_enhanced.py::TestCleanDuplicatesEnhanced::test_clean_duplicates_enhanced_callable
FAILED tests/unit/apps_lic/tools/test_enforce_execution_policy_adg.py::TestEnforceExecutionPolicyAdg::test_enforce_execution_policy_adg_imports
FAILED tests/unit/apps_lic/tools/test_enforce_execution_policy_adg.py::TestEnforceExecutionPolicyAdg::test_enforce_execution_policy_adg_class
FAILED tests/unit/apps_lic/tools/test_enforce_execution_policy_adg.py::TestEnforceExecutionPolicyAdg::test_enforce_execution_policy_adg_callable
FAILED tests/unit/apps_lic/tools/test_invoke_message_service_adg.py::TestInvokeMessageServiceAdg::test_invoke_message_service_adg_imports
FAILED tests/unit/apps_lic/tools/test_invoke_message_service_adg.py::TestInvokeMessageServiceAdg::test_invoke_message_service_adg_class
FAILED tests/unit/apps_lic/tools/test_invoke_message_service_adg.py::TestInvokeMessageServiceAdg::test_invoke_message_service_adg_callable
FAILED tests/unit/apps_lic/tools/test_mcp_mocks.py::TestMcpMocks::test_mcp_mocks_imports
FAILED tests/unit/apps_lic/tools/test_mcp_mocks.py::TestMcpMocks::test_mcp_mocks_class
FAILED tests/unit/apps_lic/tools/test_mcp_mocks.py::TestMcpMocks::test_mcp_mocks_callable
FAILED tests/unit/apps_lic/tools/test_network_ops.py::TestNetworkOps::test_network_ops_imports
FAILED tests/unit/apps_lic/tools/test_network_ops.py::TestNetworkOps::test_network_ops_class
FAILED tests/unit/apps_lic/tools/test_network_ops.py::TestNetworkOps::test_network_ops_callable
FAILED tests/unit/apps_lic/tools/test_order_call_to_actions_adg.py::TestOrderCallToActionsAdg::test_order_call_to_actions_adg_imports
FAILED tests/unit/apps_lic/tools/test_order_call_to_actions_adg.py::TestOrderCallToActionsAdg::test_order_call_to_actions_adg_class
FAILED tests/unit/apps_lic/tools/test_order_call_to_actions_adg.py::TestOrderCallToActionsAdg::test_order_call_to_actions_adg_callable
FAILED tests/unit/apps_lic/tools/test_run_workflow_adg.py::TestRunWorkflowAdg::test_run_workflow_adg_imports
FAILED tests/unit/apps_lic/tools/test_run_workflow_adg.py::TestRunWorkflowAdg::test_run_workflow_adg_class
FAILED tests/unit/apps_lic/tools/test_run_workflow_adg.py::TestRunWorkflowAdg::test_run_workflow_adg_callable
FAILED tests/unit/apps_lic/tools/test_run_workflow_lic_adg.py::TestRunWorkflowLicAdg::test_run_workflow_lic_adg_imports
FAILED tests/unit/apps_lic/tools/test_run_workflow_lic_adg.py::TestRunWorkflowLicAdg::test_run_workflow_lic_adg_class
FAILED tests/unit/apps_lic/tools/test_run_workflow_lic_adg.py::TestRunWorkflowLicAdg::test_run_workflow_lic_adg_callable
FAILED tests/unit/apps_lic/tools/test_validation_tools_adg.py::TestValidationToolsAdg::test_validation_tools_adg_imports
FAILED tests/unit/apps_lic/tools/test_validation_tools_adg.py::TestValidationToolsAdg::test_validation_tools_adg_class
FAILED tests/unit/apps_lic/tools/test_validation_tools_adg.py::TestValidationToolsAdg::test_validation_tools_adg_callable
FAILED tests/unit/apps_lic/types/test_ImmutableStagingBuffer.py::test_module_importable
FAILED tests/unit/apps_lic/types/test_action_call_generator_types_adg.py::TestActionCallGeneratorTypesAdg::test_action_call_generator_types_adg_imports
FAILED tests/unit/apps_lic/types/test_action_call_generator_types_adg.py::TestActionCallGeneratorTypesAdg::test_action_call_generator_types_adg_class
FAILED tests/unit/apps_lic/types/test_action_call_generator_types_adg.py::TestActionCallGeneratorTypesAdg::test_action_call_generator_types_adg_callable
FAILED tests/unit/apps_lic/types/test_app_content_validator_agent_types_adg.py::TestAppContentValidatorAgentTypesAdg::test_app_content_validator_agent_types_adg_imports
FAILED tests/unit/apps_lic/types/test_app_content_validator_agent_types_adg.py::TestAppContentValidatorAgentTypesAdg::test_app_content_validator_agent_types_adg_class
FAILED tests/unit/apps_lic/types/test_app_content_validator_agent_types_adg.py::TestAppContentValidatorAgentTypesAdg::test_app_content_validator_agent_types_adg_callable
FAILED tests/unit/apps_lic/types/test_immutable_staging_buffer_adg.py::TestImmutableStagingBufferAdg::test_immutable_staging_buffer_adg_imports
FAILED tests/unit/apps_lic/types/test_immutable_staging_buffer_adg.py::TestImmutableStagingBufferAdg::test_immutable_staging_buffer_adg_class
FAILED tests/unit/apps_lic/types/test_immutable_staging_buffer_adg.py::TestImmutableStagingBufferAdg::test_immutable_staging_buffer_adg_callable
FAILED tests/unit/apps_lic/types/test_message_type_types_adg.py::TestMessageTypeTypesAdg::test_message_type_types_adg_imports
FAILED tests/unit/apps_lic/types/test_message_type_types_adg.py::TestMessageTypeTypesAdg::test_message_type_types_adg_class
FAILED tests/unit/apps_lic/types/test_message_type_types_adg.py::TestMessageTypeTypesAdg::test_message_type_types_adg_callable
FAILED tests/unit/apps_lic/types/test_trace_registry_adg.py::TestTraceRegistryAdg::test_trace_registry_adg_imports
FAILED tests/unit/apps_lic/types/test_trace_registry_adg.py::TestTraceRegistryAdg::test_trace_registry_adg_class
FAILED tests/unit/apps_lic/types/test_trace_registry_adg.py::TestTraceRegistryAdg::test_trace_registry_adg_callable
FAILED tests/unit/apps_lic/utils/test_PIISanitizerSpecialistAgent_util_adg.py::TestPiisanitizerspecialistagentUtilAdg::test_PIISanitizerSpecialistAgent_util_adg_imports
FAILED tests/unit/apps_lic/utils/test_PIISanitizerSpecialistAgent_util_adg.py::TestPiisanitizerspecialistagentUtilAdg::test_PIISanitizerSpecialistAgent_util_adg_class
FAILED tests/unit/apps_lic/utils/test_PIISanitizerSpecialistAgent_util_adg.py::TestPiisanitizerspecialistagentUtilAdg::test_PIISanitizerSpecialistAgent_util_adg_callable
FAILED tests/unit/apps_lic/validators/test_check_schema_policy_validator_adg.py::TestCheckSchemaPolicyValidatorAdg::test_check_schema_policy_validator_adg_imports
FAILED tests/unit/apps_lic/validators/test_check_schema_policy_validator_adg.py::TestCheckSchemaPolicyValidatorAdg::test_check_schema_policy_validator_adg_class
FAILED tests/unit/apps_lic/validators/test_check_schema_policy_validator_adg.py::TestCheckSchemaPolicyValidatorAdg::test_check_schema_policy_validator_adg_callable
FAILED tests/unit/apps_research/engines/test_base_research_engine_mixins.py::TestBaseResearchEngineMixins::test_base_research_engine_mixins_imports
FAILED tests/unit/apps_research/engines/test_base_research_engine_mixins.py::TestBaseResearchEngineMixins::test_base_research_engine_mixins_class
FAILED tests/unit/apps_research/engines/test_base_research_engine_mixins.py::TestBaseResearchEngineMixins::test_base_research_engine_mixins_callable
FAILED tests/unit/apps_research/test_research_pipeline.py::TestResearchPipeline::test_research_pipeline_imports
FAILED tests/unit/apps_research/test_research_pipeline.py::TestResearchPipeline::test_research_pipeline_class
FAILED tests/unit/apps_research/test_research_pipeline.py::TestResearchPipeline::test_research_pipeline_callable
FAILED tests/unit/apps_rfp/engines/test_base_rfp_engine_mixins.py::TestBaseRfpEngineMixins::test_base_rfp_engine_mixins_imports
FAILED tests/unit/apps_rfp/engines/test_base_rfp_engine_mixins.py::TestBaseRfpEngineMixins::test_base_rfp_engine_mixins_class
FAILED tests/unit/apps_rfp/engines/test_base_rfp_engine_mixins.py::TestBaseRfpEngineMixins::test_base_rfp_engine_mixins_callable
FAILED tests/unit/apps_rfp/test_rfp_pipeline.py::TestRfpPipeline::test_rfp_pipeline_imports
FAILED tests/unit/apps_rfp/test_rfp_pipeline.py::TestRfpPipeline::test_rfp_pipeline_class
FAILED tests/unit/apps_rfp/test_rfp_pipeline.py::TestRfpPipeline::test_rfp_pipeline_callable
FAILED tests/unit/apps_rg/config/test_reasoning_toggles_config_adg.py::TestReasoningTogglesConfigAdg::test_reasoning_toggles_config_adg_imports
FAILED tests/unit/apps_rg/config/test_reasoning_toggles_config_adg.py::TestReasoningTogglesConfigAdg::test_reasoning_toggles_config_adg_class
FAILED tests/unit/apps_rg/config/test_reasoning_toggles_config_adg.py::TestReasoningTogglesConfigAdg::test_reasoning_toggles_config_adg_callable
FAILED tests/unit/apps_rg/config/test_void_compliance_config.py::TestVoidComplianceConfig::test_void_compliance_config_imports
FAILED tests/unit/apps_rg/config/test_void_compliance_config.py::TestVoidComplianceConfig::test_void_compliance_config_class
FAILED tests/unit/apps_rg/config/test_void_compliance_config.py::TestVoidComplianceConfig::test_void_compliance_config_callable
FAILED tests/unit/apps_rg/engines/test_base_rg_engine.py::test_module_importable
FAILED tests/unit/apps_rg/engines/test_clerk_extraction_engine_adg.py::TestClerkExtractionEngineAdg::test_clerk_extraction_engine_adg_imports
FAILED tests/unit/apps_rg/engines/test_clerk_extraction_engine_adg.py::TestClerkExtractionEngineAdg::test_clerk_extraction_engine_adg_class
FAILED tests/unit/apps_rg/engines/test_clerk_extraction_engine_adg.py::TestClerkExtractionEngineAdg::test_clerk_extraction_engine_adg_callable
FAILED tests/unit/apps_rg/engines/test_fact_check_engine_adg.py::TestFactCheckEngineAdg::test_fact_check_engine_adg_imports
FAILED tests/unit/apps_rg/engines/test_fact_check_engine_adg.py::TestFactCheckEngineAdg::test_fact_check_engine_adg_class
FAILED tests/unit/apps_rg/engines/test_fact_check_engine_adg.py::TestFactCheckEngineAdg::test_fact_check_engine_adg_callable
FAILED tests/unit/apps_rg/engines/test_gap_closure_engine_adg.py::TestGapClosureEngineAdg::test_gap_closure_engine_adg_imports
FAILED tests/unit/apps_rg/engines/test_gap_closure_engine_adg.py::TestGapClosureEngineAdg::test_gap_closure_engine_adg_class
FAILED tests/unit/apps_rg/engines/test_gap_closure_engine_adg.py::TestGapClosureEngineAdg::test_gap_closure_engine_adg_callable
FAILED tests/unit/apps_rg/engines/test_resume_orchestrator_engine.py::test_module_importable
FAILED tests/unit/apps_rg/engines/test_service_invoker_engine_adg.py::TestServiceInvokerEngineAdg::test_service_invoker_engine_adg_imports
FAILED tests/unit/apps_rg/engines/test_service_invoker_engine_adg.py::TestServiceInvokerEngineAdg::test_service_invoker_engine_adg_class
FAILED tests/unit/apps_rg/engines/test_service_invoker_engine_adg.py::TestServiceInvokerEngineAdg::test_service_invoker_engine_adg_callable
FAILED tests/unit/apps_rg/engines/utils/test_brand_compliance_agent.py::TestBrandComplianceAgentSource::test_source_exists
FAILED tests/unit/apps_rg/engines/utils/test_brand_compliance_agent.py::TestBrandComplianceAgentSource::test_parses_without_error
FAILED tests/unit/apps_rg/engines/utils/test_brand_compliance_agent.py::TestBrandComplianceAgentSource::test_mentions_class_name
FAILED tests/unit/apps_rg/engines/utils/test_campaign_planner_agent.py::TestCampaignPlannerAgentSource::test_source_exists
FAILED tests/unit/apps_rg/engines/utils/test_campaign_planner_agent.py::TestCampaignPlannerAgentSource::test_parses_without_error
FAILED tests/unit/apps_rg/engines/utils/test_campaign_planner_agent.py::TestCampaignPlannerAgentSource::test_mentions_class_name
FAILED tests/unit/apps_rg/engines/utils/test_content_quality_agent.py::TestContentQualityAgentSource::test_has_check_placeholders
FAILED tests/unit/apps_rg/engines/utils/test_fact_check_agent.py::TestFactCheckAgentSource::test_source_exists
FAILED tests/unit/apps_rg/engines/utils/test_fact_check_agent.py::TestFactCheckAgentSource::test_parses_without_error
FAILED tests/unit/apps_rg/engines/utils/test_fact_check_agent.py::TestFactCheckAgentSource::test_has_fact_check_agent_class
FAILED tests/unit/apps_rg/engines/utils/test_fact_check_agent.py::TestFactCheckAgentSource::test_has_post_init
FAILED tests/unit/apps_rg/engines/utils/test_fact_check_agent.py::TestFactCheckAgentSource::test_has_execute
FAILED tests/unit/apps_rg/engines/utils/test_section_balance_agent.py::TestSectionBalanceAgentSource::test_source_exists
FAILED tests/unit/apps_rg/engines/utils/test_section_balance_agent.py::TestSectionBalanceAgentSource::test_parses_without_error
FAILED tests/unit/apps_rg/engines/utils/test_section_balance_agent.py::TestSectionBalanceAgentSource::test_mentions_class_name
FAILED tests/unit/apps_rg/reasoning/test_FactCheckAgent_adg.py::TestFactcheckagentAdg::test_FactCheckAgent_adg_imports
FAILED tests/unit/apps_rg/reasoning/test_FactCheckAgent_adg.py::TestFactcheckagentAdg::test_FactCheckAgent_adg_class
FAILED tests/unit/apps_rg/reasoning/test_FactCheckAgent_adg.py::TestFactcheckagentAdg::test_FactCheckAgent_adg_callable
FAILED tests/unit/apps_rg/scripts/test_generate_resume_adg.py::TestGenerateResumeAdg::test_generate_resume_adg_imports
FAILED tests/unit/apps_rg/scripts/test_generate_resume_adg.py::TestGenerateResumeAdg::test_generate_resume_adg_class
FAILED tests/unit/apps_rg/scripts/test_generate_resume_adg.py::TestGenerateResumeAdg::test_generate_resume_adg_callable
FAILED tests/unit/apps_rg/scripts/test_test_input.py::TestInput::test_input_imports
FAILED tests/unit/apps_rg/scripts/test_test_input.py::TestInput::test_input_class
FAILED tests/unit/apps_rg/scripts/test_test_input.py::TestInput::test_input_callable
FAILED tests/unit/apps_rg/scripts/test_test_run_grand_unification_tests.py::TestRunGrandUnificationTests::test_run_grand_unification_tests_imports
FAILED tests/unit/apps_rg/scripts/test_test_run_grand_unification_tests.py::TestRunGrandUnificationTests::test_run_grand_unification_tests_class
FAILED tests/unit/apps_rg/scripts/test_test_run_grand_unification_tests.py::TestRunGrandUnificationTests::test_run_grand_unification_tests_callable
FAILED tests/unit/apps_rg/scripts/test_test_run_grand_unification_tests_adg.py::TestRunGrandUnificationTestsAdg::test_run_grand_unification_tests_adg_imports
FAILED tests/unit/apps_rg/scripts/test_test_run_grand_unification_tests_adg.py::TestRunGrandUnificationTestsAdg::test_run_grand_unification_tests_adg_class
FAILED tests/unit/apps_rg/scripts/test_test_run_grand_unification_tests_adg.py::TestRunGrandUnificationTestsAdg::test_run_grand_unification_tests_adg_callable
FAILED tests/unit/apps_rg/shared/tools/test_dispatch_resume_tools_agent.py::TestDispatchResumeToolsAgent::test_dispatch_resume_tools_agent_imports
FAILED tests/unit/apps_rg/shared/tools/test_dispatch_resume_tools_agent.py::TestDispatchResumeToolsAgent::test_dispatch_resume_tools_agent_class
FAILED tests/unit/apps_rg/shared/tools/test_dispatch_resume_tools_agent.py::TestDispatchResumeToolsAgent::test_dispatch_resume_tools_agent_callable
FAILED tests/unit/apps_rg/test_agent_executor_gateway.py::TestAgentExecutorGateway::test_agent_executor_gateway_imports
FAILED tests/unit/apps_rg/test_agent_executor_gateway.py::TestAgentExecutorGateway::test_agent_executor_gateway_class
FAILED tests/unit/apps_rg/test_agent_executor_gateway.py::TestAgentExecutorGateway::test_agent_executor_gateway_callable
FAILED tests/unit/apps_rg/test_hardened_gemini_executor.py::TestHardenedGeminiExecutor::test_hardened_gemini_executor_imports
FAILED tests/unit/apps_rg/test_hardened_gemini_executor.py::TestHardenedGeminiExecutor::test_hardened_gemini_executor_class
FAILED tests/unit/apps_rg/test_hardened_gemini_executor.py::TestHardenedGeminiExecutor::test_hardened_gemini_executor_callable
FAILED tests/unit/apps_rg/test_healing_cycle.py::TestHealingCycle::test_healing_cycle_imports
FAILED tests/unit/apps_rg/test_healing_cycle.py::TestHealingCycle::test_healing_cycle_class
FAILED tests/unit/apps_rg/test_healing_cycle.py::TestHealingCycle::test_healing_cycle_callable
FAILED tests/unit/apps_rg/test_resume_generator_gateway.py::TestResumeGeneratorGateway::test_resume_generator_gateway_imports
FAILED tests/unit/apps_rg/test_resume_generator_gateway.py::TestResumeGeneratorGateway::test_resume_generator_gateway_class
FAILED tests/unit/apps_rg/test_resume_generator_gateway.py::TestResumeGeneratorGateway::test_resume_generator_gateway_callable
FAILED tests/unit/apps_rg/tools/test_execute_message_generation_adg.py::TestExecuteMessageGenerationAdg::test_execute_message_generation_adg_imports
FAILED tests/unit/apps_rg/tools/test_execute_message_generation_adg.py::TestExecuteMessageGenerationAdg::test_execute_message_generation_adg_class
FAILED tests/unit/apps_rg/tools/test_execute_message_generation_adg.py::TestExecuteMessageGenerationAdg::test_execute_message_generation_adg_callable
FAILED tests/unit/apps_rg/tools/test_invoke_generation_service_adg.py::TestInvokeGenerationServiceAdg::test_invoke_generation_service_adg_imports
FAILED tests/unit/apps_rg/tools/test_invoke_generation_service_adg.py::TestInvokeGenerationServiceAdg::test_invoke_generation_service_adg_class
FAILED tests/unit/apps_rg/tools/test_invoke_generation_service_adg.py::TestInvokeGenerationServiceAdg::test_invoke_generation_service_adg_callable
FAILED tests/unit/apps_rg/tools/test_local_workflow_loader_adg.py::TestLocalWorkflowLoaderAdg::test_local_workflow_loader_adg_imports
FAILED tests/unit/apps_rg/tools/test_local_workflow_loader_adg.py::TestLocalWorkflowLoaderAdg::test_local_workflow_loader_adg_class
FAILED tests/unit/apps_rg/tools/test_local_workflow_loader_adg.py::TestLocalWorkflowLoaderAdg::test_local_workflow_loader_adg_callable
FAILED tests/unit/apps_rg/types/test_AllProvidersDownError_adg.py::TestAllprovidersdownerrorAdg::test_AllProvidersDownError_adg_imports
FAILED tests/unit/apps_rg/types/test_AllProvidersDownError_adg.py::TestAllprovidersdownerrorAdg::test_AllProvidersDownError_adg_class
FAILED tests/unit/apps_rg/types/test_AllProvidersDownError_adg.py::TestAllprovidersdownerrorAdg::test_AllProvidersDownError_adg_callable
FAILED tests/unit/apps_rg/types/test_SovereignContext.py::test_module_importable
FAILED tests/unit/apps_rg/types/test_gap_closure_architect_agent_types_adg.py::TestGapClosureArchitectTypesSource::test_agent_has_check_industry_first_ranking
FAILED tests/unit/apps_rg/types/test_provenance_pattern_types_adg.py::TestProvenancePatternTypesAdg::test_provenance_pattern_types_adg_imports
FAILED tests/unit/apps_rg/types/test_provenance_pattern_types_adg.py::TestProvenancePatternTypesAdg::test_provenance_pattern_types_adg_class
FAILED tests/unit/apps_rg/types/test_provenance_pattern_types_adg.py::TestProvenancePatternTypesAdg::test_provenance_pattern_types_adg_callable
FAILED tests/unit/apps_rg/types/test_resume_analysis_plan_types_adg.py::TestResumeAnalysisPlanTypesAdg::test_resume_analysis_plan_types_adg_imports
FAILED tests/unit/apps_rg/types/test_resume_analysis_plan_types_adg.py::TestResumeAnalysisPlanTypesAdg::test_resume_analysis_plan_types_adg_class
FAILED tests/unit/apps_rg/types/test_resume_analysis_plan_types_adg.py::TestResumeAnalysisPlanTypesAdg::test_resume_analysis_plan_types_adg_callable
FAILED tests/unit/apps_rg/types/test_rg_flow_router_types_adg.py::TestRgFlowRouterTypesAdg::test_rg_flow_router_types_adg_imports
FAILED tests/unit/apps_rg/types/test_rg_flow_router_types_adg.py::TestRgFlowRouterTypesAdg::test_rg_flow_router_types_adg_class
FAILED tests/unit/apps_rg/types/test_rg_flow_router_types_adg.py::TestRgFlowRouterTypesAdg::test_rg_flow_router_types_adg_callable
FAILED tests/unit/apps_rg/types/test_skill_extractor_node_types_adg.py::TestSkillExtractorNodeTypesAdg::test_skill_extractor_node_types_adg_imports
FAILED tests/unit/apps_rg/types/test_skill_extractor_node_types_adg.py::TestSkillExtractorNodeTypesAdg::test_skill_extractor_node_types_adg_class
FAILED tests/unit/apps_rg/types/test_skill_extractor_node_types_adg.py::TestSkillExtractorNodeTypesAdg::test_skill_extractor_node_types_adg_callable
FAILED tests/unit/apps_rg/types/test_sovereign_context_adg.py::TestSovereignContextAdg::test_sovereign_context_adg_imports
FAILED tests/unit/apps_rg/types/test_sovereign_context_adg.py::TestSovereignContextAdg::test_sovereign_context_adg_class
FAILED tests/unit/apps_rg/types/test_sovereign_context_adg.py::TestSovereignContextAdg::test_sovereign_context_adg_callable
FAILED tests/unit/apps_rg/types/test_state_transaction_types_adg.py::TestStateTransactionTypesAdg::test_state_transaction_types_adg_imports
FAILED tests/unit/apps_rg/types/test_state_transaction_types_adg.py::TestStateTransactionTypesAdg::test_state_transaction_types_adg_class
FAILED tests/unit/apps_rg/types/test_state_transaction_types_adg.py::TestStateTransactionTypesAdg::test_state_transaction_types_adg_callable
FAILED tests/unit/apps_rg/types/test_trace_registry_types_adg.py::TestTraceRegistryTypesAdg::test_trace_registry_types_adg_imports
FAILED tests/unit/apps_rg/types/test_trace_registry_types_adg.py::TestTraceRegistryTypesAdg::test_trace_registry_types_adg_class
FAILED tests/unit/apps_rg/types/test_trace_registry_types_adg.py::TestTraceRegistryTypesAdg::test_trace_registry_types_adg_callable
FAILED tests/unit/apps_rg/types/test_two_phase_generation_node_types_adg.py::TestTwoPhaseGenerationNodeTypesAdg::test_two_phase_generation_node_types_adg_imports
FAILED tests/unit/apps_rg/types/test_two_phase_generation_node_types_adg.py::TestTwoPhaseGenerationNodeTypesAdg::test_two_phase_generation_node_types_adg_class
FAILED tests/unit/apps_rg/types/test_two_phase_generation_node_types_adg.py::TestTwoPhaseGenerationNodeTypesAdg::test_two_phase_generation_node_types_adg_callable
FAILED tests/unit/apps_rg/utils/test_enhanced_rg_flow_router_util_adg.py::TestEnhancedRgFlowRouterUtilAdg::test_enhanced_rg_flow_router_util_adg_imports
FAILED tests/unit/apps_rg/utils/test_enhanced_rg_flow_router_util_adg.py::TestEnhancedRgFlowRouterUtilAdg::test_enhanced_rg_flow_router_util_adg_class
FAILED tests/unit/apps_rg/utils/test_enhanced_rg_flow_router_util_adg.py::TestEnhancedRgFlowRouterUtilAdg::test_enhanced_rg_flow_router_util_adg_callable
FAILED tests/unit/apps_rg/utils/test_sovereign_config_loader_util.py::TestSovereignConfigLoaderUtil::test_sovereign_config_loader_util_imports
FAILED tests/unit/apps_rg/utils/test_sovereign_config_loader_util.py::TestSovereignConfigLoaderUtil::test_sovereign_config_loader_util_class
FAILED tests/unit/apps_rg/utils/test_sovereign_config_loader_util.py::TestSovereignConfigLoaderUtil::test_sovereign_config_loader_util_callable
FAILED tests/unit/apps_rg/validators/test_validators_init_adg.py::TestValidatorsInitAdg::test_validators_init_adg_imports
FAILED tests/unit/apps_rg/validators/test_validators_init_adg.py::TestValidatorsInitAdg::test_validators_init_adg_class
FAILED tests/unit/apps_rg/validators/test_validators_init_adg.py::TestValidatorsInitAdg::test_validators_init_adg_callable
FAILED tests/unit/apps_shared/config/test_apps_shared_config_init_adg.py::TestAppsSharedConfigInit::test_module_importable
FAILED tests/unit/apps_shared/config/test_apps_shared_config_init_adg.py::TestAppsSharedConfigInit::test_operational_excluded_dirs_exported
FAILED tests/unit/apps_shared/config/test_apps_shared_config_init_adg.py::TestAppsSharedConfigInit::test_operational_scan_targets_exported
FAILED tests/unit/apps_shared/config/test_apps_shared_config_init_adg.py::TestAppsSharedConfigInit::test_operational_allowed_duplicates_exported
FAILED tests/unit/apps_shared/config/test_pipeline_constants_config_adg.py::TestPipelineConstantsConfigAdg::test_pipeline_constants_config_adg_imports
FAILED tests/unit/apps_shared/config/test_pipeline_constants_config_adg.py::TestPipelineConstantsConfigAdg::test_pipeline_constants_config_adg_class
FAILED tests/unit/apps_shared/config/test_pipeline_constants_config_adg.py::TestPipelineConstantsConfigAdg::test_pipeline_constants_config_adg_callable
FAILED tests/unit/apps_shared/config/test_titanium_search_tool_config.py::TestTitaniumSearchToolConfig::test_titanium_search_tool_config_imports
FAILED tests/unit/apps_shared/config/test_titanium_search_tool_config.py::TestTitaniumSearchToolConfig::test_titanium_search_tool_config_class
FAILED tests/unit/apps_shared/config/test_titanium_search_tool_config.py::TestTitaniumSearchToolConfig::test_titanium_search_tool_config_callable
FAILED tests/unit/apps_shared/enforcement/test_CircuitbreakerStrategy.py::TestCircuitbreakerstrategy::test_CircuitbreakerStrategy_imports
FAILED tests/unit/apps_shared/enforcement/test_CircuitbreakerStrategy.py::TestCircuitbreakerstrategy::test_CircuitbreakerStrategy_class
FAILED tests/unit/apps_shared/enforcement/test_CircuitbreakerStrategy.py::TestCircuitbreakerstrategy::test_CircuitbreakerStrategy_callable
FAILED tests/unit/apps_shared/enforcement/test_FewshotregistryStrategy.py::TestFewshotregistrystrategy::test_FewshotregistryStrategy_imports
FAILED tests/unit/apps_shared/enforcement/test_FewshotregistryStrategy.py::TestFewshotregistrystrategy::test_FewshotregistryStrategy_class
FAILED tests/unit/apps_shared/enforcement/test_FewshotregistryStrategy.py::TestFewshotregistrystrategy::test_FewshotregistryStrategy_callable
FAILED tests/unit/apps_shared/enforcement/test_execution_strategy.py::TestExecutionStrategy::test_execution_strategy_imports
FAILED tests/unit/apps_shared/enforcement/test_execution_strategy.py::TestExecutionStrategy::test_execution_strategy_class
FAILED tests/unit/apps_shared/enforcement/test_execution_strategy.py::TestExecutionStrategy::test_execution_strategy_callable
FAILED tests/unit/apps_shared/enforcement/test_execution_strategy_adg.py::TestExecutionStrategyAdg::test_execution_strategy_adg_imports
FAILED tests/unit/apps_shared/enforcement/test_execution_strategy_adg.py::TestExecutionStrategyAdg::test_execution_strategy_adg_class
FAILED tests/unit/apps_shared/enforcement/test_execution_strategy_adg.py::TestExecutionStrategyAdg::test_execution_strategy_adg_callable
FAILED tests/unit/ci/test_check_test_integrity.py::PlaceholderTest::test_placeholder_3
FAILED tests/unit/ci/test_github_workflows.py::PlaceholderTest::test_placeholder_3
FAILED tests/unit/consolidated/hardening/test_all_gap_fixes.py::test_module_importable
FAILED tests/unit/consolidated/hardening/test_mcp_drift_hardening.py::TestMCPDriftMonitorHardening::test_monitor_with_missing_config_file
FAILED tests/unit/consolidated/hardening/test_mcp_drift_hardening.py::TestMCPDriftMonitorHardening::test_monitor_with_config_file_deleted_during_run
FAILED tests/unit/consolidated/hardening/test_mcp_drift_hardening.py::TestMCPDriftMonitorHardening::test_monitor_with_permission_denied
FAILED tests/unit/consolidated/hardening/test_mcp_drift_hardening.py::TestMCPDriftMonitorHardening::test_monitor_baseline_corruption
FAILED tests/unit/consolidated/hardening/test_mcp_drift_hardening.py::TestMCPDriftMonitorHardening::test_monitor_rapid_config_changes
FAILED tests/unit/consolidated/hardening/test_mcp_drift_hardening.py::TestResilienceAndRecovery::test_system_recovery_after_exception
FAILED tests/unit/consolidated/invariants/test_gap_a_b_wire_in.py::PlaceholderTest::test_placeholder_3
FAILED tests/unit/consolidated/invariants/test_observability_liveness.py::PlaceholderTest::test_placeholder_3
FAILED tests/unit/consolidated/ssot/test_execute_ssot_frozen.py::PlaceholderTest::test_placeholder_3
FAILED tests/unit/consolidated/ssot/test_execute_ssot_inventory_contract.py::PlaceholderTest::test_placeholder_3
FAILED tests/unit/consolidated/unit_min_deps/test_capture_evidence.py::TestCaptureEvidence::test_powershell_string_abort
FAILED tests/unit/consolidated/unit_min_deps/test_capture_evidence.py::TestCaptureEvidence::test_pwsh_string_abort
FAILED tests/unit/consolidated/unit_min_deps/test_capture_evidence.py::TestCaptureEvidence::test_clean_output_no_abort
FAILED tests/unit/consolidated/unit_min_deps/test_capture_evidence.py::TestCaptureEvidence::test_case_insensitive_detection
FAILED tests/unit/consolidated/unit_min_deps/test_dampening.py::PlaceholderTest::test_placeholder_3
FAILED tests/unit/consolidated/unit_min_deps/test_decorator_shim_contract.py::PlaceholderTest::test_placeholder_3
FAILED tests/unit/consolidated/unit_min_deps/test_decorator_timeout_layer_constraints.py::PlaceholderTest::test_placeholder_3
FAILED tests/unit/consolidated/unit_min_deps/test_detection_signal_emitter_writes_l4a.py::PlaceholderTest::test_placeholder_3
FAILED tests/unit/consolidated/unit_min_deps/test_determinism_closure.py::PlaceholderTest::test_placeholder_3
FAILED tests/unit/consolidated/unit_min_deps/test_determinism_digest.py::PlaceholderTest::test_placeholder_3
FAILED tests/unit/consolidated/unit_min_deps/test_determinism_util.py::PlaceholderTest::test_placeholder_3
FAILED tests/unit/consolidated/unit_min_deps/test_deterministic_replay.py::PlaceholderTest::test_placeholder_3
FAILED tests/unit/consolidated/unit_min_deps/test_dispatcher_emits_proposal_only.py::PlaceholderTest::test_placeholder_3
FAILED tests/unit/consolidated/unit_min_deps/test_dpo_pair_generator.py::PlaceholderTest::test_placeholder_3
FAILED tests/unit/consolidated/unit_min_deps/test_embedding_artifact_b1.py::PlaceholderTest::test_placeholder_3
FAILED tests/unit/consolidated/unit_min_deps/test_execute_ssot_digest_emission.py::PlaceholderTest::test_placeholder_3
FAILED tests/unit/consolidated/unit_min_deps/test_executiontrace_plan_hash.py::PlaceholderTest::test_placeholder_3
FAILED tests/unit/consolidated/unit_min_deps/test_failure_fingerprinting.py::PlaceholderTest::test_placeholder_3
FAILED tests/unit/consolidated/unit_min_deps/test_failure_signal_normalizer.py::PlaceholderTest::test_placeholder_3
FAILED tests/unit/consolidated/unit_min_deps/test_fire_meta_learning_timestamps.py::PlaceholderTest::test_placeholder_3
FAILED tests/unit/consolidated/unit_min_deps/test_formal_verification.py::test_scanner_coverage
FAILED tests/unit/consolidated/unit_min_deps/test_handshake_state_machine.py::PlaceholderTest::test_placeholder_3
FAILED tests/unit/consolidated/unit_min_deps/test_heal_bug_regressions.py::PlaceholderTest::test_placeholder_3
FAILED tests/unit/consolidated/unit_min_deps/test_healing_confidence_scorer.py::PlaceholderTest::test_placeholder_3
FAILED tests/unit/consolidated/unit_min_deps/test_healing_config_optimizer.py::PlaceholderTest::test_placeholder_3
FAILED tests/unit/consolidated/unit_min_deps/test_healing_config_optimizer_with_patterns.py::PlaceholderTest::test_placeholder_3
FAILED tests/unit/consolidated/unit_min_deps/test_healing_outcome_aggregator.py::PlaceholderTest::test_placeholder_3
FAILED tests/unit/consolidated/unit_min_deps/test_healing_outcome_intake_adapter.py::PlaceholderTest::test_placeholder_3
FAILED tests/unit/consolidated/unit_min_deps/test_import_boundary_contract.py::PlaceholderTest::test_placeholder_3
FAILED tests/unit/consolidated/unit_min_deps/test_import_graph_contract.py::PlaceholderTest::test_placeholder_3
FAILED tests/unit/consolidated/unit_min_deps/test_inspector_mro_contracts.py::TestSubatomicTestingMixinInMRO::test_subatomic_in_mro[DagRuntimeInspectorAgent]
FAILED tests/unit/consolidated/unit_min_deps/test_inspector_mro_contracts.py::TestSubatomicTestingMixinInMRO::test_subatomic_not_direct_base[DagRuntimeInspectorAgent]
FAILED tests/unit/consolidated/unit_min_deps/test_inspector_mro_contracts.py::TestSovereignBaseAgentMRO::test_sovereign_has_subatomic_testing_mixin
FAILED tests/unit/consolidated/unit_min_deps/test_inspector_mro_contracts.py::TestSovereignBaseAgentMRO::test_sovereign_has_config_mixin
FAILED tests/unit/consolidated/unit_min_deps/test_integration_allowlist_contract.py::PlaceholderTest::test_placeholder_3
FAILED tests/unit/consolidated/unit_min_deps/test_l3_orchestrator_paths.py::PlaceholderTest::test_placeholder_3
FAILED tests/unit/consolidated/unit_min_deps/test_l4_audit_reader.py::PlaceholderTest::test_placeholder_3
FAILED tests/unit/consolidated/unit_min_deps/test_l4_state_writer.py::PlaceholderTest::test_placeholder_3
FAILED tests/unit/consolidated/unit_min_deps/test_l4_state_writer_isolation.py::PlaceholderTest::test_placeholder_3
FAILED tests/unit/consolidated/unit_min_deps/test_lineage_validator.py::PlaceholderTest::test_placeholder_3
FAILED tests/unit/consolidated/unit_min_deps/test_llm_workflow_creative.py::PlaceholderTest::test_placeholder_3
FAILED tests/unit/consolidated/unit_min_deps/test_llm_workflow_patterns.py::PlaceholderTest::test_placeholder_3
FAILED tests/unit/consolidated/unit_min_deps/test_marker_registry_contract.py::PlaceholderTest::test_placeholder_3
FAILED tests/unit/consolidated/unit_min_deps/test_meta_learning_embedding_service_b2.py::PlaceholderTest::test_placeholder_3
FAILED tests/unit/consolidated/unit_min_deps/test_meta_learning_intake_wiring.py::PlaceholderTest::test_placeholder_3
FAILED tests/unit/consolidated/unit_min_deps/test_meta_learning_pipeline_wiring.py::PlaceholderTest::test_placeholder_3
FAILED tests/unit/consolidated/unit_min_deps/test_offline_healing_outcome_evaluator.py::PlaceholderTest::test_placeholder_3
FAILED tests/unit/consolidated/unit_min_deps/test_pattern_analysis_engine.py::PlaceholderTest::test_placeholder_3
FAILED tests/unit/consolidated/unit_min_deps/test_pattern_analysis_hardening.py::PlaceholderTest::test_placeholder_3
FAILED tests/unit/consolidated/unit_min_deps/test_performance_envelope.py::PlaceholderTest::test_placeholder_3
FAILED tests/unit/consolidated/unit_min_deps/test_persistent_store.py::PlaceholderTest::test_placeholder_3
FAILED tests/unit/consolidated/unit_min_deps/test_pipeline_factory_imports.py::PlaceholderTest::test_placeholder_3
FAILED tests/unit/consolidated/unit_min_deps/test_pipeline_l4c_warnings.py::PlaceholderTest::test_placeholder_3
FAILED tests/unit/consolidated/unit_min_deps/test_pipeline_step8_real_records.py::PlaceholderTest::test_placeholder_3
FAILED tests/unit/consolidated/unit_min_deps/test_pipeline_step8_window_aggregation.py::PlaceholderTest::test_placeholder_3
FAILED tests/unit/consolidated/unit_min_deps/test_proposal_capture.py::PlaceholderTest::test_placeholder_3
FAILED tests/unit/consolidated/unit_min_deps/test_protected_root_invariant_ast.py::PlaceholderTest::test_placeholder_3
FAILED tests/unit/consolidated/unit_min_deps/test_ptc_write_contract.py::PlaceholderTest::test_placeholder_3
FAILED tests/unit/consolidated/unit_min_deps/test_quarantine_manifest_contract.py::PlaceholderTest::test_placeholder_3
FAILED tests/unit/consolidated/unit_min_deps/test_rca_engine.py::PlaceholderTest::test_placeholder_3
FAILED tests/unit/consolidated/unit_min_deps/test_replay_harness_contracts.py::PlaceholderTest::test_placeholder_3
FAILED tests/unit/consolidated/unit_min_deps/test_replay_validator.py::PlaceholderTest::test_placeholder_3
FAILED tests/unit/consolidated/unit_min_deps/test_replay_validator_b3.py::PlaceholderTest::test_placeholder_3
FAILED tests/unit/consolidated/unit_min_deps/test_resource_predictor.py::PlaceholderTest::test_placeholder_3
FAILED tests/unit/consolidated/unit_min_deps/test_resource_predictor_hardening.py::PlaceholderTest::test_placeholder_3
FAILED tests/unit/consolidated/unit_min_deps/test_risk_correlator.py::PlaceholderTest::test_placeholder_3
FAILED tests/unit/consolidated/unit_min_deps/test_rlhf_optimizer.py::PlaceholderTest::test_placeholder_3
FAILED tests/unit/consolidated/unit_min_deps/test_rollback_refiner.py::PlaceholderTest::test_placeholder_3
FAILED tests/unit/consolidated/unit_min_deps/test_root_hygiene_contract.py::PlaceholderTest::test_placeholder_3
FAILED tests/unit/consolidated/unit_min_deps/test_seed_embedding_pack_b0.py::PlaceholderTest::test_placeholder_3
FAILED tests/unit/consolidated/unit_min_deps/test_shadow_evaluator.py::PlaceholderTest::test_placeholder_3
FAILED tests/unit/consolidated/unit_min_deps/test_shadow_router_classifier.py::PlaceholderTest::test_placeholder_3
FAILED tests/unit/consolidated/unit_min_deps/test_snapshot_determinism.py::PlaceholderTest::test_placeholder_3
FAILED tests/unit/consolidated/unit_min_deps/test_sovereignty_interfaces.py::PlaceholderTest::test_placeholder_3
FAILED tests/unit/consolidated/unit_min_deps/test_spine_cross_app_contract.py::PlaceholderTest::test_placeholder_3
FAILED tests/unit/consolidated/unit_min_deps/test_ssot_mutation_fence.py::PlaceholderTest::test_placeholder_3
FAILED tests/unit/consolidated/unit_min_deps/test_ssot_single_entry_point.py::PlaceholderTest::test_placeholder_3
FAILED tests/unit/consolidated/unit_min_deps/test_static_checks.py::PlaceholderTest::test_placeholder_3
FAILED tests/unit/consolidated/unit_min_deps/test_telemetry_consumer.py::PlaceholderTest::test_placeholder_3
FAILED tests/unit/consolidated/unit_min_deps/test_testpaths_contract.py::PlaceholderTest::test_placeholder_3
FAILED tests/unit/consolidated/unit_min_deps/test_three_tier_convergence.py::PlaceholderTest::test_placeholder_3
FAILED tests/unit/consolidated/unit_min_deps/test_time_shifted_consumption.py::PlaceholderTest::test_placeholder_3
FAILED tests/unit/consolidated/unit_min_deps/test_unsafe_io_enforcement.py::PlaceholderTest::test_placeholder_3
FAILED tests/unit/consolidated/unit_min_deps/test_unsafe_io_subprocess_detector.py::PlaceholderTest::test_placeholder_3
FAILED tests/unit/consolidated/unit_min_deps/test_version_store.py::PlaceholderTest::test_placeholder_3
FAILED tests/unit/consolidated/unit_min_deps/test_vllm_contracts.py::PlaceholderTest::test_placeholder_3
FAILED tests/unit/consolidated/unit_min_deps/test_vllm_replay.py::PlaceholderTest::test_placeholder_3
FAILED tests/unit/consolidated/unit_min_deps/test_windsurf_skills_contract.py::PlaceholderTest::test_placeholder_3
FAILED tests/unit/consolidated/unit_min_deps/test_write_gateway_guards.py::PlaceholderTest::test_placeholder_3
FAILED tests/unit/evaluation/test_plan5_evaluation_drift_hardening.py::PlaceholderTest::test_placeholder_3
FAILED tests/unit/knowledge/test_plan3_agentic_rag_hardening.py::PlaceholderTest::test_placeholder_3
FAILED tests/unit/ops_scripts/ci/test_zero_loss_refactor_verifier.py::test_count_behavioral_nodes
FAILED tests/unit/ops_scripts/ci/test_zero_loss_refactor_verifier.py::test_count_behavioral_nodes_empty
FAILED tests/unit/ops_scripts/ci/test_zero_loss_refactor_verifier.py::test_count_behavioral_nodes_only_boilerplate
FAILED tests/unit/ops_scripts/ci/test_zero_loss_refactor_verifier.py::test_check_file_neutered_became_hollow
FAILED tests/unit/ops_scripts/ci/test_zero_loss_refactor_verifier.py::test_check_file_neutered_not_neutered
FAILED tests/unit/ops_scripts/ci/test_zero_loss_refactor_verifier.py::test_check_file_neutered_was_always_hollow
FAILED tests/unit/ops_scripts/ci/test_zero_loss_refactor_verifier.py::test_check_files_neutered
FAILED tests/unit/prompt_governance/test_prompt_governance_coverage.py::PlaceholderTest::test_placeholder_3
FAILED tests/unit/prompt_governance/test_template_wiring.py::PlaceholderTest::test_placeholder_3
FAILED tests/unit/system_learning/adapters/test_system_learning_memory_bridge.py::test_module_importable
FAILED tests/unit/system_learning/engines/test_healing_success_rate_store.py::test_module_importable
FAILED tests/unit/system_learning/engines/test_hitl_decision_logger.py::test_module_importable
FAILED tests/unit/system_learning/engines/test_local_faiss_store.py::test_module_importable
FAILED tests/unit/system_learning/engines/test_retrieval_profile.py::test_module_importable
FAILED tests/unit/system_learning/ports/test_healing_outcome_intake_store.py::test_module_importable
FAILED tests/unit/system_learning/ports/test_meta_prior_provider.py::test_module_importable
FAILED tests/unit/system_learning/ports/test_scoring_report_store_adg.py::TestScoringReportStore::test_importable
FAILED tests/unit/system_learning/ports/test_scoring_report_store_adg.py::TestScoringReportStore::test_has_write
FAILED tests/unit/system_learning/test_stage_barrier_enforcement.py::TestStageBarrierEnforcement::test_stage_barrier_enforcement_imports
FAILED tests/unit/system_learning/test_stage_barrier_enforcement.py::TestStageBarrierEnforcement::test_stage_barrier_enforcement_class
FAILED tests/unit/system_learning/test_stage_barrier_enforcement.py::TestStageBarrierEnforcement::test_stage_barrier_enforcement_callable
FAILED tests/unit/system_learning/types/test_app_signal_types.py::test_module_importable
FAILED tests/unit/system_learning/types/test_apply_attempt_types.py::test_module_importable
FAILED tests/unit/system_learning/types/test_healing_outcome_intake_types.py::test_module_importable
FAILED tests/unit/system_learning/types/test_healing_outcome_learning_types.py::test_module_importable
FAILED tests/unit/system_learning/types/test_healing_outcome_scoring_types.py::test_module_importable
FAILED tests/unit/system_learning/types/test_healing_outcome_types.py::test_module_importable
FAILED tests/unit/system_learning/types/test_index_build_metadata_types.py::test_module_importable
FAILED tests/unit/system_learning/types/test_meta_learning_types.py::test_module_importable
FAILED tests/unit/system_learning/types/test_rollout_types.py::test_module_importable
FAILED tests/unit/system_learning/types/test_telemetry_types_adg.py::TestTelemetryTypesAdg::test_telemetry_types_adg_imports
FAILED tests/unit/system_learning/types/test_telemetry_types_adg.py::TestTelemetryTypesAdg::test_telemetry_types_adg_class
FAILED tests/unit/system_learning/types/test_telemetry_types_adg.py::TestTelemetryTypesAdg::test_telemetry_types_adg_callable
FAILED tests/unit/system_learning/types/test_types_init_adg.py::TestTypesInitAdg::test_types_init_adg_imports
FAILED tests/unit/system_learning/types/test_types_init_adg.py::TestTypesInitAdg::test_types_init_adg_class
FAILED tests/unit/system_learning/types/test_types_init_adg.py::TestTypesInitAdg::test_types_init_adg_callable
FAILED tests/unit/test_adg_antipattern_detection.py::TestAdgAntipatternDetection::test_adg_antipattern_imports
FAILED tests/unit/test_adg_antipattern_detection.py::TestAdgAntipatternDetection::test_antipattern_detector_class
FAILED tests/unit/test_adg_antipattern_detection.py::TestAdgAntipatternDetection::test_detect_antipatterns_function
FAILED tests/unit/test_adg_artifact_builder.py::TestAdgCliCommands::test_adg_cli_imports
FAILED tests/unit/test_adg_artifact_builder.py::TestAdgCliCommands::test_cli_command_class
FAILED tests/unit/test_adg_artifact_builder.py::TestAdgCliCommands::test_execute_cli_command
FAILED tests/unit/test_adg_cli_commands.py::TestAdgCliCommands::test_adg_cli_imports
FAILED tests/unit/test_adg_cli_commands.py::TestAdgCliCommands::test_cli_command_class
FAILED tests/unit/test_adg_cli_commands.py::TestAdgCliCommands::test_execute_cli_command
FAILED tests/unit/test_adg_exception_hardening_e2e.py::TestAdgExceptionHardeningE2E::test_exception_hardening_imports
FAILED tests/unit/test_adg_exception_hardening_e2e.py::TestAdgExceptionHardeningE2E::test_exception_hardening_runner
FAILED tests/unit/test_adg_exception_hardening_e2e.py::TestAdgExceptionHardeningE2E::test_run_exception_tests
FAILED tests/unit/test_adg_identity_normalizer.py::TestAdgIdentityNormalizer::test_identity_normalizer_imports
FAILED tests/unit/test_adg_identity_normalizer.py::TestAdgIdentityNormalizer::test_identity_normalizer_class
FAILED tests/unit/test_adg_identity_normalizer.py::TestAdgIdentityNormalizer::test_normalize_identity
FAILED tests/unit/test_adg_insight_cli.py::TestAdgInsightCli::test_adg_insight_imports
FAILED tests/unit/test_adg_insight_cli.py::TestAdgInsightCli::test_insight_cli_class
FAILED tests/unit/test_adg_insight_cli.py::TestAdgInsightCli::test_run_insight_cli
FAILED tests/unit/test_adg_runtime_acceleration.py::TestAdgRuntimeAcceleration::test_runtime_acceleration_imports
FAILED tests/unit/test_adg_runtime_acceleration.py::TestAdgRuntimeAcceleration::test_runtime_accelerator_class
FAILED tests/unit/test_adg_runtime_acceleration.py::TestAdgRuntimeAcceleration::test_accelerate_runtime
FAILED tests/unit/test_agent_id_contracts.py::TestAgentIdContracts::test_agent_id_contracts_imports
FAILED tests/unit/test_agent_id_contracts.py::TestAgentIdContracts::test_agent_id_contract_class
FAILED tests/unit/test_agent_id_contracts.py::TestAgentIdContracts::test_validate_agent_id
FAILED tests/unit/test_ai_checking_ai_hardenings.py::TestAiCheckingAiHardenings::test_ai_checking_imports
FAILED tests/unit/test_ai_checking_ai_hardenings.py::TestAiCheckingAiHardenings::test_ai_checker_class
FAILED tests/unit/test_ai_checking_ai_hardenings.py::TestAiCheckingAiHardenings::test_run_ai_checks
FAILED tests/unit/test_app_signal_aggregation.py::TestAppSignalAggregation::test_signal_aggregation_imports
FAILED tests/unit/test_app_signal_aggregation.py::TestAppSignalAggregation::test_signal_aggregator_class
FAILED tests/unit/test_app_signal_aggregation.py::TestAppSignalAggregation::test_aggregate_signals
FAILED tests/unit/test_apps_taxonomy_guard.py::TestAppsTaxonomyGuard::test_taxonomy_guard_imports
FAILED tests/unit/test_apps_taxonomy_guard.py::TestAppsTaxonomyGuard::test_taxonomy_guard_class
FAILED tests/unit/test_apps_taxonomy_guard.py::TestAppsTaxonomyGuard::test_validate_taxonomy
FAILED tests/unit/test_assembly_stage.py::TestAssemblyStage::test_assembly_stage_imports
FAILED tests/unit/test_assembly_stage.py::TestAssemblyStage::test_assembly_stage_class
FAILED tests/unit/test_assembly_stage.py::TestAssemblyStage::test_validate_stage
FAILED tests/unit/test_ast_extraction.py::TestAstExtraction::test_ast_extraction_imports
FAILED tests/unit/test_ast_extraction.py::TestAstExtraction::test_ast_extractor_class
FAILED tests/unit/test_ast_extraction.py::TestAstExtraction::test_extract_ast
FAILED tests/unit/test_authority_hardening.py::TestAuthorityHardening::test_authority_hardening_imports
FAILED tests/unit/test_authority_hardening.py::TestAuthorityHardening::test_authority_hardening_class
FAILED tests/unit/test_authority_hardening.py::TestAuthorityHardening::test_harden_authority
FAILED tests/unit/test_blackboard_store.py::TestBlackboardStore::test_blackboard_store_imports
FAILED tests/unit/test_blackboard_store.py::TestBlackboardStore::test_blackboard_store_class
FAILED tests/unit/test_blackboard_store.py::TestBlackboardStore::test_store_blackboard
FAILED tests/unit/test_brand_compliance_agent.py::TestBrandComplianceAgent::test_brand_compliance_agent_imports
FAILED tests/unit/test_brand_compliance_agent.py::TestBrandComplianceAgent::test_brand_compliance_agent_class
FAILED tests/unit/test_brand_compliance_agent.py::TestBrandComplianceAgent::test_brand_compliance_agent_instantiation
FAILED tests/unit/test_brand_compliance_agent.py::TestBrandComplianceAgent::test_brand_compliance_agent_execute
FAILED tests/unit/test_campaign_planner_agent.py::TestCampaignPlannerAgent::test_class_exists
FAILED tests/unit/test_campaign_planner_agent.py::TestCampaignPlannerAgent::test_inherits_from_r_g_agent_base
FAILED tests/unit/test_campaign_planner_agent.py::TestCampaignPlannerAgent::test_has_post_init_method
FAILED tests/unit/test_campaign_planner_agent.py::TestCampaignPlannerAgent::test_has_generate_strategy_method
FAILED tests/unit/test_capability_contracts.py::TestCapabilityContracts::test_capability_contracts_imports
FAILED tests/unit/test_capability_contracts.py::TestCapabilityContracts::test_capability_contract_class
FAILED tests/unit/test_capability_contracts.py::TestCapabilityContracts::test_validate_capability
FAILED tests/unit/test_change_impact_engine.py::TestChangeImpactEngine::test_change_impact_imports
FAILED tests/unit/test_change_impact_engine.py::TestChangeImpactEngine::test_change_impact_engine_class
FAILED tests/unit/test_change_impact_engine.py::TestChangeImpactEngine::test_analyze_change_impact
FAILED tests/unit/test_cid_registry.py::TestCidRegistry::test_register_cid - ...
FAILED tests/unit/test_citation_bundle_model.py::TestCitationBundleModel::test_citation_bundle_imports
FAILED tests/unit/test_citation_bundle_model.py::TestCitationBundleModel::test_citation_bundle_class
FAILED tests/unit/test_citation_bundle_model.py::TestCitationBundleModel::test_validate_citation_bundle
FAILED tests/unit/test_citation_enforcement.py::TestCitationEnforcement::test_citation_enforcement_imports
FAILED tests/unit/test_citation_enforcement.py::TestCitationEnforcement::test_citation_enforcement_class
FAILED tests/unit/test_citation_enforcement.py::TestCitationEnforcement::test_citation_enforcement_callable
FAILED tests/unit/test_conf_calib_gate.py::TestConfCalibGate::test_conf_calib_gate_imports
FAILED tests/unit/test_conf_calib_gate.py::TestConfCalibGate::test_conf_calib_gate_class
FAILED tests/unit/test_conf_calib_gate.py::TestConfCalibGate::test_conf_calib_gate_callable
FAILED tests/unit/test_d0_injection_engine.py::TestD0InjectionEngine::test_d0_injection_engine_imports
FAILED tests/unit/test_d0_injection_engine.py::TestD0InjectionEngine::test_d0_injection_engine_class
FAILED tests/unit/test_d0_injection_engine.py::TestD0InjectionEngine::test_d0_injection_engine_callable
FAILED tests/unit/test_detection_signal.py::TestDetectionSignal::test_detection_signal_imports
FAILED tests/unit/test_detection_signal.py::TestDetectionSignal::test_detection_signal_class
FAILED tests/unit/test_detection_signal.py::TestDetectionSignal::test_detection_signal_callable
FAILED tests/unit/test_deterministic_providers.py::TestDeterministicProviders::test_deterministic_providers_imports
FAILED tests/unit/test_deterministic_providers.py::TestDeterministicProviders::test_deterministic_providers_class
FAILED tests/unit/test_deterministic_providers.py::TestDeterministicProviders::test_deterministic_providers_callable
FAILED tests/unit/test_discovery_canonical_identity.py::TestDiscoveryCanonicalIdentity::test_discovery_canonical_identity_imports
FAILED tests/unit/test_discovery_canonical_identity.py::TestDiscoveryCanonicalIdentity::test_discovery_canonical_identity_class
FAILED tests/unit/test_discovery_canonical_identity.py::TestDiscoveryCanonicalIdentity::test_discovery_canonical_identity_callable
FAILED tests/unit/test_drift_diff.py::TestDriftDiff::test_drift_diff_imports
FAILED tests/unit/test_drift_diff.py::TestDriftDiff::test_drift_diff_class - ...
FAILED tests/unit/test_drift_diff.py::TestDriftDiff::test_drift_diff_callable
FAILED tests/unit/test_environment.py::TestEnvironment::test_environment_imports
FAILED tests/unit/test_environment.py::TestEnvironment::test_environment_class
FAILED tests/unit/test_environment.py::TestEnvironment::test_environment_callable
FAILED tests/unit/test_execute_ssot_integration.py::TestExecuteSsotModuleImports::test_emitters_are_callable
FAILED tests/unit/test_execute_ssot_integration.py::TestExecuteSsotEmitterSpyPattern::test_emitters_log_to_trace_contract
FAILED tests/unit/test_execute_ssot_integration.py::TestExecuteSsotEmitterSpyPattern::test_emitter_produces_deterministic_output
FAILED tests/unit/test_execute_ssot_integration.py::TestExecuteSsotMetaLearningIntakeReal::test_fire_meta_learning_intake_integration_or_skip
FAILED tests/unit/test_execute_ssot_integration.py::TestExecuteSsotRetrievalHooks::test_retrieval_profile_manager_import
FAILED tests/unit/test_execute_ssot_integration.py::TestExecuteSsotRetrievalHooks::test_semantic_cache_query_capability
FAILED tests/unit/test_execute_ssot_integration.py::TestExecuteSsotEntrypoint::test_entrypoint_imports_execute_ssot
FAILED tests/unit/test_execute_ssot_integration.py::TestExecuteSsotEntrypoint::test_entrypoint_has_main_function
FAILED tests/unit/test_execution_orchestrator.py::TestExecutionOrchestrator::test_execution_orchestrator_imports
FAILED tests/unit/test_execution_orchestrator.py::TestExecutionOrchestrator::test_execution_orchestrator_class
FAILED tests/unit/test_execution_orchestrator.py::TestExecutionOrchestrator::test_execution_orchestrator_callable
FAILED tests/unit/test_fix_high_severity_silent_swallowers_phase21.py::TestHighSeveritySilentSwallowerFixerPhase21::test_missing_file_paths
FAILED tests/unit/test_fix_high_severity_silent_swallowers_phase21.py::TestHighSeveritySilentSwallowerFixerPhase21::test_permission_denied_files
FAILED tests/unit/test_fix_high_severity_silent_swallowers_phase21.py::TestHighSeveritySilentSwallowerFixerPhase21::test_unicode_file_names
FAILED tests/unit/test_fix_high_severity_silent_swallowers_phase21.py::TestHighSeveritySilentSwallowerFixerPhase21::test_deterministic_fixes
FAILED tests/unit/test_fix_high_severity_silent_swallowers_phase21.py::TestHighSeveritySilentSwallowerFixerPhase21::test_deterministic_violation_processing
FAILED tests/unit/test_fix_high_severity_silent_swallowers_phase21.py::TestHighSeveritySilentSwallowerFixerPhase21::test_invalid_file_paths_blocked
FAILED tests/unit/test_fix_high_severity_silent_swallowers_phase21.py::TestHighSeveritySilentSwallowerFixerPhase21::test_permission_errors_handled_gracefully
FAILED tests/unit/test_fix_high_severity_silent_swallowers_phase21.py::TestHighSeveritySilentSwallowerFixerPhase21::test_no_partial_modifications_on_error
FAILED tests/unit/test_fix_high_severity_silent_swallowers_phase21.py::TestHighSeveritySilentSwallowerFixerPhase21::test_generate_systematic_fix_report
FAILED tests/unit/test_fix_high_severity_silent_swallowers_phase21.py::TestPhase21Integration::test_end_to_end_phase21_fixes
FAILED tests/unit/test_gap_closure_architect_agent.py::TestGapClosureArchitectAgent::test_class_exists
FAILED tests/unit/test_gap_closure_architect_agent.py::TestGapClosureArchitectAgent::test_inherits_from_subatomic_testing_mixin
FAILED tests/unit/test_guardian_prioritizer.py::TestGuardianPrioritizer::test_guardian_prioritizer_imports
FAILED tests/unit/test_guardian_prioritizer.py::TestGuardianPrioritizer::test_guardian_prioritizer_class
FAILED tests/unit/test_guardian_prioritizer.py::TestGuardianPrioritizer::test_guardian_prioritizer_callable
FAILED tests/unit/test_healer_gate.py::TestHealerGate::test_healer_gate_imports
FAILED tests/unit/test_healer_gate.py::TestHealerGate::test_healer_gate_class
FAILED tests/unit/test_healer_gate.py::TestHealerGate::test_healer_gate_callable
FAILED tests/unit/test_hitl_gates.py::TestHitlGates::test_hitl_gates_imports
FAILED tests/unit/test_hitl_gates.py::TestHitlGates::test_hitl_gates_class - ...
FAILED tests/unit/test_hitl_gates.py::TestHitlGates::test_hitl_gates_callable
FAILED tests/unit/test_inspection_capability_dedup_regression.py::TestInspectionCapabilityDedupRegression::test_inspection_capability_dedup_regression_imports
FAILED tests/unit/test_inspection_capability_dedup_regression.py::TestInspectionCapabilityDedupRegression::test_inspection_capability_dedup_regression_class
FAILED tests/unit/test_inspection_capability_dedup_regression.py::TestInspectionCapabilityDedupRegression::test_inspection_capability_dedup_regression_callable
FAILED tests/unit/test_integration_config.py::TestIntegrationConfig::test_integration_config_imports
FAILED tests/unit/test_integration_config.py::TestIntegrationConfig::test_integration_config_class
FAILED tests/unit/test_integration_config.py::TestIntegrationConfig::test_integration_config_callable
FAILED tests/unit/test_integration_layer.py::TestIntegrationLayer::test_integration_layer_imports
FAILED tests/unit/test_integration_layer.py::TestIntegrationLayer::test_integration_layer_class
FAILED tests/unit/test_integration_layer.py::TestIntegrationLayer::test_integration_layer_callable
FAILED tests/unit/test_l1_purity_enforcement.py::test_l1_no_mutation_imports[file_path40]
FAILED tests/unit/test_l1_purity_enforcement.py::test_l1_no_mutation_imports[file_path114]
FAILED tests/unit/test_l1_purity_enforcement.py::test_l1_no_mutation_imports[file_path115]
FAILED tests/unit/test_l1_purity_enforcement.py::test_l1_no_mutation_imports[file_path132]
FAILED tests/unit/test_l1_purity_enforcement.py::test_l1_no_mutation_imports[file_path133]
FAILED tests/unit/test_l1_purity_enforcement.py::test_l1_import_audit_summary
FAILED tests/unit/test_l4_state_agent_inventory_contract.py::TestL4StateAgentInventoryContract::test_l4_state_agent_inventory_contract_imports
FAILED tests/unit/test_l4_state_agent_inventory_contract.py::TestL4StateAgentInventoryContract::test_l4_state_agent_inventory_contract_class
FAILED tests/unit/test_l4_state_agent_inventory_contract.py::TestL4StateAgentInventoryContract::test_l4_state_agent_inventory_contract_callable
FAILED tests/unit/test_l4_state_lifecycle.py::TestL4StateLifecycle::test_l4_state_lifecycle_imports
FAILED tests/unit/test_l4_state_lifecycle.py::TestL4StateLifecycle::test_l4_state_lifecycle_class
FAILED tests/unit/test_l4_state_lifecycle.py::TestL4StateLifecycle::test_l4_state_lifecycle_callable
FAILED tests/unit/test_l4_violation_persistence.py::TestL4ViolationPersistence::test_l4_violation_persistence_imports
FAILED tests/unit/test_l4_violation_persistence.py::TestL4ViolationPersistence::test_l4_violation_persistence_class
FAILED tests/unit/test_l4_violation_persistence.py::TestL4ViolationPersistence::test_l4_violation_persistence_callable
FAILED tests/unit/test_l6_agent_inventory_contract.py::TestL6AgentInventoryContract::test_l6_agent_inventory_contract_imports
FAILED tests/unit/test_l6_agent_inventory_contract.py::TestL6AgentInventoryContract::test_l6_agent_inventory_contract_class
FAILED tests/unit/test_l6_agent_inventory_contract.py::TestL6AgentInventoryContract::test_l6_agent_inventory_contract_callable
FAILED tests/unit/test_manager_routing.py::TestManagerRouting::test_manager_routing_imports
FAILED tests/unit/test_manager_routing.py::TestManagerRouting::test_manager_routing_class
FAILED tests/unit/test_manager_routing.py::TestManagerRouting::test_manager_routing_callable
FAILED tests/unit/test_meta_learning_bridge.py::TestMetaLearningBridge::test_meta_learning_bridge_imports
FAILED tests/unit/test_meta_learning_bridge.py::TestMetaLearningBridge::test_meta_learning_bridge_class
FAILED tests/unit/test_meta_learning_bridge.py::TestMetaLearningBridge::test_meta_learning_bridge_callable
FAILED tests/unit/test_meta_learning_bus.py::TestMetaLearningBus::test_meta_learning_bus_imports
FAILED tests/unit/test_meta_learning_bus.py::TestMetaLearningBus::test_meta_learning_bus_class
FAILED tests/unit/test_meta_learning_bus.py::TestMetaLearningBus::test_meta_learning_bus_callable
FAILED tests/unit/test_meta_learning_contract.py::TestMetaLearningContract::test_meta_learning_contract_imports
FAILED tests/unit/test_meta_learning_contract.py::TestMetaLearningContract::test_meta_learning_contract_class
FAILED tests/unit/test_meta_learning_contract.py::TestMetaLearningContract::test_meta_learning_contract_callable
FAILED tests/unit/test_meta_learning_pipeline.py::TestMetaLearningPipeline::test_meta_learning_pipeline_imports
FAILED tests/unit/test_meta_learning_pipeline.py::TestMetaLearningPipeline::test_meta_learning_pipeline_class
FAILED tests/unit/test_meta_learning_pipeline.py::TestMetaLearningPipeline::test_meta_learning_pipeline_callable
FAILED tests/unit/test_meta_learning_rollout.py::TestMetaLearningRollout::test_meta_learning_rollout_imports
FAILED tests/unit/test_meta_learning_rollout.py::TestMetaLearningRollout::test_meta_learning_rollout_class
FAILED tests/unit/test_meta_learning_rollout.py::TestMetaLearningRollout::test_meta_learning_rollout_callable
FAILED tests/unit/test_ml_compatibility.py::TestMlCompatibility::test_ml_compatibility_imports
FAILED tests/unit/test_ml_compatibility.py::TestMlCompatibility::test_ml_compatibility_class
FAILED tests/unit/test_ml_compatibility.py::TestMlCompatibility::test_ml_compatibility_callable
FAILED tests/unit/test_ml_end_to_end_envelope.py::TestMlEndToEndEnvelope::test_ml_end_to_end_envelope_imports
FAILED tests/unit/test_ml_end_to_end_envelope.py::TestMlEndToEndEnvelope::test_ml_end_to_end_envelope_class
FAILED tests/unit/test_ml_end_to_end_envelope.py::TestMlEndToEndEnvelope::test_ml_end_to_end_envelope_callable
FAILED tests/unit/test_ml_write_envelope.py::TestMlWriteEnvelope::test_ml_write_envelope_imports
FAILED tests/unit/test_ml_write_envelope.py::TestMlWriteEnvelope::test_ml_write_envelope_class
FAILED tests/unit/test_ml_write_envelope.py::TestMlWriteEnvelope::test_ml_write_envelope_callable
FAILED tests/unit/test_nested_lcd_detection_hook.py::TestNestedLcdDetectionHook::test_nested_lcd_detection_hook_imports
FAILED tests/unit/test_nested_lcd_detection_hook.py::TestNestedLcdDetectionHook::test_nested_lcd_detection_hook_class
FAILED tests/unit/test_nested_lcd_detection_hook.py::TestNestedLcdDetectionHook::test_nested_lcd_detection_hook_callable
FAILED tests/unit/test_nested_lcd_prevention.py::TestNestedLcdPrevention::test_nested_lcd_prevention_imports
FAILED tests/unit/test_nested_lcd_prevention.py::TestNestedLcdPrevention::test_nested_lcd_prevention_class
FAILED tests/unit/test_nested_lcd_prevention.py::TestNestedLcdPrevention::test_nested_lcd_prevention_callable
FAILED tests/unit/test_offline_replay_golden.py::TestOfflineReplayGolden::test_offline_replay_golden_imports
FAILED tests/unit/test_offline_replay_golden.py::TestOfflineReplayGolden::test_offline_replay_golden_class
FAILED tests/unit/test_offline_replay_golden.py::TestOfflineReplayGolden::test_offline_replay_golden_callable
FAILED tests/unit/test_outcome_logger.py::TestOutcomeLogger::test_outcome_logger_initialization
FAILED tests/unit/test_outcome_logger.py::TestOutcomeLogger::test_log_outcome_records_event
FAILED tests/unit/test_outcome_logger.py::TestOutcomeLogger::test_get_outcomes_returns_copy
FAILED tests/unit/test_outcome_logger.py::TestOutcomeLogger::test_multiple_outcomes_ordered
FAILED tests/unit/test_outcome_logger.py::TestOutcomeLogger::test_clear_outcomes
FAILED tests/unit/test_path_router.py::TestPathRouter::test_empty_check_ids_selects_path_a
FAILED tests/unit/test_path_router.py::TestPathRouter::test_sanitized_payload_selects_path_b
FAILED tests/unit/test_path_router.py::TestPathRouter::test_single_check_id_selects_path_c
FAILED tests/unit/test_path_router.py::TestPathRouter::test_multiple_check_ids_selects_path_d
FAILED tests/unit/test_path_router.py::TestPathRouter::test_deterministic_selection_identical_payloads
FAILED tests/unit/test_path_router.py::TestPathRouter::test_priority_order_empty_check_ids_overrides_sanitized
FAILED tests/unit/test_path_router.py::TestPathRouter::test_priority_order_sanitized_over_single_check_id
FAILED tests/unit/test_path_router.py::TestElevatorShaftSeam::test_load_context_jit_returns_empty_dict
FAILED tests/unit/test_path_router.py::TestElevatorShaftSeam::test_seam_has_no_routing_logic
FAILED tests/unit/test_proactive_agent.py::TestProactiveAgent::test_class_exists
FAILED tests/unit/test_proactive_agent.py::TestProactiveAgent::test_inherits_from_r_g_agent_base
FAILED tests/unit/test_proactive_agent.py::TestProactiveAgent::test_has_post_init_method
FAILED tests/unit/test_proactive_agent.py::TestProactiveAgent::test_has_record_result_method
FAILED tests/unit/test_proactive_agent.py::TestProactiveAgent::test_has_add_signal_method
FAILED tests/unit/test_prompt_evaluation_corpus.py::TestPromptEvaluationCorpus::test_prompt_evaluation_corpus_imports
FAILED tests/unit/test_prompt_evaluation_corpus.py::TestPromptEvaluationCorpus::test_prompt_evaluation_corpus_class
FAILED tests/unit/test_prompt_evaluation_corpus.py::TestPromptEvaluationCorpus::test_prompt_evaluation_corpus_callable
FAILED tests/unit/test_prompt_version_store.py::TestPromptVersionStore::test_prompt_version_store_imports
FAILED tests/unit/test_prompt_version_store.py::TestPromptVersionStore::test_prompt_version_store_class
FAILED tests/unit/test_prompt_version_store.py::TestPromptVersionStore::test_prompt_version_store_callable
FAILED tests/unit/test_rag_import_contract.py::TestRagImportContract::test_rag_import_contract_imports
FAILED tests/unit/test_rag_import_contract.py::TestRagImportContract::test_rag_import_contract_class
FAILED tests/unit/test_rag_import_contract.py::TestRagImportContract::test_rag_import_contract_callable
FAILED tests/unit/test_readonly_scope.py::TestReadonlyScope::test_readonly_scope_imports
FAILED tests/unit/test_readonly_scope.py::TestReadonlyScope::test_readonly_scope_class
FAILED tests/unit/test_readonly_scope.py::TestReadonlyScope::test_readonly_scope_callable
FAILED tests/unit/test_red_sentinel_agent_agents.py::TestRedSentinelAgentAgents::test_red_sentinel_agent_agents_imports
FAILED tests/unit/test_red_sentinel_agent_agents.py::TestRedSentinelAgentAgents::test_red_sentinel_agent_agents_class
FAILED tests/unit/test_red_sentinel_agent_agents.py::TestRedSentinelAgentAgents::test_red_sentinel_agent_agents_callable
FAILED tests/unit/test_reentry_loop.py::TestReentryLoop::test_reentry_loop_imports
FAILED tests/unit/test_reentry_loop.py::TestReentryLoop::test_reentry_loop_class
FAILED tests/unit/test_reentry_loop.py::TestReentryLoop::test_reentry_loop_callable
FAILED tests/unit/test_replay_bundle_model.py::TestReplayBundleModel::test_replay_bundle_model_imports
FAILED tests/unit/test_replay_bundle_model.py::TestReplayBundleModel::test_replay_bundle_model_class
FAILED tests/unit/test_replay_bundle_model.py::TestReplayBundleModel::test_replay_bundle_model_callable
FAILED tests/unit/test_replay_guard_mixin.py::TestReplayGuardMixin::test_replay_guard_mixin_imports
FAILED tests/unit/test_replay_guard_mixin.py::TestReplayGuardMixin::test_replay_guard_mixin_class
FAILED tests/unit/test_replay_guard_mixin.py::TestReplayGuardMixin::test_replay_guard_mixin_callable
FAILED tests/unit/test_replay_verifier.py::TestReplayVerifier::test_replay_verifier_imports
FAILED tests/unit/test_replay_verifier.py::TestReplayVerifier::test_replay_verifier_class
FAILED tests/unit/test_replay_verifier.py::TestReplayVerifier::test_replay_verifier_callable
FAILED tests/unit/test_retrieval_anchors.py::TestRetrievalAnchors::test_retrieval_anchors_imports
FAILED tests/unit/test_retrieval_anchors.py::TestRetrievalAnchors::test_retrieval_anchors_class
FAILED tests/unit/test_retrieval_anchors.py::TestRetrievalAnchors::test_retrieval_anchors_callable
FAILED tests/unit/test_retrieval_snapshot.py::TestRetrievalSnapshot::test_retrieval_snapshot_imports
FAILED tests/unit/test_retrieval_snapshot.py::TestRetrievalSnapshot::test_retrieval_snapshot_class
FAILED tests/unit/test_retrieval_snapshot.py::TestRetrievalSnapshot::test_retrieval_snapshot_callable
FAILED tests/unit/test_rg_healing_orchestrator.py::TestRgHealingOrchestratorAgent::test_class_exists
FAILED tests/unit/test_rg_healing_orchestrator.py::TestRgHealingOrchestratorAgent::test_inherits_from_r_g_agent_base
FAILED tests/unit/test_rg_healing_orchestrator.py::TestRgHealingOrchestratorAgent::test_has_post_init_method
FAILED tests/unit/test_rg_reflection_agent.py::TestRgReflectionAgent::test_class_exists
FAILED tests/unit/test_rg_reflection_agent.py::TestRgReflectionAgent::test_inherits_from_r_g_agent_base
FAILED tests/unit/test_rg_reflection_agent.py::TestRgReflectionAgent::test_has_post_init_method
FAILED tests/unit/test_rg_resume_orchestrator.py::TestRgResumeOrchestratorAgent::test_class_exists
FAILED tests/unit/test_rg_resume_orchestrator.py::TestRgResumeOrchestratorAgent::test_inherits_from_r_g_agent_base
FAILED tests/unit/test_rg_resume_orchestrator.py::TestRgResumeOrchestratorAgent::test_has_post_init_method
FAILED tests/unit/test_rg_strategic_planner_agent.py::TestRgStrategicPlannerAgent::test_class_exists
FAILED tests/unit/test_rg_strategic_planner_agent.py::TestRgStrategicPlannerAgent::test_inherits_from_r_g_agent_base
FAILED tests/unit/test_rg_strategic_planner_agent.py::TestRgStrategicPlannerAgent::test_has_post_init_method
FAILED tests/unit/test_rg_template_optimizer_agent.py::TestRgTemplateOptimizerAgent::test_class_exists
FAILED tests/unit/test_rg_template_optimizer_agent.py::TestRgTemplateOptimizerAgent::test_inherits_from_r_g_agent_base
FAILED tests/unit/test_rg_template_optimizer_agent.py::TestRgTemplateOptimizerAgent::test_has_post_init_method
FAILED tests/unit/test_runtime_antipattern_enforcement.py::TestRuntimeAntipatternEnforcement::test_runtime_antipattern_enforcement_imports
FAILED tests/unit/test_runtime_antipattern_enforcement.py::TestRuntimeAntipatternEnforcement::test_runtime_antipattern_enforcement_class
FAILED tests/unit/test_runtime_antipattern_enforcement.py::TestRuntimeAntipatternEnforcement::test_runtime_antipattern_enforcement_callable
FAILED tests/unit/test_runtime_state_digest.py::TestRuntimeStateDigest::test_runtime_state_digest_imports
FAILED tests/unit/test_runtime_state_digest.py::TestRuntimeStateDigest::test_runtime_state_digest_class
FAILED tests/unit/test_runtime_state_digest.py::TestRuntimeStateDigest::test_runtime_state_digest_callable
FAILED tests/unit/test_runtime_state_digest_advanced.py::TestRuntimeStateDigestAdvanced::test_runtime_state_digest_advanced_imports
FAILED tests/unit/test_runtime_state_digest_advanced.py::TestRuntimeStateDigestAdvanced::test_runtime_state_digest_advanced_class
FAILED tests/unit/test_runtime_state_digest_advanced.py::TestRuntimeStateDigestAdvanced::test_runtime_state_digest_advanced_callable
FAILED tests/unit/test_section_balance_agent.py::TestSectionBalanceAgent::test_class_exists
FAILED tests/unit/test_section_balance_agent.py::TestSectionBalanceAgent::test_inherits_from_r_g_agent_base
FAILED tests/unit/test_section_balance_agent.py::TestSectionBalanceAgent::test_has_post_init_method
FAILED tests/unit/test_semantic_cache_deep.py::TestSemanticCacheDeep::test_semantic_cache_deep_imports
FAILED tests/unit/test_semantic_cache_deep.py::TestSemanticCacheDeep::test_semantic_cache_deep_class
FAILED tests/unit/test_semantic_cache_deep.py::TestSemanticCacheDeep::test_semantic_cache_deep_callable
FAILED tests/unit/test_semantic_cache_mixin.py::TestSemanticCacheMixin::test_semantic_cache_mixin_imports
FAILED tests/unit/test_semantic_cache_mixin.py::TestSemanticCacheMixin::test_semantic_cache_mixin_class
FAILED tests/unit/test_semantic_cache_mixin.py::TestSemanticCacheMixin::test_semantic_cache_mixin_callable
FAILED tests/unit/test_semantic_cache_redis_hardening.py::TestSemanticCacheRedisHardening::test_semantic_cache_redis_hardening_imports
FAILED tests/unit/test_semantic_cache_redis_hardening.py::TestSemanticCacheRedisHardening::test_semantic_cache_redis_hardening_class
FAILED tests/unit/test_semantic_cache_redis_hardening.py::TestSemanticCacheRedisHardening::test_semantic_cache_redis_hardening_callable
FAILED tests/unit/test_spine_adapter_wiring.py::TestSpineAdapterWiring::test_spine_adapter_wiring_imports
FAILED tests/unit/test_spine_adapter_wiring.py::TestSpineAdapterWiring::test_spine_adapter_wiring_class
FAILED tests/unit/test_spine_adapter_wiring.py::TestSpineAdapterWiring::test_spine_adapter_wiring_callable
FAILED tests/unit/test_ssot_audit_trail_mixin.py::TestSsotAuditTrailMixin::test_ssot_audit_trail_mixin_imports
FAILED tests/unit/test_ssot_audit_trail_mixin.py::TestSsotAuditTrailMixin::test_ssot_audit_trail_mixin_class
FAILED tests/unit/test_ssot_audit_trail_mixin.py::TestSsotAuditTrailMixin::test_ssot_audit_trail_mixin_callable
FAILED tests/unit/test_ssot_mixin_integration.py::TestSsotMixinIntegration::test_ssot_mixin_integration_imports
FAILED tests/unit/test_ssot_mixin_integration.py::TestSsotMixinIntegration::test_ssot_mixin_integration_class
FAILED tests/unit/test_ssot_mixin_integration.py::TestSsotMixinIntegration::test_ssot_mixin_integration_callable
FAILED tests/unit/test_ssot_mixin_stack.py::TestSsotMixinStack::test_ssot_mixin_stack_imports
FAILED tests/unit/test_ssot_mixin_stack.py::TestSsotMixinStack::test_ssot_mixin_stack_class
FAILED tests/unit/test_ssot_mixin_stack.py::TestSsotMixinStack::test_ssot_mixin_stack_callable
FAILED tests/unit/test_syntax_error_handling.py::TestSyntaxErrorHandling::test_syntax_error_handling_imports
FAILED tests/unit/test_syntax_error_handling.py::TestSyntaxErrorHandling::test_syntax_error_handling_class
FAILED tests/unit/test_syntax_error_handling.py::TestSyntaxErrorHandling::test_syntax_error_handling_callable
FAILED tests/unit/test_telemetry_emitter.py::TestTelemetryEmitter::test_telemetry_emitter_imports
FAILED tests/unit/test_telemetry_emitter.py::TestTelemetryEmitter::test_telemetry_emitter_class
FAILED tests/unit/test_telemetry_emitter.py::TestTelemetryEmitter::test_telemetry_emitter_callable
FAILED tests/unit/test_telemetry_recorder.py::TestTelemetryRecorder::test_telemetry_recorder_imports
FAILED tests/unit/test_telemetry_recorder.py::TestTelemetryRecorder::test_telemetry_recorder_class
FAILED tests/unit/test_telemetry_recorder.py::TestTelemetryRecorder::test_telemetry_recorder_callable
FAILED tests/unit/test_test_coverage_mapper.py::TestCoverageMapper::test_coverage_mapper_imports
FAILED tests/unit/test_test_coverage_mapper.py::TestCoverageMapper::test_coverage_mapper_class
FAILED tests/unit/test_test_coverage_mapper.py::TestCoverageMapper::test_coverage_mapper_callable
FAILED tests/unit/test_tool_executor.py::TestToolExecutor::test_tool_executor_imports
FAILED tests/unit/test_tool_executor.py::TestToolExecutor::test_tool_executor_class
FAILED tests/unit/test_tool_executor.py::TestToolExecutor::test_tool_executor_callable
FAILED tests/unit/test_tool_intent_model.py::TestToolIntentModel::test_tool_intent_model_imports
FAILED tests/unit/test_tool_intent_model.py::TestToolIntentModel::test_tool_intent_model_class
FAILED tests/unit/test_tool_intent_model.py::TestToolIntentModel::test_tool_intent_model_callable
FAILED tests/unit/test_type_classification_agent_wins.py::TestTypeClassificationAgentWins::test_type_classification_agent_wins_imports
FAILED tests/unit/test_type_classification_agent_wins.py::TestTypeClassificationAgentWins::test_type_classification_agent_wins_class
FAILED tests/unit/test_type_classification_agent_wins.py::TestTypeClassificationAgentWins::test_type_classification_agent_wins_callable
FAILED tests/unit/test_unified_agent.py::TestUnifiedAgent::test_unified_agent_imports
FAILED tests/unit/test_unified_agent.py::TestUnifiedAgent::test_unified_agent_class
FAILED tests/unit/test_unified_agent.py::TestUnifiedAgent::test_unified_agent_callable
FAILED tests/unit/test_unified_agent_performance.py::TestUnifiedAgentPerformance::test_unified_agent_performance_imports
FAILED tests/unit/test_unified_agent_performance.py::TestUnifiedAgentPerformance::test_unified_agent_performance_class
FAILED tests/unit/test_unified_agent_performance.py::TestUnifiedAgentPerformance::test_unified_agent_performance_callable
FAILED tests/unit/test_validator_classification_precision.py::TestValidatorClassificationPrecision::test_validator_classification_precision_imports
FAILED tests/unit/test_validator_classification_precision.py::TestValidatorClassificationPrecision::test_validator_classification_precision_class
FAILED tests/unit/test_validator_classification_precision.py::TestValidatorClassificationPrecision::test_validator_classification_precision_callable
FAILED tests/unit/test_versioned_config.py::TestVersionedConfig::test_versioned_config_imports
FAILED tests/unit/test_versioned_config.py::TestVersionedConfig::test_versioned_config_class
FAILED tests/unit/test_versioned_config.py::TestVersionedConfig::test_versioned_config_callable
FAILED tests/unit/test_vigilance_dispatcher.py::TestVigilanceDispatcher::test_vigilance_dispatcher_imports
FAILED tests/unit/test_vigilance_dispatcher.py::TestVigilanceDispatcher::test_vigilance_dispatcher_class
FAILED tests/unit/test_vigilance_dispatcher.py::TestVigilanceDispatcher::test_vigilance_dispatcher_callable
FAILED tests/unit/test_violation_event.py::TestViolationEvent::test_violation_event_imports
FAILED tests/unit/test_violation_event.py::TestViolationEvent::test_violation_event_class
FAILED tests/unit/test_violation_event.py::TestViolationEvent::test_violation_event_callable
ERROR tests/unit/apps_lic/config/test_archetype_indicator_config.py
ERROR tests/unit/apps_lic/reasoning/test_OutreachValidationExecutorAgent.py
ERROR tests/unit/apps_lic/reasoning/test_outreach_learning_agent.py
ERROR tests/unit/apps_lic/utils/test_PIISanitizerSpecialistAgent_util.py
ERROR tests/unit/apps_lic/utils/test_archetype_indicator_util.py
ERROR tests/unit/apps_lic/utils/test_lic_engine_validation_capability_util_adg.py
ERROR tests/unit/apps_rg/config/test_agent_spec_config.py
ERROR tests/unit/apps_rg/utils/test_authenticity_patterns_util.py
ERROR tests/unit/apps_rg/validators/test_regeneration_validator.py
ERROR tests/unit/consolidated/invariants/test_architectural_invariants.py
ERROR tests/unit/agentic_core/L0_routing/scripts/test_cache_data_access_get_info_request_init_util_adg.py::test_module_importable
ERROR tests/unit/agentic_core/L0_routing/scripts/test_cache_data_access_get_info_request_init_util_adg.py::test_module_is_namespace_package
ERROR tests/unit/agentic_core/L0_routing/scripts/test_cache_data_access_init_util_adg.py::test_module_importable
ERROR tests/unit/agentic_core/L0_routing/scripts/test_cache_data_access_init_util_adg.py::test_module_is_namespace_package
ERROR tests/unit/apps_lic/engines/test_control_plane.py::test_get_prompt_happy_path_returns_template_text
ERROR tests/unit/apps_lic/engines/test_control_plane.py::test_get_prompt_failure_path_raises_keyerror_for_unknown_prompt
ERROR tests/unit/apps_lic/engines/test_control_plane.py::test_get_prompt_edge_path_returns_empty_when_knowledge_absent
ERROR tests/unit/apps_lic/engines/test_control_plane.py::test_get_node_config_happy_path_returns_config
ERROR tests/unit/apps_lic/engines/test_control_plane.py::test_get_node_config_edge_path_returns_none_when_knowledge_absent
ERROR tests/unit/apps_lic/engines/test_control_plane.py::test_get_prompt_none_raises_typeerror
ERROR tests/unit/apps_lic/engines/test_control_plane.py::test_get_node_config_none_raises_typeerror
ERROR tests/unit/apps_lic/engines/test_control_plane.py::test_control_plane_evaluate_input_detects_pii
ERROR tests/unit/apps_lic/engines/test_control_plane.py::test_control_plane_evaluate_input_allows_safe_content
= 1286 failed, 4052 passed, 22 skipped, 2 xfailed, 28 warnings, 23 errors in 28.69s =
