2025-12-12 16:15:35,643 - runtime.shared.state.factory - INFO - Initializing atomic state manager with file backend
2025-12-12 16:15:35,643 - runtime.shared.state.atomic_manager - INFO - Initialized FILE backend at: C:\Users\amita\AppData\Local\Temp\tmp96xc3dp9
2025-12-12 16:15:35,643 - runtime.shared.state.factory - INFO - Atomic state manager initialized
2025-12-12 16:15:35,643 - runtime.shared.routing.factory - INFO - Initializing resilient router with default configurations
2025-12-12 16:15:36,190 - runtime.shared.routing.router - ERROR - Failed to initialize executor for Provider.ANTHROPIC: ANTHROPIC_API_KEY environment variable must be set
2025-12-12 16:15:36,695 - runtime.shared.routing.router - ERROR - Failed to initialize executor for Provider.OPENAI: OPENAI_API_KEY environment variable must be set
2025-12-12 16:15:36,695 - runtime.shared.hardened_gemini_executor - ERROR - Failed to initialize hardened Gemini client: API key for google not set. Please set GOOGLE_API_KEY environment variable.
2025-12-12 16:15:36,696 - runtime.shared.routing.router - ERROR - Failed to initialize executor for Provider.GOOGLE: API key for google not set. Please set GOOGLE_API_KEY environment variable.
2025-12-12 16:15:36,696 - runtime.shared.routing.factory - INFO - Router initialized with tiers: ['reasoning_tier', 'speed_tier', 'cost_optimized_tier', 'balanced_tier']
2025-12-12 16:15:36,696 - apps_rg.L3_orchestration.hardened_orchestrator - INFO - Hardened orchestrator initialized with atomic state management
2025-12-12 16:15:36,696 - apps_rg.L3_orchestration.hardened_orchestrator - INFO - Starting hardened workflow execution: test_workflow_001
2025-12-12 16:15:36,696 - runtime.shared.state.atomic_manager - INFO - Attempting to resume workflow: test_workflow_001
2025-12-12 16:15:36,696 - apps_rg.L3_orchestration.hardened_orchestrator - INFO - Starting new workflow: test_workflow_001
2025-12-12 16:15:36,696 - apps_rg.L3_orchestration.hardened_orchestrator - INFO - Executing hop K.1 (1/3)
2025-12-12 16:15:36,696 - apps_rg.L3_orchestration.hardened_orchestrator - INFO - Executing hop K.1 with tier speed_tier
2025-12-12 16:15:36,697 - runtime.shared.state.atomic_manager - INFO - Starting atomic checkpoint for workflow: test_workflow_001
2025-12-12 16:15:36,699 - shared.resilience.telemetry.agentic-workflow - INFO - {"service": "agentic-workflow", "timestamp": 1765574136.6998694, "component": "atomic_state_manager", "operation": "checkpoint", "status": "success", "latency_ms": 2.651214599609375, "metadata": {"workflow_id": "test_workflow_001", "checkpoint_id": "test_workflow_001_1765574136697", "k_node_index": 1}}
2025-12-12 16:15:36,700 - runtime.shared.state.atomic_manager - INFO - Atomic checkpoint complete for test_workflow_001 (K-Node 1) in 2.65ms
2025-12-12 16:15:36,700 - apps_rg.L3_orchestration.hardened_orchestrator - INFO - Checkpointed after hop K.1
2025-12-12 16:15:36,700 - apps_rg.L3_orchestration.hardened_orchestrator - INFO - Hop K.1 completed successfully
2025-12-12 16:15:36,700 - apps_rg.L3_orchestration.hardened_orchestrator - INFO - Executing hop K.4 (2/3)
2025-12-12 16:15:36,700 - apps_rg.L3_orchestration.hardened_orchestrator - INFO - Executing hop K.4 with tier balanced_tier
2025-12-12 16:15:36,700 - runtime.shared.state.atomic_manager - INFO - Starting atomic checkpoint for workflow: test_workflow_001
2025-12-12 16:15:36,703 - shared.resilience.telemetry.agentic-workflow - INFO - {"service": "agentic-workflow", "timestamp": 1765574136.7032013, "component": "atomic_state_manager", "operation": "checkpoint", "status": "success", "latency_ms": 2.6094913482666016, "metadata": {"workflow_id": "test_workflow_001", "checkpoint_id": "test_workflow_001_1765574136700", "k_node_index": 2}}
2025-12-12 16:15:36,703 - runtime.shared.state.atomic_manager - INFO - Atomic checkpoint complete for test_workflow_001 (K-Node 2) in 2.61ms
2025-12-12 16:15:36,703 - apps_rg.L3_orchestration.hardened_orchestrator - INFO - Checkpointed after hop K.4
2025-12-12 16:15:36,703 - apps_rg.L3_orchestration.hardened_orchestrator - INFO - Hop K.4 completed successfully
2025-12-12 16:15:36,703 - apps_rg.L3_orchestration.hardened_orchestrator - INFO - Executing hop K.5 (3/3)
2025-12-12 16:15:36,703 - apps_rg.L3_orchestration.hardened_orchestrator - INFO - Executing hop K.5 with tier balanced_tier
2025-12-12 16:15:36,704 - runtime.shared.state.atomic_manager - INFO - Starting atomic checkpoint for workflow: test_workflow_001
2025-12-12 16:15:36,706 - shared.resilience.telemetry.agentic-workflow - INFO - {"service": "agentic-workflow", "timestamp": 1765574136.7068634, "component": "atomic_state_manager", "operation": "checkpoint", "status": "success", "latency_ms": 2.8142929077148438, "metadata": {"workflow_id": "test_workflow_001", "checkpoint_id": "test_workflow_001_1765574136703", "k_node_index": 3}}
2025-12-12 16:15:36,707 - runtime.shared.state.atomic_manager - INFO - Atomic checkpoint complete for test_workflow_001 (K-Node 3) in 2.81ms
2025-12-12 16:15:36,707 - apps_rg.L3_orchestration.hardened_orchestrator - INFO - Checkpointed after hop K.5
2025-12-12 16:15:36,707 - apps_rg.L3_orchestration.hardened_orchestrator - INFO - Hop K.5 completed successfully
2025-12-12 16:15:36,707 - runtime.shared.state.atomic_manager - INFO - Starting atomic checkpoint for workflow: test_workflow_001
2025-12-12 16:15:36,709 - shared.resilience.telemetry.agentic-workflow - INFO - {"service": "agentic-workflow", "timestamp": 1765574136.7095907, "component": "atomic_state_manager", "operation": "checkpoint", "status": "success", "latency_ms": 2.2313594818115234, "metadata": {"workflow_id": "test_workflow_001", "checkpoint_id": "test_workflow_001_1765574136707", "k_node_index": 3}}
2025-12-12 16:15:36,709 - runtime.shared.state.atomic_manager - INFO - Atomic checkpoint complete for test_workflow_001 (K-Node 3) in 2.23ms
2025-12-12 16:15:36,709 - apps_rg.L3_orchestration.hardened_orchestrator - INFO - Hardened workflow completed with status: COMPLETED (Progress: 100.0%)
============================================================
HARDENED ORCHESTRATOR INTEGRATION TEST SUITE
============================================================

=== Testing Hardened Orchestrator Integration ===

--- Test 1: New Workflow Execution ---
Traceback (most recent call last):
  File "C:\Git\Agentic-Workflow\test_hardened_integration.py", line 375, in main
    await test()
  File "C:\Git\Agentic-Workflow\test_hardened_integration.py", line 137, in test_hardened_orchestrator_integration
    print("\u2713 New workflow completed successfully")
    ~~~~~^^^^^^^^^^^^^^^^^^^^^^^^^^^^^^^^^^^^^^^^^
  File "C:\Users\amita\AppData\Local\Programs\Python\Python313\Lib\encodings\cp1252.py", line 19, in encode
    return codecs.charmap_encode(input,self.errors,encoding_table)[0]
           ~~~~~~~~~~~~~~~~~~~~~^^^^^^^^^^^^^^^^^^^^^^^^^^^^^^^^^^
UnicodeEncodeError: 'charmap' codec can't encode character '\u2713' in position 0: character maps to <undefined>

During handling of the above exception, another exception occurred:

Traceback (most recent call last):
  File "C:\Git\Agentic-Workflow\test_hardened_integration.py", line 404, in <module>
    exit_code = asyncio.run(main())
  File "C:\Users\amita\AppData\Local\Programs\Python\Python313\Lib\asyncio\runners.py", line 195, in run
    return runner.run(main)
           ~~~~~~~~~~^^^^^^
  File "C:\Users\amita\AppData\Local\Programs\Python\Python313\Lib\asyncio\runners.py", line 118, in run
    return self._loop.run_until_complete(task)
           ~~~~~~~~~~~~~~~~~~~~~~~~~~~~~^^^^^^
  File "C:\Users\amita\AppData\Local\Programs\Python\Python313\Lib\asyncio\base_events.py", line 725, in run_until_complete
    return future.result()
           ~~~~~~~~~~~~~^^
  File "C:\Git\Agentic-Workflow\test_hardened_integration.py", line 378, in main
    print(f"\u2717 {test.__name__} failed: {e}")
    ~~~~~^^^^^^^^^^^^^^^^^^^^^^^^^^^^^^^^^^
  File "C:\Users\amita\AppData\Local\Programs\Python\Python313\Lib\encodings\cp1252.py", line 19, in encode
    return codecs.charmap_encode(input,self.errors,encoding_table)[0]
           ~~~~~~~~~~~~~~~~~~~~~^^^^^^^^^^^^^^^^^^^^^^^^^^^^^^^^^^
UnicodeEncodeError: 'charmap' codec can't encode character '\u2717' in position 0: character maps to <undefined>
